Component: ARM Compiler 5.06 update 5 (build 528) Tool: armlink [4d35e2]

==============================================================================

Section Cross References

    startup_stm32h753xx.o(STACK) refers (Special) to heapauxi.o(.text) for __use_two_region_memory
    startup_stm32h753xx.o(HEAP) refers (Special) to heapauxi.o(.text) for __use_two_region_memory
    startup_stm32h753xx.o(RESET) refers (Special) to heapauxi.o(.text) for __use_two_region_memory
    startup_stm32h753xx.o(RESET) refers to startup_stm32h753xx.o(STACK) for __initial_sp
    startup_stm32h753xx.o(RESET) refers to startup_stm32h753xx.o(.text) for Reset_Handler
    startup_stm32h753xx.o(RESET) refers to stm32h7xx_it.o(i.NMI_Handler) for NMI_Handler
    startup_stm32h753xx.o(RESET) refers to stm32h7xx_it.o(i.HardFault_Handler) for HardFault_Handler
    startup_stm32h753xx.o(RESET) refers to stm32h7xx_it.o(i.MemManage_Handler) for MemManage_Handler
    startup_stm32h753xx.o(RESET) refers to stm32h7xx_it.o(i.BusFault_Handler) for BusFault_Handler
    startup_stm32h753xx.o(RESET) refers to stm32h7xx_it.o(i.UsageFault_Handler) for UsageFault_Handler
    startup_stm32h753xx.o(RESET) refers to stm32h7xx_it.o(i.SVC_Handler) for SVC_Handler
    startup_stm32h753xx.o(RESET) refers to stm32h7xx_it.o(i.DebugMon_Handler) for DebugMon_Handler
    startup_stm32h753xx.o(RESET) refers to stm32h7xx_it.o(i.PendSV_Handler) for PendSV_Handler
    startup_stm32h753xx.o(RESET) refers to stm32h7xx_it.o(i.SysTick_Handler) for SysTick_Handler
    startup_stm32h753xx.o(RESET) refers to stm32h7xx_it.o(i.TIM1_UP_IRQHandler) for TIM1_UP_IRQHandler
    startup_stm32h753xx.o(RESET) refers to stm32h7xx_it.o(i.TIM2_IRQHandler) for TIM2_IRQHandler
    startup_stm32h753xx.o(.text) refers (Special) to heapauxi.o(.text) for __use_two_region_memory
    startup_stm32h753xx.o(.text) refers to system_stm32h7xx.o(i.SystemInit) for SystemInit
    startup_stm32h753xx.o(.text) refers to __main.o(!!!main) for __main
    startup_stm32h753xx.o(.text) refers to startup_stm32h753xx.o(HEAP) for Heap_Mem
    startup_stm32h753xx.o(.text) refers to startup_stm32h753xx.o(STACK) for Stack_Mem
    main.o(i.HAL_TIM_PeriodElapsedCallback) refers to mpu6050.o(i.MpuGetData) for MpuGetData
    main.o(i.HAL_TIM_PeriodElapsedCallback) refers to imu.o(i.GetAngle) for GetAngle
    main.o(i.HAL_TIM_PeriodElapsedCallback) refers to stm32h7xx_hal.o(i.HAL_IncTick) for HAL_IncTick
    main.o(i.HAL_TIM_PeriodElapsedCallback) refers to tim.o(.bss) for htim2
    main.o(i.HAL_TIM_PeriodElapsedCallback) refers to init.o(.bss) for Angle
    main.o(i.HAL_TIM_PeriodElapsedCallback) refers to init.o(.bss) for MPU6050
    main.o(i.SystemClock_Config) refers to rt_memclr_w.o(.text) for __aeabi_memclr4
    main.o(i.SystemClock_Config) refers to stm32h7xx_hal_pwr_ex.o(i.HAL_PWREx_ConfigSupply) for HAL_PWREx_ConfigSupply
    main.o(i.SystemClock_Config) refers to stm32h7xx_hal_rcc.o(i.HAL_RCC_OscConfig) for HAL_RCC_OscConfig
    main.o(i.SystemClock_Config) refers to stm32h7xx_hal_rcc.o(i.HAL_RCC_ClockConfig) for HAL_RCC_ClockConfig
    main.o(i.main) refers to stm32h7xx_hal_cortex.o(i.HAL_MPU_Disable) for HAL_MPU_Disable
    main.o(i.main) refers to stm32h7xx_hal_cortex.o(i.HAL_MPU_Enable) for HAL_MPU_Enable
    main.o(i.main) refers to stm32h7xx_hal.o(i.HAL_Init) for HAL_Init
    main.o(i.main) refers to main.o(i.SystemClock_Config) for SystemClock_Config
    main.o(i.main) refers to gpio.o(i.MX_GPIO_Init) for MX_GPIO_Init
    main.o(i.main) refers to i2c.o(i.MX_I2C1_Init) for MX_I2C1_Init
    main.o(i.main) refers to tim.o(i.MX_TIM2_Init) for MX_TIM2_Init
    main.o(i.main) refers to usart.o(i.MX_USART1_UART_Init) for MX_USART1_UART_Init
    main.o(i.main) refers to mpu6050.o(i.MPU_Init) for MPU_Init
    main.o(i.main) refers to stm32h7xx_hal_tim.o(i.HAL_TIM_Base_Start_IT) for HAL_TIM_Base_Start_IT
    main.o(i.main) refers to tim.o(.bss) for htim2
    i2c.o(i.HAL_I2C_MspDeInit) refers to stm32h7xx_hal_gpio.o(i.HAL_GPIO_DeInit) for HAL_GPIO_DeInit
    i2c.o(i.HAL_I2C_MspInit) refers to rt_memclr_w.o(.text) for __aeabi_memclr4
    i2c.o(i.HAL_I2C_MspInit) refers to stm32h7xx_hal_rcc_ex.o(i.HAL_RCCEx_PeriphCLKConfig) for HAL_RCCEx_PeriphCLKConfig
    i2c.o(i.HAL_I2C_MspInit) refers to main.o(i.Error_Handler) for Error_Handler
    i2c.o(i.HAL_I2C_MspInit) refers to stm32h7xx_hal_gpio.o(i.HAL_GPIO_Init) for HAL_GPIO_Init
    i2c.o(i.MX_I2C1_Init) refers to stm32h7xx_hal_i2c.o(i.HAL_I2C_Init) for HAL_I2C_Init
    i2c.o(i.MX_I2C1_Init) refers to main.o(i.Error_Handler) for Error_Handler
    i2c.o(i.MX_I2C1_Init) refers to stm32h7xx_hal_i2c_ex.o(i.HAL_I2CEx_ConfigAnalogFilter) for HAL_I2CEx_ConfigAnalogFilter
    i2c.o(i.MX_I2C1_Init) refers to stm32h7xx_hal_i2c_ex.o(i.HAL_I2CEx_ConfigDigitalFilter) for HAL_I2CEx_ConfigDigitalFilter
    i2c.o(i.MX_I2C1_Init) refers to i2c.o(.bss) for .bss
    tim.o(i.HAL_TIM_Base_MspDeInit) refers to stm32h7xx_hal_cortex.o(i.HAL_NVIC_DisableIRQ) for HAL_NVIC_DisableIRQ
[...]
    __lcnum_c_start                          0x08006754   Data           0  lc_numeric_c.o(locale$$data)
    __lcnum_c_point                          0x08006760   Data           0  lc_numeric_c.o(locale$$data)
    __lcnum_c_thousands                      0x08006762   Data           0  lc_numeric_c.o(locale$$data)
    __lcnum_c_grouping                       0x08006763   Data           0  lc_numeric_c.o(locale$$data)
    __lcnum_c_end                            0x08006764   Data           0  lc_numeric_c.o(locale$$data)
    .data                                    0x24000000   Section       12  stm32h7xx_hal.o(.data)
    .data                                    0x2400000c   Section        8  system_stm32h7xx.o(.data)
    .data                                    0x24000014   Section       76  mpu6050.o(.data)
    pMpu                                     0x24000014   Data           4  mpu6050.o(.data)
    EKF                                      0x24000018   Data          72  mpu6050.o(.data)
    .data                                    0x24000060   Section       28  imu.o(.data)
    KpDef                                    0x24000060   Data           4  imu.o(.data)
    KiDef                                    0x24000064   Data           4  imu.o(.data)
    NormAcc                                  0x24000068   Data           4  imu.o(.data)
    .data                                    0x2400007c   Section        4  stdio_streams.o(.data)
    .data                                    0x24000080   Section        4  stdio_streams.o(.data)
    .data                                    0x24000084   Section        4  stdio_streams.o(.data)
    .bss                                     0x24000088   Section       84  i2c.o(.bss)
    .bss                                     0x240000dc   Section       76  tim.o(.bss)
    .bss                                     0x24000128   Section      148  usart.o(.bss)
    .bss                                     0x240001bc   Section       76  stm32h7xx_hal_timebase_tim.o(.bss)
    .bss                                     0x24000208   Section       12  init.o(.bss)
    .bss                                     0x24000214   Section       12  init.o(.bss)
    .bss                                     0x24000220   Section       24  mpu6050.o(.bss)
    tBuff                                    0x2400022c   Data          12  mpu6050.o(.bss)
    .bss                                     0x24000238   Section       12  imu.o(.bss)
    .bss                                     0x24000244   Section       84  stdio_streams.o(.bss)
    .bss                                     0x24000298   Section       84  stdio_streams.o(.bss)
    .bss                                     0x240002ec   Section       84  stdio_streams.o(.bss)
    .bss                                     0x24000340   Section       96  libspace.o(.bss)
    HEAP                                     0x240003a0   Section      512  startup_stm32h753xx.o(HEAP)
    Heap_Mem                                 0x240003a0   Data         512  startup_stm32h753xx.o(HEAP)
    STACK                                    0x240005a0   Section     1024  startup_stm32h753xx.o(STACK)
    Stack_Mem                                0x240005a0   Data        1024  startup_stm32h753xx.o(STACK)
    __initial_sp                             0x240009a0   Data           0  startup_stm32h753xx.o(STACK)

    Global Symbols

    Symbol Name                              Value     Ov Type        Size  Object(Section)

    BuildAttributes$$THM_ISAv4$E$P$D$K$B$S$7EM$VFPv5_D16$PE$PLD8$A:L22UL41UL21$X:L11$S22US41US21$IEEE1$IW$USESV6$~STKCKD$USESV7$~SHL$OTIME$ROPI$IEEEX$EBA8$UX$STANDARDLIB$REQ8$PRES8$EABIv2 0x00000000   Number         0  anon$$obj.o ABSOLUTE
    __ARM_use_no_argv                        0x00000000   Number         0  main.o ABSOLUTE
    _printf_flags                            0x00000000   Number         0  printf_stubs.o ABSOLUTE
    _printf_return_value                     0x00000000   Number         0  printf_stubs.o ABSOLUTE
    _printf_sizespec                         0x00000000   Number         0  printf_stubs.o ABSOLUTE
    _printf_widthprec                        0x00000000   Number         0  printf_stubs.o ABSOLUTE
    __ARM_exceptions_init                     - Undefined Weak Reference
    __alloca_initialize                       - Undefined Weak Reference
    __arm_preinit_                            - Undefined Weak Reference
    __cpp_initialize__aeabi_                  - Undefined Weak Reference
    __cxa_finalize                            - Undefined Weak Reference
    __sigvec_lookup                           - Undefined Weak Reference
    __user_heap_extent                        - Undefined Weak Reference
    _atexit_init                              - Undefined Weak Reference
    _call_atexit_fns                          - Undefined Weak Reference
    _clock_init                               - Undefined Weak Reference
    _fp_trap_init                             - Undefined Weak Reference
    _fp_trap_shutdown                         - Undefined Weak Reference
    _get_lc_collate                           - Undefined Weak Reference
    _get_lc_ctype                             - Undefined Weak Reference
    _get_lc_monetary                          - Undefined Weak Reference
    _get_lc_time                              - Undefined Weak Reference
    _getenv_init                              - Undefined Weak Reference
    _handle_redirection                       - Undefined Weak Reference
    _mutex_acquire                            - Undefined Weak Reference
    _mutex_free                               - Undefined Weak Reference
    _mutex_release                            - Undefined Weak Reference
    _printf_truncate_unsigned                 - Undefined Weak Reference
    _rand_init                                - Undefined Weak Reference
    _signal_finish                            - Undefined Weak Reference
    _signal_init                              - Undefined Weak Reference
    __Vectors_Size                           0x00000298   Number         0  startup_stm32h753xx.o ABSOLUTE
    __Vectors                                0x08000000   Data           4  startup_stm32h753xx.o(RESET)
    __Vectors_End                            0x08000298   Data           0  startup_stm32h753xx.o(RESET)
    __main                                   0x08000299   Thumb Code     8  __main.o(!!!main)
    __scatterload                            0x080002a1   Thumb Code     0  __scatter.o(!!!scatter)
    __scatterload_rt2                        0x080002a1   Thumb Code    44  __scatter.o(!!!scatter)
    __scatterload_rt2_thumb_only             0x080002a1   Thumb Code     0  __scatter.o(!!!scatter)
    __scatterload_null                       0x080002af   Thumb Code     0  __scatter.o(!!!scatter)
    __scatterload_copy                       0x080002d5   Thumb Code    26  __scatter_copy.o(!!handler_copy)
    __scatterload_zeroinit                   0x080002f1   Thumb Code    28  __scatter_zi.o(!!handler_zi)
    _printf_f                                0x0800030d   Thumb Code     0  _printf_f.o(.ARM.Collect$$_printf_percent$$00000003)
    _printf_percent                          0x0800030d   Thumb Code     0  _printf_percent.o(.ARM.Collect$$_printf_percent$$00000000)
    _printf_x                                0x08000313   Thumb Code     0  _printf_x.o(.ARM.Collect$$_printf_percent$$0000000C)
    _printf_percent_end                      0x08000319   Thumb Code     0  _printf_percent_end.o(.ARM.Collect$$_printf_percent$$00000017)
    __rt_lib_init                            0x0800031d   Thumb Code     0  libinit.o(.ARM.Collect$$libinit$$00000000)
    __rt_lib_init_fp_1                       0x0800031f   Thumb Code     0  libinit2.o(.ARM.Collect$$libinit$$00000001)
    __rt_lib_init_heap_2                     0x08000323   Thumb Code     0  libinit2.o(.ARM.Collect$$libinit$$00000005)
    __rt_lib_init_preinit_1                  0x08000323   Thumb Code     0  libinit2.o(.ARM.Collect$$libinit$$00000004)
    __rt_lib_init_heap_1                     0x0800032b   Thumb Code     0  libinit2.o(.ARM.Collect$$libinit$$0000000A)
    __rt_lib_init_lc_common                  0x0800032b   Thumb Code     0  libinit2.o(.ARM.Collect$$libinit$$0000000F)
    __rt_lib_init_rand_1                     0x0800032b   Thumb Code     0  libinit2.o(.ARM.Collect$$libinit$$0000000E)
    __rt_lib_init_user_alloc_1               0x0800032b   Thumb Code     0  libinit2.o(.ARM.Collect$$libinit$$0000000C)
    __rt_lib_init_lc_collate_1               0x08000331   Thumb Code     0  libinit2.o(.ARM.Collect$$libinit$$00000011)
    __rt_lib_init_lc_ctype_1                 0x08000331   Thumb Code     0  libinit2.o(.ARM.Collect$$libinit$$00000013)
    __rt_lib_init_lc_monetary_1              0x08000331   Thumb Code     0  libinit2.o(.ARM.Collect$$libinit$$00000015)
    __rt_lib_init_lc_numeric_2               0x08000331   Thumb Code     0  libinit2.o(.ARM.Collect$$libinit$$00000016)
    __rt_lib_init_atexit_1                   0x0800033b   Thumb Code     0  libinit2.o(.ARM.Collect$$libinit$$0000001B)
    __rt_lib_init_clock_1                    0x0800033b   Thumb Code     0  libinit2.o(.ARM.Collect$$libinit$$00000021)
    __rt_lib_init_fp_trap_1                  0x0800033b   Thumb Code     0  libinit2.o(.ARM.Collect$$libinit$$0000001F)
    __rt_lib_init_getenv_1                   0x0800033b   Thumb Code     0  libinit2.o(.ARM.Collect$$libinit$$00000023)
    __rt_lib_init_lc_numeric_1               0x0800033b   Thumb Code     0  libinit2.o(.ARM.Collect$$libinit$$00000017)
    __rt_lib_init_lc_time_1                  0x0800033b   Thumb Code     0  libinit2.o(.ARM.Collect$$libinit$$00000019)
    __rt_lib_init_signal_1                   0x0800033b   Thumb Code     0  libinit2.o(.ARM.Collect$$libinit$$0000001D)
    __rt_lib_init_stdio_2                    0x0800033b   Thumb Code     0  libinit2.o(.ARM.Collect$$libinit$$00000024)
    __rt_lib_init_alloca_1                   0x0800033f   Thumb Code     0  libinit2.o(.ARM.Collect$$libinit$$0000002E)
    __rt_lib_init_argv_1                     0x0800033f   Thumb Code     0  libinit2.o(.ARM.Collect$$libinit$$0000002C)
    __rt_lib_init_cpp_1                      0x0800033f   Thumb Code     0  libinit2.o(.ARM.Collect$$libinit$$00000032)
    __rt_lib_init_exceptions_1               0x0800033f   Thumb Code     0  libinit2.o(.ARM.Collect$$libinit$$00000030)
    __rt_lib_init_return                     0x0800033f   Thumb Code     0  libinit2.o(.ARM.Collect$$libinit$$00000033)
    __rt_lib_init_stdio_1                    0x0800033f   Thumb Code     0  libinit2.o(.ARM.Collect$$libinit$$00000025)
    __rt_lib_shutdown                        0x08000341   Thumb Code     0  libshutdown.o(.ARM.Collect$$libshutdown$$00000000)
    __rt_lib_shutdown_cpp_1                  0x08000343   Thumb Code     0  libshutdown2.o(.ARM.Collect$$libshutdown$$00000002)
    __rt_lib_shutdown_stdio_2                0x08000343   Thumb Code     0  libshutdown2.o(.ARM.Collect$$libshutdown$$00000003)
    __rt_lib_shutdown_fp_trap_1              0x08000347   Thumb Code     0  libshutdown2.o(.ARM.Collect$$libshutdown$$00000007)
    __rt_lib_shutdown_heap_1                 0x08000347   Thumb Code     0  libshutdown2.o(.ARM.Collect$$libshutdown$$0000000F)
    __rt_lib_shutdown_return                 0x08000347   Thumb Code     0  libshutdown2.o(.ARM.Collect$$libshutdown$$00000010)
    __rt_lib_shutdown_signal_1               0x08000347   Thumb Code     0  libshutdown2.o(.ARM.Collect$$libshutdown$$0000000A)
    __rt_lib_shutdown_stdio_1                0x08000347   Thumb Code     0  libshutdown2.o(.ARM.Collect$$libshutdown$$00000004)
    __rt_lib_shutdown_user_alloc_1           0x08000347   Thumb Code     0  libshutdown2.o(.ARM.Collect$$libshutdown$$0000000C)
    __rt_entry                               0x08000349   Thumb Code     0  __rtentry.o(.ARM.Collect$$rtentry$$00000000)
    __rt_entry_presh_1                       0x08000349   Thumb Code     0  __rtentry2.o(.ARM.Collect$$rtentry$$00000002)
    __rt_entry_sh                            0x08000349   Thumb Code     0  __rtentry4.o(.ARM.Collect$$rtentry$$00000004)
    __rt_entry_li                            0x0800034f   Thumb Code     0  __rtentry2.o(.ARM.Collect$$rtentry$$0000000A)
    __rt_entry_postsh_1                      0x0800034f   Thumb Code     0  __rtentry2.o(.ARM.Collect$$rtentry$$00000009)
    __rt_entry_main                          0x08000353   Thumb Code     0  __rtentry2.o(.ARM.Collect$$rtentry$$0000000D)
    __rt_entry_postli_1                      0x08000353   Thumb Code     0  __rtentry2.o(.ARM.Collect$$rtentry$$0000000C)
    __rt_exit                                0x0800035b   Thumb Code     0  rtexit.o(.ARM.Collect$$rtexit$$00000000)
    __rt_exit_ls                             0x0800035d   Thumb Code     0  rtexit2.o(.ARM.Collect$$rtexit$$00000003)
    __rt_exit_prels_1                        0x0800035d   Thumb Code     0  rtexit2.o(.ARM.Collect$$rtexit$$00000002)
    __rt_exit_exit                           0x08000361   Thumb Code     0  rtexit2.o(.ARM.Collect$$rtexit$$00000004)
    Reset_Handler                            0x08000369   Thumb Code     8  startup_stm32h753xx.o(.text)
    _maybe_terminate_alloc                   0x08000369   Thumb Code     0  maybetermalloc1.o(.emb_text)
    ADC3_IRQHandler                          0x08000383   Thumb Code     0  startup_stm32h753xx.o(.text)
    ADC_IRQHandler                           0x08000383   Thumb Code     0  startup_stm32h753xx.o(.text)
    BDMA_Channel0_IRQHandler                 0x08000383   Thumb Code     0  startup_stm32h753xx.o(.text)
    BDMA_Channel1_IRQHandler                 0x08000383   Thumb Code     0  startup_stm32h753xx.o(.text)
    BDMA_Channel2_IRQHandler                 0x08000383   Thumb Code     0  startup_stm32h753xx.o(.text)
    BDMA_Channel3_IRQHandler                 0x08000383   Thumb Code     0  startup_stm32h753xx.o(.text)
    BDMA_Channel4_IRQHandler                 0x08000383   Thumb Code     0  startup_stm32h753xx.o(.text)
    BDMA_Channel5_IRQHandler                 0x08000383   Thumb Code     0  startup_stm32h753xx.o(.text)
    BDMA_Channel6_IRQHandler                 0x08000383   Thumb Code     0  startup_stm32h753xx.o(.text)
    BDMA_Channel7_IRQHandler                 0x08000383   Thumb Code     0  startup_stm32h753xx.o(.text)
    CEC_IRQHandler                           0x08000383   Thumb Code     0  startup_stm32h753xx.o(.text)
    COMP1_IRQHandler                         0x08000383   Thumb Code     0  startup_stm32h753xx.o(.text)
    CRS_IRQHandler                           0x08000383   Thumb Code     0  startup_stm32h753xx.o(.text)
    CRYP_IRQHandler                          0x08000383   Thumb Code     0  startup_stm32h753xx.o(.text)
    DCMI_IRQHandler                          0x08000383   Thumb Code     0  startup_stm32h753xx.o(.text)
    DFSDM1_FLT0_IRQHandler                   0x08000383   Thumb Code     0  startup_stm32h753xx.o(.text)
    DFSDM1_FLT1_IRQHandler                   0x08000383   Thumb Code     0  startup_stm32h753xx.o(.text)
    DFSDM1_FLT2_IRQHandler                   0x08000383   Thumb Code     0  startup_stm32h753xx.o(.text)
    DFSDM1_FLT3_IRQHandler                   0x08000383   Thumb Code     0  startup_stm32h753xx.o(.text)
    DMA1_Stream0_IRQHandler                  0x08000383   Thumb Code     0  startup_stm32h753xx.o(.text)
    DMA1_Stream1_IRQHandler                  0x08000383   Thumb Code     0  startup_stm32h753xx.o(.text)
    DMA1_Stream2_IRQHandler                  0x08000383   Thumb Code     0  startup_stm32h753xx.o(.text)
    DMA1_Stream3_IRQHandler                  0x08000383   Thumb Code     0  startup_stm32h753xx.o(.text)
    DMA1_Stream4_IRQHandler                  0x08000383   Thumb Code     0  startup_stm32h753xx.o(.text)
    DMA1_Stream5_IRQHandler                  0x08000383   Thumb Code     0  startup_stm32h753xx.o(.text)
    DMA1_Stream6_IRQHandler                  0x08000383   Thumb Code     0  startup_stm32h753xx.o(.text)
    DMA1_Stream7_IRQHandler                  0x08000383   Thumb Code     0  startup_stm32h753xx.o(.text)
    DMA2D_IRQHandler                         0x08000383   Thumb Code     0  startup_stm32h753xx.o(.text)
    DMA2_Stream0_IRQHandler                  0x08000383   Thumb Code     0  startup_stm32h753xx.o(.text)
    DMA2_Stream1_IRQHandler                  0x08000383   Thumb Code     0  startup_stm32h753xx.o(.text)
    DMA2_Stream2_IRQHandler                  0x08000383   Thumb Code     0  startup_stm32h753xx.o(.text)
    DMA2_Stream3_IRQHandler                  0x08000383   Thumb Code     0  startup_stm32h753xx.o(.text)
    DMA2_Stream4_IRQHandler                  0x08000383   Thumb Code     0  startup_stm32h753xx.o(.text)
    DMA2_Stream5_IRQHandler                  0x08000383   Thumb Code     0  startup_stm32h753xx.o(.text)
    DMA2_Stream6_IRQHandler                  0x08000383   Thumb Code     0  startup_stm32h753xx.o(.text)
    DMA2_Stream7_IRQHandler                  0x08000383   Thumb Code     0  startup_stm32h753xx.o(.text)
    DMAMUX1_OVR_IRQHandler                   0x08000383   Thumb Code     0  startup_stm32h753xx.o(.text)
    DMAMUX2_OVR_IRQHandler                   0x08000383   Thumb Code     0  startup_stm32h753xx.o(.text)
    ECC_IRQHandler                           0x08000383   Thumb Code     0  startup_stm32h753xx.o(.text)
    ETH_IRQHandler                           0x08000383   Thumb Code     0  startup_stm32h753xx.o(.text)
    ETH_WKUP_IRQHandler                      0x08000383   Thumb Code     0  startup_stm32h753xx.o(.text)
    EXTI0_IRQHandler                         0x08000383   Thumb Code     0  startup_stm32h753xx.o(.text)
    EXTI15_10_IRQHandler                     0x08000383   Thumb Code     0  startup_stm32h753xx.o(.text)
    EXTI1_IRQHandler                         0x08000383   Thumb Code     0  startup_stm32h753xx.o(.text)
    EXTI2_IRQHandler                         0x08000383   Thumb Code     0  startup_stm32h753xx.o(.text)
    EXTI3_IRQHandler                         0x08000383   Thumb Code     0  startup_stm32h753xx.o(.text)
    EXTI4_IRQHandler                         0x08000383   Thumb Code     0  startup_stm32h753xx.o(.text)
    EXTI9_5_IRQHandler                       0x08000383   Thumb Code     0  startup_stm32h753xx.o(.text)
    FDCAN1_IT0_IRQHandler                    0x08000383   Thumb Code     0  startup_stm32h753xx.o(.text)
    FDCAN1_IT1_IRQHandler                    0x08000383   Thumb Code     0  startup_stm32h753xx.o(.text)
    FDCAN2_IT0_IRQHandler                    0x08000383   Thumb Code     0  startup_stm32h753xx.o(.text)
    FDCAN2_IT1_IRQHandler                    0x08000383   Thumb Code     0  startup_stm32h753xx.o(.text)
    FDCAN_CAL_IRQHandler                     0x08000383   Thumb Code     0  startup_stm32h753xx.o(.text)
    FLASH_IRQHandler                         0x08000383   Thumb Code     0  startup_stm32h753xx.o(.text)
    FMC_IRQHandler                           0x08000383   Thumb Code     0  startup_stm32h753xx.o(.text)
    FPU_IRQHandler                           0x08000383   Thumb Code     0  startup_stm32h753xx.o(.text)
    HASH_RNG_IRQHandler                      0x08000383   Thumb Code     0  startup_stm32h753xx.o(.text)
    HRTIM1_FLT_IRQHandler                    0x08000383   Thumb Code     0  startup_stm32h753xx.o(.text)
    HRTIM1_Master_IRQHandler                 0x08000383   Thumb Code     0  startup_stm32h753xx.o(.text)
    HRTIM1_TIMA_IRQHandler                   0x08000383   Thumb Code     0  startup_stm32h753xx.o(.text)
    HRTIM1_TIMB_IRQHandler                   0x08000383   Thumb Code     0  startup_stm32h753xx.o(.text)
    HRTIM1_TIMC_IRQHandler                   0x08000383   Thumb Code     0  startup_stm32h753xx.o(.text)
    HRTIM1_TIMD_IRQHandler                   0x08000383   Thumb Code     0  startup_stm32h753xx.o(.text)
    HRTIM1_TIME_IRQHandler                   0x08000383   Thumb Code     0  startup_stm32h753xx.o(.text)
    HSEM1_IRQHandler                         0x08000383   Thumb Code     0  startup_stm32h753xx.o(.text)
    I2C1_ER_IRQHandler                       0x08000383   Thumb Code     0  startup_stm32h753xx.o(.text)
    I2C1_EV_IRQHandler                       0x08000383   Thumb Code     0  startup_stm32h753xx.o(.text)
    I2C2_ER_IRQHandler                       0x08000383   Thumb Code     0  startup_stm32h753xx.o(.text)
    I2C2_EV_IRQHandler                       0x08000383   Thumb Code     0  startup_stm32h753xx.o(.text)
    I2C3_ER_IRQHandler                       0x08000383   Thumb Code     0  startup_stm32h753xx.o(.text)
    I2C3_EV_IRQHandler                       0x08000383   Thumb Code     0  startup_stm32h753xx.o(.text)
    I2C4_ER_IRQHandler                       0x08000383   Thumb Code     0  startup_stm32h753xx.o(.text)
    I2C4_EV_IRQHandler                       0x08000383   Thumb Code     0  startup_stm32h753xx.o(.text)
    JPEG_IRQHandler                          0x08000383   Thumb Code     0  startup_stm32h753xx.o(.text)
    LPTIM1_IRQHandler                        0x08000383   Thumb Code     0  startup_stm32h753xx.o(.text)
    LPTIM2_IRQHandler                        0x08000383   Thumb Code     0  startup_stm32h753xx.o(.text)
    LPTIM3_IRQHandler                        0x08000383   Thumb Code     0  startup_stm32h753xx.o(.text)
    LPTIM4_IRQHandler                        0x08000383   Thumb Code     0  startup_stm32h753xx.o(.text)
    LPTIM5_IRQHandler                        0x08000383   Thumb Code     0  startup_stm32h753xx.o(.text)
    LPUART1_IRQHandler                       0x08000383   Thumb Code     0  startup_stm32h753xx.o(.text)
    LTDC_ER_IRQHandler                       0x08000383   Thumb Code     0  startup_stm32h753xx.o(.text)
    LTDC_IRQHandler                          0x08000383   Thumb Code     0  startup_stm32h753xx.o(.text)
    MDIOS_IRQHandler                         0x08000383   Thumb Code     0  startup_stm32h753xx.o(.text)
    MDIOS_WKUP_IRQHandler                    0x08000383   Thumb Code     0  startup_stm32h753xx.o(.text)
    MDMA_IRQHandler                          0x08000383   Thumb Code     0  startup_stm32h753xx.o(.text)
    OTG_FS_EP1_IN_IRQHandler                 0x08000383   Thumb Code     0  startup_stm32h753xx.o(.text)
    OTG_FS_EP1_OUT_IRQHandler                0x08000383   Thumb Code     0  startup_stm32h753xx.o(.text)
    OTG_FS_IRQHandler                        0x08000383   Thumb Code     0  startup_stm32h753xx.o(.text)
    OTG_FS_WKUP_IRQHandler                   0x08000383   Thumb Code     0  startup_stm32h753xx.o(.text)
    OTG_HS_EP1_IN_IRQHandler                 0x08000383   Thumb Code     0  startup_stm32h753xx.o(.text)
    OTG_HS_EP1_OUT_IRQHandler                0x08000383   Thumb Code     0  startup_stm32h753xx.o(.text)
    OTG_HS_IRQHandler                        0x08000383   Thumb Code     0  startup_stm32h753xx.o(.text)
    OTG_HS_WKUP_IRQHandler                   0x08000383   Thumb Code     0  startup_stm32h753xx.o(.text)
    PVD_AVD_IRQHandler                       0x08000383   Thumb Code     0  startup_stm32h753xx.o(.text)
    QUADSPI_IRQHandler                       0x08000383   Thumb Code     0  startup_stm32h753xx.o(.text)
    RCC_IRQHandler                           0x08000383   Thumb Code     0  startup_stm32h753xx.o(.text)
    RTC_Alarm_IRQHandler                     0x08000383   Thumb Code     0  startup_stm32h753xx.o(.text)
    RTC_WKUP_IRQHandler                      0x08000383   Thumb Code     0  startup_stm32h753xx.o(.text)
    SAI1_IRQHandler                          0x08000383   Thumb Code     0  startup_stm32h753xx.o(.text)
    SAI2_IRQHandler                          0x08000383   Thumb Code     0  startup_stm32h753xx.o(.text)
    SAI3_IRQHandler                          0x08000383   Thumb Code     0  startup_stm32h753xx.o(.text)
    SAI4_IRQHandler                          0x08000383   Thumb Code     0  startup_stm32h753xx.o(.text)
    SDMMC1_IRQHandler                        0x08000383   Thumb Code     0  startup_stm32h753xx.o(.text)
    SDMMC2_IRQHandler                        0x08000383   Thumb Code     0  startup_stm32h753xx.o(.text)
    SPDIF_RX_IRQHandler                      0x08000383   Thumb Code     0  startup_stm32h753xx.o(.text)
    SPI1_IRQHandler                          0x08000383   Thumb Code     0  startup_stm32h753xx.o(.text)
    SPI2_IRQHandler                          0x08000383   Thumb Code     0  startup_stm32h753xx.o(.text)
    SPI3_IRQHandler                          0x08000383   Thumb Code     0  startup_stm32h753xx.o(.text)
    SPI4_IRQHandler                          0x08000383   Thumb Code     0  startup_stm32h753xx.o(.text)
    SPI5_IRQHandler                          0x08000383   Thumb Code     0  startup_stm32h753xx.o(.text)
    SPI6_IRQHandler                          0x08000383   Thumb Code     0  startup_stm32h753xx.o(.text)
    SWPMI1_IRQHandler                        0x08000383   Thumb Code     0  startup_stm32h753xx.o(.text)
    TAMP_STAMP_IRQHandler                    0x08000383   Thumb Code     0  startup_stm32h753xx.o(.text)
    TIM15_IRQHandler                         0x08000383   Thumb Code     0  startup_stm32h753xx.o(.text)
    TIM16_IRQHandler                         0x08000383   Thumb Code     0  startup_stm32h753xx.o(.text)
    TIM17_IRQHandler                         0x08000383   Thumb Code     0  startup_stm32h753xx.o(.text)
    TIM1_BRK_IRQHandler                      0x08000383   Thumb Code     0  startup_stm32h753xx.o(.text)
    TIM1_CC_IRQHandler                       0x08000383   Thumb Code     0  startup_stm32h753xx.o(.text)
    TIM1_TRG_COM_IRQHandler                  0x08000383   Thumb Code     0  startup_stm32h753xx.o(.text)
    TIM3_IRQHandler                          0x08000383   Thumb Code     0  startup_stm32h753xx.o(.text)
    TIM4_IRQHandler                          0x08000383   Thumb Code     0  startup_stm32h753xx.o(.text)
    TIM5_IRQHandler                          0x08000383   Thumb Code     0  startup_stm32h753xx.o(.text)
    TIM6_DAC_IRQHandler                      0x08000383   Thumb Code     0  startup_stm32h753xx.o(.text)
    TIM7_IRQHandler                          0x08000383   Thumb Code     0  startup_stm32h753xx.o(.text)
    TIM8_BRK_TIM12_IRQHandler                0x08000383   Thumb Code     0  startup_stm32h753xx.o(.text)
    TIM8_CC_IRQHandler                       0x08000383   Thumb Code     0  startup_stm32h753xx.o(.text)
    TIM8_TRG_COM_TIM14_IRQHandler            0x08000383   Thumb Code     0  startup_stm32h753xx.o(.text)
    TIM8_UP_TIM13_IRQHandler                 0x08000383   Thumb Code     0  startup_stm32h753xx.o(.text)
    UART4_IRQHandler                         0x08000383   Thumb Code     0  startup_stm32h753xx.o(.text)
    UART5_IRQHandler                         0x08000383   Thumb Code     0  startup_stm32h753xx.o(.text)
    UART7_IRQHandler                         0x08000383   Thumb Code     0  startup_stm32h753xx.o(.text)
    UART8_IRQHandler                         0x08000383   Thumb Code     0  startup_stm32h753xx.o(.text)
    USART1_IRQHandler                        0x08000383   Thumb Code     0  startup_stm32h753xx.o(.text)
    USART2_IRQHandler                        0x08000383   Thumb Code     0  startup_stm32h753xx.o(.text)
    USART3_IRQHandler                        0x08000383   Thumb Code     0  startup_stm32h753xx.o(.text)
    USART6_IRQHandler                        0x08000383   Thumb Code     0  startup_stm32h753xx.o(.text)
    WAKEUP_PIN_IRQHandler                    0x08000383   Thumb Code     0  startup_stm32h753xx.o(.text)
    WWDG_IRQHandler                          0x08000383   Thumb Code     0  startup_stm32h753xx.o(.text)
    __user_initial_stackheap                 0x08000385   Thumb Code     0  startup_stm32h753xx.o(.text)
    __aeabi_uldivmod                         0x080003a9   Thumb Code     0  lludivv7m.o(.text)
    _ll_udiv                                 0x080003a9   Thumb Code   238  lludivv7m.o(.text)
    __2printf                                0x08000499   Thumb Code    20  noretval__2printf.o(.text)
    _printf_pre_padding                      0x080004b1   Thumb Code    44  _printf_pad.o(.text)
    _printf_post_padding                     0x080004dd   Thumb Code    34  _printf_pad.o(.text)
    _printf_int_hex                          0x08000501   Thumb Code    84  _printf_hex_int.o(.text)
    _printf_longlong_hex                     0x08000501   Thumb Code     0  _printf_hex_int.o(.text)
    __printf                                 0x08000559   Thumb Code   270  __printf_wp.o(.text)
    __aeabi_memclr4                          0x08000667   Thumb Code     0  rt_memclr_w.o(.text)
    __aeabi_memclr8                          0x08000667   Thumb Code     0  rt_memclr_w.o(.text)
    __rt_memclr_w                            0x08000667   Thumb Code    78  rt_memclr_w.o(.text)
    _memset_w                                0x0800066b   Thumb Code     0  rt_memclr_w.o(.text)
    __use_two_region_memory                  0x080006b5   Thumb Code     2  heapauxi.o(.text)
    __rt_heap_escrow                         0x080006b7   Thumb Code     2  heapauxi.o(.text)
    __rt_heap_expand                         0x080006b9   Thumb Code     2  heapauxi.o(.text)
    __read_errno                             0x080006bb   Thumb Code    10  _rserrno.o(.text)
    __set_errno                              0x080006c5   Thumb Code    12  _rserrno.o(.text)
    _printf_int_common                       0x080006d1   Thumb Code   178  _printf_intcommon.o(.text)
    __lib_sel_fp_printf                      0x08000783   Thumb Code     2  _printf_fp_dec.o(.text)
    _printf_fp_dec_real                      0x08000935   Thumb Code   620  _printf_fp_dec.o(.text)
    _printf_char_file                        0x08000ba1   Thumb Code    32  _printf_char_file.o(.text)
    __rt_locale                              0x08000bc5   Thumb Code     8  rt_locale_intlibspace.o(.text)
    __aeabi_errno_addr                       0x08000bcd   Thumb Code     8  rt_errno_addr_intlibspace.o(.text)
    __errno$intlibspace                      0x08000bcd   Thumb Code     0  rt_errno_addr_intlibspace.o(.text)
    __rt_errno_addr$intlibspace              0x08000bcd   Thumb Code     0  rt_errno_addr_intlibspace.o(.text)
    _ll_udiv10                               0x08000bd5   Thumb Code   138  lludiv10.o(.text)
    _printf_char_common                      0x08000c6b   Thumb Code    32  _printf_char_common.o(.text)
    _printf_fp_infnan                        0x08000c91   Thumb Code   112  _printf_fp_infnan.o(.text)
    _btod_etento                             0x08000d11   Thumb Code   224  bigflt0.o(.text)
    ferror                                   0x08000df5   Thumb Code     8  ferror.o(.text)
    _initio                                  0x08000dfd   Thumb Code   210  initio.o(.text)
    _terminateio                             0x08000ecf   Thumb Code    56  initio.o(.text)
    _sys_open                                0x08000f35   Thumb Code    20  sys_io.o(.text)
    _sys_close                               0x08000f49   Thumb Code    12  sys_io.o(.text)
    _sys_write                               0x08000f55   Thumb Code    16  sys_io.o(.text)
    _sys_read                                0x08000f65   Thumb Code    14  sys_io.o(.text)
    _sys_istty                               0x08000f73   Thumb Code    12  sys_io.o(.text)
    _sys_seek                                0x08000f7f   Thumb Code    14  sys_io.o(.text)
    _sys_ensure                              0x08000f8d   Thumb Code     2  sys_io.o(.text)
    _sys_flen                                0x08000f8f   Thumb Code    12  sys_io.o(.text)
    __user_libspace                          0x08000f9d   Thumb Code     8  libspace.o(.text)
    __user_perproc_libspace                  0x08000f9d   Thumb Code     0  libspace.o(.text)
    __user_perthread_libspace                0x08000f9d   Thumb Code     0  libspace.o(.text)
    __user_setup_stackheap                   0x08000fa5   Thumb Code    74  sys_stackheap_outer.o(.text)
    free                                     0x08000fef   Thumb Code    78  h1_free.o(.text)
    setvbuf                                  0x0800103d   Thumb Code    70  setvbuf.o(.text)
    freopen                                  0x08001085   Thumb Code   158  fopen.o(.text)
    fopen                                    0x08001123   Thumb Code    74  fopen.o(.text)
    _fclose_internal                         0x08001171   Thumb Code    76  fclose.o(.text)
    fclose                                   0x08001171   Thumb Code     0  fclose.o(.text)
    exit                                     0x080011bd   Thumb Code    18  exit.o(.text)
    __rt_SIGRTRED                            0x080011cf   Thumb Code    14  defsig_rtred_outer.o(.text)
    strcmp                                   0x080011dd   Thumb Code   104  strcmpv7m_pel.o(.text)
    __I$use$semihosting                      0x08001245   Thumb Code     0  use_no_semi.o(.text)
    __use_no_semihosting_swi                 0x08001245   Thumb Code     2  use_no_semi.o(.text)
    __semihosting_library_function           0x08001247   Thumb Code     0  indicate_semi.o(.text)
    __rt_heap_descriptor                     0x08001249   Thumb Code     8  rt_heap_descriptor_intlibspace.o(.text)
    __use_no_heap                            0x08001251   Thumb Code     2  hguard.o(.text)
    __heap$guard                             0x08001253   Thumb Code     2  hguard.o(.text)
    _terminate_user_alloc                    0x08001255   Thumb Code     2  init_alloc.o(.text)
    _init_user_alloc                         0x08001257   Thumb Code     2  init_alloc.o(.text)
    __Heap_Full                              0x08001259   Thumb Code    34  init_alloc.o(.text)
    __Heap_Broken                            0x0800127b   Thumb Code     6  init_alloc.o(.text)
    _init_alloc                              0x08001281   Thumb Code    94  init_alloc.o(.text)
    malloc                                   0x080012df   Thumb Code    94  h1_alloc.o(.text)
    _fseek                                   0x0800133d   Thumb Code   242  fseek.o(.text)
    fseek                                    0x0800133d   Thumb Code     0  fseek.o(.text)
    _seterr                                  0x08001435   Thumb Code    20  stdio.o(.text)
    _writebuf                                0x08001449   Thumb Code    84  stdio.o(.text)
    _fflush                                  0x0800149d   Thumb Code    70  stdio.o(.text)
    _deferredlazyseek                        0x080014e3   Thumb Code    60  stdio.o(.text)
    __sig_exit                               0x08001525   Thumb Code    10  defsig_exit.o(.text)
    __rt_SIGRTRED_inner                      0x08001531   Thumb Code    14  defsig_rtred_inner.o(.text)
    strlen                                   0x08001565   Thumb Code    62  strlen.o(.text)
    _sys_exit                                0x080015a5   Thumb Code     8  sys_exit.o(.text)
    __Heap_Initialize                        0x080015b1   Thumb Code    10  h1_init.o(.text)
    __Heap_DescSize                          0x080015bb   Thumb Code     4  h1_init.o(.text)
    __Heap_ProvideMemory                     0x080015bf   Thumb Code    52  h1_extend.o(.text)
    _ftell_internal                          0x080015f3   Thumb Code    66  ftell.o(.text)
    ftell                                    0x080015f3   Thumb Code     0  ftell.o(.text)
    __default_signal_display                 0x08001635   Thumb Code    50  defsig_general.o(.text)
    __rt_SIGRTMEM                            0x08001667   Thumb Code    14  defsig_rtmem_outer.o(.text)
    _ttywrch                                 0x08001675   Thumb Code    14  sys_wrch.o(.text)
    __rt_SIGRTMEM_inner                      0x08001685   Thumb Code    22  defsig_rtmem_inner.o(.text)
    _btod_d2e                                0x080016d5   Thumb Code    62  btod.o(CL$$btod_d2e)
    _d2e_denorm_low                          0x08001713   Thumb Code    70  btod.o(CL$$btod_d2e_denorm_low)
    _d2e_norm_op1                            0x08001759   Thumb Code    96  btod.o(CL$$btod_d2e_norm_op1)
    __btod_div_common                        0x080017b9   Thumb Code   696  btod.o(CL$$btod_div_common)
    _e2e                                     0x08001af1   Thumb Code   220  btod.o(CL$$btod_e2e)
    _btod_ediv                               0x08001bcd   Thumb Code    42  btod.o(CL$$btod_ediv)
    _btod_emul                               0x08001bf7   Thumb Code    42  btod.o(CL$$btod_emul)
    __btod_mult_common                       0x08001c21   Thumb Code   580  btod.o(CL$$btod_mult_common)
    BusFault_Handler                         0x08001e65   Thumb Code     2  stm32h7xx_it.o(i.BusFault_Handler)
    DebugMon_Handler                         0x08001e67   Thumb Code     2  stm32h7xx_it.o(i.DebugMon_Handler)
    Error_Handler                            0x08001e69   Thumb Code     4  main.o(i.Error_Handler)
    GetAngle                                 0x08001e6d   Thumb Code  1158  imu.o(i.GetAngle)
    HAL_Delay                                0x0800230d   Thumb Code    32  stm32h7xx_hal.o(i.HAL_Delay)
    HAL_GPIO_Init                            0x08002331   Thumb Code   506  stm32h7xx_hal_gpio.o(i.HAL_GPIO_Init)
    HAL_GetREVID                             0x0800255d   Thumb Code     8  stm32h7xx_hal.o(i.HAL_GetREVID)
    HAL_GetTick                              0x08002569   Thumb Code     6  stm32h7xx_hal.o(i.HAL_GetTick)
    HAL_I2CEx_ConfigAnalogFilter             0x08002575   Thumb Code    88  stm32h7xx_hal_i2c_ex.o(i.HAL_I2CEx_ConfigAnalogFilter)
    HAL_I2CEx_ConfigDigitalFilter            0x080025cd   Thumb Code    84  stm32h7xx_hal_i2c_ex.o(i.HAL_I2CEx_ConfigDigitalFilter)
    HAL_I2C_Init                             0x08002621   Thumb Code   180  stm32h7xx_hal_i2c.o(i.HAL_I2C_Init)
    HAL_I2C_Mem_Read                         0x080026d9   Thumb Code   346  stm32h7xx_hal_i2c.o(i.HAL_I2C_Mem_Read)
    HAL_I2C_Mem_Write                        0x0800283d   Thumb Code   340  stm32h7xx_hal_i2c.o(i.HAL_I2C_Mem_Write)
    HAL_I2C_MspInit                          0x08002995   Thumb Code   120  i2c.o(i.HAL_I2C_MspInit)
    HAL_IncTick                              0x08002a19   Thumb Code    12  stm32h7xx_hal.o(i.HAL_IncTick)
    HAL_Init                                 0x08002a29   Thumb Code    74  stm32h7xx_hal.o(i.HAL_Init)
    HAL_InitTick                             0x08002a85   Thumb Code   110  stm32h7xx_hal_timebase_tim.o(i.HAL_InitTick)
    HAL_MPU_Disable                          0x08002b09   Thumb Code    24  stm32h7xx_hal_cortex.o(i.HAL_MPU_Disable)
    HAL_MPU_Enable                           0x08002b25   Thumb Code    30  stm32h7xx_hal_cortex.o(i.HAL_MPU_Enable)
    HAL_MspInit                              0x08002b49   Thumb Code    22  stm32h7xx_hal_msp.o(i.HAL_MspInit)
    HAL_NVIC_EnableIRQ                       0x08002b65   Thumb Code    26  stm32h7xx_hal_cortex.o(i.HAL_NVIC_EnableIRQ)
    HAL_NVIC_SetPriority                     0x08002b81   Thumb Code    60  stm32h7xx_hal_cortex.o(i.HAL_NVIC_SetPriority)
    HAL_NVIC_SetPriorityGrouping             0x08002bc1   Thumb Code    28  stm32h7xx_hal_cortex.o(i.HAL_NVIC_SetPriorityGrouping)
    HAL_PWREx_ConfigSupply                   0x08002be5   Thumb Code    78  stm32h7xx_hal_pwr_ex.o(i.HAL_PWREx_ConfigSupply)
    HAL_RCCEx_GetD3PCLK1Freq                 0x08002c39   Thumb Code    26  stm32h7xx_hal_rcc_ex.o(i.HAL_RCCEx_GetD3PCLK1Freq)
    HAL_RCCEx_GetPLL2ClockFreq               0x08002c5d   Thumb Code   296  stm32h7xx_hal_rcc_ex.o(i.HAL_RCCEx_GetPLL2ClockFreq)
    HAL_RCCEx_GetPLL3ClockFreq               0x08002da1   Thumb Code   296  stm32h7xx_hal_rcc_ex.o(i.HAL_RCCEx_GetPLL3ClockFreq)
    HAL_RCCEx_PeriphCLKConfig                0x08002ee5   Thumb Code  2472  stm32h7xx_hal_rcc_ex.o(i.HAL_RCCEx_PeriphCLKConfig)
    HAL_RCC_ClockConfig                      0x08003891   Thumb Code   580  stm32h7xx_hal_rcc.o(i.HAL_RCC_ClockConfig)
    HAL_RCC_GetClockConfig                   0x08003aed   Thumb Code    84  stm32h7xx_hal_rcc.o(i.HAL_RCC_GetClockConfig)
    HAL_RCC_GetHCLKFreq                      0x08003b49   Thumb Code    52  stm32h7xx_hal_rcc.o(i.HAL_RCC_GetHCLKFreq)
    HAL_RCC_GetPCLK1Freq                     0x08003b8d   Thumb Code    26  stm32h7xx_hal_rcc.o(i.HAL_RCC_GetPCLK1Freq)
    HAL_RCC_GetPCLK2Freq                     0x08003bb1   Thumb Code    26  stm32h7xx_hal_rcc.o(i.HAL_RCC_GetPCLK2Freq)
    HAL_RCC_GetSysClockFreq                  0x08003bd5   Thumb Code   278  stm32h7xx_hal_rcc.o(i.HAL_RCC_GetSysClockFreq)
    HAL_RCC_OscConfig                        0x08003d0d   Thumb Code  1410  stm32h7xx_hal_rcc.o(i.HAL_RCC_OscConfig)
    HAL_TIMEx_Break2Callback                 0x0800428f   Thumb Code     2  stm32h7xx_hal_tim_ex.o(i.HAL_TIMEx_Break2Callback)
    HAL_TIMEx_BreakCallback                  0x08004291   Thumb Code     2  stm32h7xx_hal_tim_ex.o(i.HAL_TIMEx_BreakCallback)
    HAL_TIMEx_CommutCallback                 0x08004293   Thumb Code     2  stm32h7xx_hal_tim_ex.o(i.HAL_TIMEx_CommutCallback)
    HAL_TIMEx_MasterConfigSynchronization    0x08004295   Thumb Code   134  stm32h7xx_hal_tim_ex.o(i.HAL_TIMEx_MasterConfigSynchronization)
    HAL_TIM_Base_Init                        0x08004339   Thumb Code    98  stm32h7xx_hal_tim.o(i.HAL_TIM_Base_Init)
    HAL_TIM_Base_MspInit                     0x0800439d   Thumb Code    50  tim.o(i.HAL_TIM_Base_MspInit)
    HAL_TIM_Base_Start_IT                    0x080043d5   Thumb Code   106  stm32h7xx_hal_tim.o(i.HAL_TIM_Base_Start_IT)
    HAL_TIM_ConfigClockSource                0x08004461   Thumb Code   248  stm32h7xx_hal_tim.o(i.HAL_TIM_ConfigClockSource)
    HAL_TIM_IC_CaptureCallback               0x0800455d   Thumb Code     2  stm32h7xx_hal_tim.o(i.HAL_TIM_IC_CaptureCallback)
    HAL_TIM_IRQHandler                       0x0800455f   Thumb Code   386  stm32h7xx_hal_tim.o(i.HAL_TIM_IRQHandler)
    HAL_TIM_OC_DelayElapsedCallback          0x080046e1   Thumb Code     2  stm32h7xx_hal_tim.o(i.HAL_TIM_OC_DelayElapsedCallback)
    HAL_TIM_PWM_PulseFinishedCallback        0x080046e3   Thumb Code     2  stm32h7xx_hal_tim.o(i.HAL_TIM_PWM_PulseFinishedCallback)
    HAL_TIM_PeriodElapsedCallback            0x080046e5   Thumb Code    44  main.o(i.HAL_TIM_PeriodElapsedCallback)
    HAL_TIM_TriggerCallback                  0x08004725   Thumb Code     2  stm32h7xx_hal_tim.o(i.HAL_TIM_TriggerCallback)
    HAL_UARTEx_DisableFifoMode               0x08004727   Thumb Code    64  stm32h7xx_hal_uart_ex.o(i.HAL_UARTEx_DisableFifoMode)
    HAL_UARTEx_SetRxFifoThreshold            0x08004767   Thumb Code    76  stm32h7xx_hal_uart_ex.o(i.HAL_UARTEx_SetRxFifoThreshold)
    HAL_UARTEx_SetTxFifoThreshold            0x080047b3   Thumb Code    76  stm32h7xx_hal_uart_ex.o(i.HAL_UARTEx_SetTxFifoThreshold)
    HAL_UART_Init                            0x080047ff   Thumb Code   106  stm32h7xx_hal_uart.o(i.HAL_UART_Init)
    HAL_UART_MspInit                         0x08004869   Thumb Code   122  usart.o(i.HAL_UART_MspInit)
    HAL_UART_Transmit                        0x080048f1   Thumb Code   176  stm32h7xx_hal_uart.o(i.HAL_UART_Transmit)
    HardFault_Handler                        0x080049a1   Thumb Code     2  stm32h7xx_it.o(i.HardFault_Handler)
    MPU_Init                                 0x08004cf1   Thumb Code   124  mpu6050.o(i.MPU_Init)
    MPU_Read_Byte                            0x08004d85   Thumb Code    44  mpu6050.o(i.MPU_Read_Byte)
    MPU_Set_Accel_Fsr                        0x08004db5   Thumb Code    10  mpu6050.o(i.MPU_Set_Accel_Fsr)
    MPU_Set_Gyro_Fsr                         0x08004dbf   Thumb Code    10  mpu6050.o(i.MPU_Set_Gyro_Fsr)
    MPU_Set_LPF                              0x08004dc9   Thumb Code    48  mpu6050.o(i.MPU_Set_LPF)
    MPU_Set_Rate                             0x08004df9   Thumb Code    46  mpu6050.o(i.MPU_Set_Rate)
    MPU_Write_Byte                           0x08004e29   Thumb Code    44  mpu6050.o(i.MPU_Write_Byte)
    MX_GPIO_Init                             0x08004e59   Thumb Code    54  gpio.o(i.MX_GPIO_Init)
    MX_I2C1_Init                             0x08004e95   Thumb Code    76  i2c.o(i.MX_I2C1_Init)
    MX_TIM2_Init                             0x08004eed   Thumb Code    94  tim.o(i.MX_TIM2_Init)
    MX_USART1_UART_Init                      0x08004f55   Thumb Code    94  usart.o(i.MX_USART1_UART_Init)
    MemManage_Handler                        0x08004fbd   Thumb Code     2  stm32h7xx_it.o(i.MemManage_Handler)
    MpuGetData                               0x08004fc1   Thumb Code   212  mpu6050.o(i.MpuGetData)
    NMI_Handler                              0x080050a9   Thumb Code     2  stm32h7xx_it.o(i.NMI_Handler)
    PendSV_Handler                           0x080050ab   Thumb Code     2  stm32h7xx_it.o(i.PendSV_Handler)
    SVC_Handler                              0x080052ed   Thumb Code     2  stm32h7xx_it.o(i.SVC_Handler)
    SysTick_Handler                          0x080052ef   Thumb Code     2  stm32h7xx_it.o(i.SysTick_Handler)
    SystemClock_Config                       0x080052f1   Thumb Code   154  main.o(i.SystemClock_Config)
    SystemInit                               0x08005395   Thumb Code   180  system_stm32h7xx.o(i.SystemInit)
    TIM1_UP_IRQHandler                       0x08005471   Thumb Code     6  stm32h7xx_it.o(i.TIM1_UP_IRQHandler)
    TIM2_IRQHandler                          0x0800547d   Thumb Code     6  stm32h7xx_it.o(i.TIM2_IRQHandler)
    TIM_Base_SetConfig                       0x08005489   Thumb Code   162  stm32h7xx_hal_tim.o(i.TIM_Base_SetConfig)
    TIM_ETR_SetConfig                        0x0800554d   Thumb Code    18  stm32h7xx_hal_tim.o(i.TIM_ETR_SetConfig)
    UART_AdvFeatureConfig                    0x08005601   Thumb Code   200  stm32h7xx_hal_uart.o(i.UART_AdvFeatureConfig)
    UART_CheckIdleState                      0x080056c9   Thumb Code   170  stm32h7xx_hal_uart.o(i.UART_CheckIdleState)
    UART_SetConfig                           0x080057c9   Thumb Code   876  stm32h7xx_hal_uart.o(i.UART_SetConfig)
    UART_WaitOnFlagUntilTimeout              0x08005b75   Thumb Code   140  stm32h7xx_hal_uart.o(i.UART_WaitOnFlagUntilTimeout)
    UsageFault_Handler                       0x08005c01   Thumb Code     2  stm32h7xx_it.o(i.UsageFault_Handler)
    __ARM_fpclassify                         0x08005c03   Thumb Code    48  fpclassify.o(i.__ARM_fpclassify)
    __hardfp_asin                            0x08005c59   Thumb Code   432  asin.o(i.__hardfp_asin)
    __hardfp_atan                            0x08005e61   Thumb Code   402  atan.o(i.__hardfp_atan)
    __hardfp_atan2                           0x08006061   Thumb Code   380  atan2.o(i.__hardfp_atan2)
    __hardfp_sqrt                            0x08006221   Thumb Code   102  sqrt.o(i.__hardfp_sqrt)
    __kernel_poly                            0x08006287   Thumb Code   112  poly.o(i.__kernel_poly)
    __mathlib_dbl_infnan                     0x080062f7   Thumb Code     6  dunder.o(i.__mathlib_dbl_infnan)
    __mathlib_dbl_infnan2                    0x080062fd   Thumb Code     6  dunder.o(i.__mathlib_dbl_infnan2)
    __mathlib_dbl_invalid                    0x08006309   Thumb Code    10  dunder.o(i.__mathlib_dbl_invalid)
    __mathlib_dbl_underflow                  0x08006321   Thumb Code    10  dunder.o(i.__mathlib_dbl_underflow)
    _is_digit                                0x08006339   Thumb Code    14  __printf_wp.o(i._is_digit)
    atan                                     0x08006347   Thumb Code    16  atan.o(i.atan)
    fabs                                     0x08006357   Thumb Code    24  fabs.o(i.fabs)
    fputc                                    0x08006371   Thumb Code    26  usart.o(i.fputc)
    kalmanfiter                              0x08006391   Thumb Code    66  kalman.o(i.kalmanfiter)
    main                                     0x080063d5   Thumb Code   170  main.o(i.main)
    sqrt                                     0x0800648d   Thumb Code   106  sqrt.o(i.sqrt)
    _get_lc_numeric                          0x080064f9   Thumb Code    44  lc_numeric_c.o(locale$$code)
    _fp_init                                 0x08006525   Thumb Code    10  fpinit.o(x$fpl$fpinit)
    __fplib_config_fpu_vfp                   0x0800652d   Thumb Code     0  fpinit.o(x$fpl$fpinit)
    __fplib_config_pureend_doubles           0x0800652d   Thumb Code     0  fpinit.o(x$fpl$fpinit)
    _printf_fp_dec                           0x0800652f   Thumb Code     4  printf1.o(x$fpl$printf1)
    UARTPrescTable                           0x08006532   Data          24  stm32h7xx_hal_uart.o(.constdata)
    __I$use$fp                               0x08006532   Number         0  usenofp.o(x$fpl$usenofp)
    D1CorePrescTable                         0x0800655a   Data          16  system_stm32h7xx.o(.constdata)
    __mathlib_zero                           0x08006680   Data           8  qnan.o(.constdata)
    __stdin_name                             0x0800671c   Data           4  sys_io.o(.constdata)
    __stdout_name                            0x08006720   Data           4  sys_io.o(.constdata)
    __stderr_name                            0x08006724   Data           4  sys_io.o(.constdata)
    Region$$Table$$Base                      0x08006728   Number         0  anon$$obj.o(Region$$Table)
    Region$$Table$$Limit                     0x08006748   Number         0  anon$$obj.o(Region$$Table)
    uwTickFreq                               0x24000000   Data           1  stm32h7xx_hal.o(.data)
    uwTickPrio                               0x24000004   Data           4  stm32h7xx_hal.o(.data)
    uwTick                                   0x24000008   Data           4  stm32h7xx_hal.o(.data)
    SystemCoreClock                          0x2400000c   Data           4  system_stm32h7xx.o(.data)
    SystemD2Clock                            0x24000010   Data           4  system_stm32h7xx.o(.data)
    NumQ                                     0x2400006c   Data          16  imu.o(.data)
    __aeabi_stdin                            0x2400007c   Data           4  stdio_streams.o(.data)
    __aeabi_stdout                           0x24000080   Data           4  stdio_streams.o(.data)
    __aeabi_stderr                           0x24000084   Data           4  stdio_streams.o(.data)
    hi2c1                                    0x24000088   Data          84  i2c.o(.bss)
    htim2                                    0x240000dc   Data          76  tim.o(.bss)
    huart1                                   0x24000128   Data         148  usart.o(.bss)
    htim1                                    0x240001bc   Data          76  stm32h7xx_hal_timebase_tim.o(.bss)
    MPU6050                                  0x24000208   Data          12  init.o(.bss)
    Angle                                    0x24000214   Data          12  init.o(.bss)
    MpuOffset                                0x24000220   Data          12  mpu6050.o(.bss)
    GyroIntegError                           0x24000238   Data          12  imu.o(.bss)
    __stdin                                  0x24000244   Data          84  stdio_streams.o(.bss)
    __stdout                                 0x24000298   Data          84  stdio_streams.o(.bss)
    __stderr                                 0x240002ec   Data          84  stdio_streams.o(.bss)
    __libspace_start                         0x24000340   Data          96  libspace.o(.bss)
    __temporary_stack_top$libspace           0x240003a0   Data           0  libspace.o(.bss)



==============================================================================

Memory Map of the image

  Image Entry point : 0x08000299

  Load Region LR_IROM1 (Base: 0x08000000, Size: 0x000067ec, Max: 0x00200000, ABSOLUTE)

    Execution Region ER_IROM1 (Exec base: 0x08000000, Load base: 0x08000000, Size: 0x00006764, Max: 0x00200000, ABSOLUTE)

    Exec Addr    Load Addr    Size         Type   Attr      Idx    E Section Name        Object

    0x08000000   0x08000000   0x00000298   Data   RO            3    RESET               startup_stm32h753xx.o
    0x08000298   0x08000298   0x00000008   Code   RO         4871  * !!!main             c_w.l(__main.o)
    0x080002a0   0x080002a0   0x00000034   Code   RO         5327    !!!scatter          c_w.l(__scatter.o)
    0x080002d4   0x080002d4   0x0000001a   Code   RO         5329    !!handler_copy      c_w.l(__scatter_copy.o)
    0x080002ee   0x080002ee   0x00000002   PAD
    0x080002f0   0x080002f0   0x0000001c   Code   RO         5331    !!handler_zi        c_w.l(__scatter_zi.o)
    0x0800030c   0x0800030c   0x00000000   Code   RO         4866    .ARM.Collect$$_printf_percent$$00000000  c_w.l(_printf_percent.o)
    0x0800030c   0x0800030c   0x00000006   Code   RO         4865    .ARM.Collect$$_printf_percent$$00000003  c_w.l(_printf_f.o)
    0x08000312   0x08000312   0x00000006   Code   RO         4864    .ARM.Collect$$_printf_percent$$0000000C  c_w.l(_printf_x.o)
    0x08000318   0x08000318   0x00000004   Code   RO         4926    .ARM.Collect$$_printf_percent$$00000017  c_w.l(_printf_percent_end.o)
    0x0800031c   0x0800031c   0x00000002   Code   RO         5142    .ARM.Collect$$libinit$$00000000  c_w.l(libinit.o)
    0x0800031e   0x0800031e   0x00000004   Code   RO         5143    .ARM.Collect$$libinit$$00000001  c_w.l(libinit2.o)
    0x08000322   0x08000322   0x00000000   Code   RO         5146    .ARM.Collect$$libinit$$00000004  c_w.l(libinit2.o)
    0x08000322   0x08000322   0x00000008   Code   RO         5147    .ARM.Collect$$libinit$$00000005  c_w.l(libinit2.o)
    0x0800032a   0x0800032a   0x00000000   Code   RO         5149    .ARM.Collect$$libinit$$0000000A  c_w.l(libinit2.o)
    0x0800032a   0x0800032a   0x00000000   Code   RO         5151    .ARM.Collect$$libinit$$0000000C  c_w.l(libinit2.o)
    0x0800032a   0x0800032a   0x00000000   Code   RO         5153    .ARM.Collect$$libinit$$0000000E  c_w.l(libinit2.o)
    0x0800032a   0x0800032a   0x00000006   Code   RO         5154    .ARM.Collect$$libinit$$0000000F  c_w.l(libinit2.o)
    0x08000330   0x08000330   0x00000000   Code   RO         5156    .ARM.Collect$$libinit$$00000011  c_w.l(libinit2.o)
    0x08000330   0x08000330   0x00000000   Code   RO         5158    .ARM.Collect$$libinit$$00000013  c_w.l(libinit2.o)
    0x08000330   0x08000330   0x00000000   Code   RO         5160    .ARM.Collect$$libinit$$00000015  c_w.l(libinit2.o)
    0x08000330   0x08000330   0x0000000a   Code   RO         5161    .ARM.Collect$$libinit$$00000016  c_w.l(libinit2.o)
    0x0800033a   0x0800033a   0x00000000   Code   RO         5162    .ARM.Collect$$libinit$$00000017  c_w.l(libinit2.o)
    0x0800033a   0x0800033a   0x00000000   Code   RO         5164    .ARM.Collect$$libinit$$00000019  c_w.l(libinit2.o)
    0x0800033a   0x0800033a   0x00000000   Code   RO         5166    .ARM.Collect$$libinit$$0000001B  c_w.l(libinit2.o)
    0x0800033a   0x0800033a   0x00000000   Code   RO         5168    .ARM.Collect$$libinit$$0000001D  c_w.l(libinit2.o)
    0x0800033a   0x0800033a   0x00000000   Code   RO         5170    .ARM.Collect$$libinit$$0000001F  c_w.l(libinit2.o)
    0x0800033a   0x0800033a   0x00000000   Code   RO         5172    .ARM.Collect$$libinit$$00000021  c_w.l(libinit2.o)
    0x0800033a   0x0800033a   0x00000000   Code   RO         5174    .ARM.Collect$$libinit$$00000023  c_w.l(libinit2.o)
    0x0800033a   0x0800033a   0x00000004   Code   RO         5175    .ARM.Collect$$libinit$$00000024  c_w.l(libinit2.o)
    0x0800033e   0x0800033e   0x00000000   Code   RO         5176    .ARM.Collect$$libinit$$00000025  c_w.l(libinit2.o)
    0x0800033e   0x0800033e   0x00000000   Code   RO         5180    .ARM.Collect$$libinit$$0000002C  c_w.l(libinit2.o)
    0x0800033e   0x0800033e   0x00000000   Code   RO         5182    .ARM.Collect$$libinit$$0000002E  c_w.l(libinit2.o)
    0x0800033e   0x0800033e   0x00000000   Code   RO         5184    .ARM.Collect$$libinit$$00000030  c_w.l(libinit2.o)
    0x0800033e   0x0800033e   0x00000000   Code   RO         5186    .ARM.Collect$$libinit$$00000032  c_w.l(libinit2.o)
    0x0800033e   0x0800033e   0x00000002   Code   RO         5187    .ARM.Collect$$libinit$$00000033  c_w.l(libinit2.o)
    0x08000340   0x08000340   0x00000002   Code   RO         5308    .ARM.Collect$$libshutdown$$00000000  c_w.l(libshutdown.o)
    0x08000342   0x08000342   0x00000000   Code   RO         5189    .ARM.Collect$$libshutdown$$00000002  c_w.l(libshutdown2.o)
    0x08000342   0x08000342   0x00000004   Code   RO         5190    .ARM.Collect$$libshutdown$$00000003  c_w.l(libshutdown2.o)
    0x08000346   0x08000346   0x00000000   Code   RO         5191    .ARM.Collect$$libshutdown$$00000004  c_w.l(libshutdown2.o)
    0x08000346   0x08000346   0x00000000   Code   RO         5194    .ARM.Collect$$libshutdown$$00000007  c_w.l(libshutdown2.o)
    0x08000346   0x08000346   0x00000000   Code   RO         5197    .ARM.Collect$$libshutdown$$0000000A  c_w.l(libshutdown2.o)
    0x08000346   0x08000346   0x00000000   Code   RO         5199    .ARM.Collect$$libshutdown$$0000000C  c_w.l(libshutdown2.o)
    0x08000346   0x08000346   0x00000000   Code   RO         5202    .ARM.Collect$$libshutdown$$0000000F  c_w.l(libshutdown2.o)
    0x08000346   0x08000346   0x00000002   Code   RO         5203    .ARM.Collect$$libshutdown$$00000010  c_w.l(libshutdown2.o)
    0x08000348   0x08000348   0x00000000   Code   RO         4913    .ARM.Collect$$rtentry$$00000000  c_w.l(__rtentry.o)
    0x08000348   0x08000348   0x00000000   Code   RO         4974    .ARM.Collect$$rtentry$$00000002  c_w.l(__rtentry2.o)
    0x08000348   0x08000348   0x00000006   Code   RO         4986    .ARM.Collect$$rtentry$$00000004  c_w.l(__rtentry4.o)
    0x0800034e   0x0800034e   0x00000000   Code   RO         4976    .ARM.Collect$$rtentry$$00000009  c_w.l(__rtentry2.o)
    0x0800034e   0x0800034e   0x00000004   Code   RO         4977    .ARM.Collect$$rtentry$$0000000A  c_w.l(__rtentry2.o)
    0x08000352   0x08000352   0x00000000   Code   RO         4979    .ARM.Collect$$rtentry$$0000000C  c_w.l(__rtentry2.o)
    0x08000352   0x08000352   0x00000008   Code   RO         4980    .ARM.Collect$$rtentry$$0000000D  c_w.l(__rtentry2.o)
    0x0800035a   0x0800035a   0x00000002   Code   RO         5207    .ARM.Collect$$rtexit$$00000000  c_w.l(rtexit.o)
    0x0800035c   0x0800035c   0x00000000   Code   RO         5259    .ARM.Collect$$rtexit$$00000002  c_w.l(rtexit2.o)
    0x0800035c   0x0800035c   0x00000004   Code   RO         5260    .ARM.Collect$$rtexit$$00000003  c_w.l(rtexit2.o)
    0x08000360   0x08000360   0x00000006   Code   RO         5261    .ARM.Collect$$rtexit$$00000004  c_w.l(rtexit2.o)
    0x08000366   0x08000366   0x00000002   PAD
    0x08000368   0x08000368   0x00000000   Code   RO         5265    .emb_text           c_w.l(maybetermalloc1.o)
    0x08000368   0x08000368   0x00000040   Code   RO            4    .text               startup_stm32h753xx.o
    0x080003a8   0x080003a8   0x000000ee   Code   RO         4813    .text               c_w.l(lludivv7m.o)
    0x08000496   0x08000496   0x00000002   PAD
    0x08000498   0x08000498   0x00000018   Code   RO         4817    .text               c_w.l(noretval__2printf.o)
    0x080004b0   0x080004b0   0x0000004e   Code   RO         4821    .text               c_w.l(_printf_pad.o)
    0x080004fe   0x080004fe   0x00000002   PAD
    0x08000500   0x08000500   0x00000058   Code   RO         4826    .text               c_w.l(_printf_hex_int.o)
    0x08000558   0x08000558   0x0000010e   Code   RO         4852    .text               c_w.l(__printf_wp.o)
    0x08000666   0x08000666   0x0000004e   Code   RO         4867    .text               c_w.l(rt_memclr_w.o)
    0x080006b4   0x080006b4   0x00000006   Code   RO         4869    .text               c_w.l(heapauxi.o)
    0x080006ba   0x080006ba   0x00000016   Code   RO         4918    .text               c_w.l(_rserrno.o)
    0x080006d0   0x080006d0   0x000000b2   Code   RO         4920    .text               c_w.l(_printf_intcommon.o)
    0x08000782   0x08000782   0x0000041e   Code   RO         4922    .text               c_w.l(_printf_fp_dec.o)
    0x08000ba0   0x08000ba0   0x00000024   Code   RO         4924    .text               c_w.l(_printf_char_file.o)
    0x08000bc4   0x08000bc4   0x00000008   Code   RO         4993    .text               c_w.l(rt_locale_intlibspace.o)
    0x08000bcc   0x08000bcc   0x00000008   Code   RO         4998    .text               c_w.l(rt_errno_addr_intlibspace.o)
    0x08000bd4   0x08000bd4   0x0000008a   Code   RO         5000    .text               c_w.l(lludiv10.o)
    0x08000c5e   0x08000c5e   0x00000002   PAD
    0x08000c60   0x08000c60   0x00000030   Code   RO         5002    .text               c_w.l(_printf_char_common.o)
    0x08000c90   0x08000c90   0x00000080   Code   RO         5004    .text               c_w.l(_printf_fp_infnan.o)
    0x08000d10   0x08000d10   0x000000e4   Code   RO         5006    .text               c_w.l(bigflt0.o)
    0x08000df4   0x08000df4   0x00000008   Code   RO         5031    .text               c_w.l(ferror.o)
    0x08000dfc   0x08000dfc   0x00000138   Code   RO         5033    .text               c_w.l(initio.o)
    0x08000f34   0x08000f34   0x00000066   Code   RO         5044    .text               c_w.l(sys_io.o)
    0x08000f9a   0x08000f9a   0x00000002   PAD
    0x08000f9c   0x08000f9c   0x00000008   Code   RO         5049    .text               c_w.l(libspace.o)
    0x08000fa4   0x08000fa4   0x0000004a   Code   RO         5054    .text               c_w.l(sys_stackheap_outer.o)
    0x08000fee   0x08000fee   0x0000004e   Code   RO         5058    .text               c_w.l(h1_free.o)
    0x0800103c   0x0800103c   0x00000046   Code   RO         5114    .text               c_w.l(setvbuf.o)
    0x08001082   0x08001082   0x00000002   PAD
    0x08001084   0x08001084   0x000000ec   Code   RO         5117    .text               c_w.l(fopen.o)
    0x08001170   0x08001170   0x0000004c   Code   RO         5119    .text               c_w.l(fclose.o)
    0x080011bc   0x080011bc   0x00000012   Code   RO         5125    .text               c_w.l(exit.o)
    0x080011ce   0x080011ce   0x0000000e   Code   RO         5131    .text               c_w.l(defsig_rtred_outer.o)
    0x080011dc   0x080011dc   0x00000068   Code   RO         5135    .text               c_w.l(strcmpv7m_pel.o)
    0x08001244   0x08001244   0x00000002   Code   RO         5204    .text               c_w.l(use_no_semi.o)
    0x08001246   0x08001246   0x00000000   Code   RO         5206    .text               c_w.l(indicate_semi.o)
    0x08001246   0x08001246   0x00000002   PAD
    0x08001248   0x08001248   0x00000008   Code   RO         5214    .text               c_w.l(rt_heap_descriptor_intlibspace.o)
    0x08001250   0x08001250   0x00000004   Code   RO         5216    .text               c_w.l(hguard.o)
    0x08001254   0x08001254   0x0000008a   Code   RO         5218    .text               c_w.l(init_alloc.o)
    0x080012de   0x080012de   0x0000005e   Code   RO         5224    .text               c_w.l(h1_alloc.o)
    0x0800133c   0x0800133c   0x000000f8   Code   RO         5238    .text               c_w.l(fseek.o)
    0x08001434   0x08001434   0x000000f0   Code   RO         5240    .text               c_w.l(stdio.o)
    0x08001524   0x08001524   0x0000000a   Code   RO         5242    .text               c_w.l(defsig_exit.o)
    0x0800152e   0x0800152e   0x00000002   PAD
    0x08001530   0x08001530   0x00000034   Code   RO         5246    .text               c_w.l(defsig_rtred_inner.o)
    0x08001564   0x08001564   0x0000003e   Code   RO         5248    .text               c_w.l(strlen.o)
    0x080015a2   0x080015a2   0x00000002   PAD
    0x080015a4   0x080015a4   0x0000000c   Code   RO         5256    .text               c_w.l(sys_exit.o)
    0x080015b0   0x080015b0   0x0000000e   Code   RO         5267    .text               c_w.l(h1_init.o)
    0x080015be   0x080015be   0x00000034   Code   RO         5269    .text               c_w.l(h1_extend.o)
    0x080015f2   0x080015f2   0x00000042   Code   RO         5275    .text               c_w.l(ftell.o)
    0x08001634   0x08001634   0x00000032   Code   RO         5279    .text               c_w.l(defsig_general.o)
    0x08001666   0x08001666   0x0000000e   Code   RO         5281    .text               c_w.l(defsig_rtmem_outer.o)
    0x08001674   0x08001674   0x0000000e   Code   RO         5294    .text               c_w.l(sys_wrch.o)
    0x08001682   0x08001682   0x00000002   PAD
    0x08001684   0x08001684   0x00000050   Code   RO         5302    .text               c_w.l(defsig_rtmem_inner.o)
    0x080016d4   0x080016d4   0x0000003e   Code   RO         5009    CL$$btod_d2e        c_w.l(btod.o)
    0x08001712   0x08001712   0x00000046   Code   RO         5011    CL$$btod_d2e_denorm_low  c_w.l(btod.o)
    0x08001758   0x08001758   0x00000060   Code   RO         5010    CL$$btod_d2e_norm_op1  c_w.l(btod.o)
    0x080017b8   0x080017b8   0x00000338   Code   RO         5019    CL$$btod_div_common  c_w.l(btod.o)
    0x08001af0   0x08001af0   0x000000dc   Code   RO         5016    CL$$btod_e2e        c_w.l(btod.o)
    0x08001bcc   0x08001bcc   0x0000002a   Code   RO         5013    CL$$btod_ediv       c_w.l(btod.o)
    0x08001bf6   0x08001bf6   0x0000002a   Code   RO         5012    CL$$btod_emul       c_w.l(btod.o)
    0x08001c20   0x08001c20   0x00000244   Code   RO         5018    CL$$btod_mult_common  c_w.l(btod.o)
    0x08001e64   0x08001e64   0x00000002   Code   RO          366    i.BusFault_Handler  stm32h7xx_it.o
    0x08001e66   0x08001e66   0x00000002   Code   RO          367    i.DebugMon_Handler  stm32h7xx_it.o
    0x08001e68   0x08001e68   0x00000004   Code   RO           13    i.Error_Handler     main.o
    0x08001e6c   0x08001e6c   0x000004a0   Code   RO         4666    i.GetAngle          imu.o
    0x0800230c   0x0800230c   0x00000024   Code   RO         2014    i.HAL_Delay         stm32h7xx_hal.o
    0x08002330   0x08002330   0x0000022c   Code   RO         1153    i.HAL_GPIO_Init     stm32h7xx_hal_gpio.o
    0x0800255c   0x0800255c   0x0000000c   Code   RO         2025    i.HAL_GetREVID      stm32h7xx_hal.o
    0x08002568   0x08002568   0x0000000c   Code   RO         2026    i.HAL_GetTick       stm32h7xx_hal.o
    0x08002574   0x08002574   0x00000058   Code   RO         2791    i.HAL_I2CEx_ConfigAnalogFilter  stm32h7xx_hal_i2c_ex.o
    0x080025cc   0x080025cc   0x00000054   Code   RO         2792    i.HAL_I2CEx_ConfigDigitalFilter  stm32h7xx_hal_i2c_ex.o
    0x08002620   0x08002620   0x000000b8   Code   RO         2330    i.HAL_I2C_Init      stm32h7xx_hal_i2c.o
    0x080026d8   0x080026d8   0x00000164   Code   RO         2348    i.HAL_I2C_Mem_Read  stm32h7xx_hal_i2c.o
    0x0800283c   0x0800283c   0x00000158   Code   RO         2351    i.HAL_I2C_Mem_Write  stm32h7xx_hal_i2c.o
    0x08002994   0x08002994   0x00000084   Code   RO          231    i.HAL_I2C_MspInit   i2c.o
    0x08002a18   0x08002a18   0x00000010   Code   RO         2032    i.HAL_IncTick       stm32h7xx_hal.o
    0x08002a28   0x08002a28   0x0000005c   Code   RO         2033    i.HAL_Init          stm32h7xx_hal.o
    0x08002a84   0x08002a84   0x00000084   Code   RO          478    i.HAL_InitTick      stm32h7xx_hal_timebase_tim.o
    0x08002b08   0x08002b08   0x0000001c   Code   RO          519    i.HAL_MPU_Disable   stm32h7xx_hal_cortex.o
    0x08002b24   0x08002b24   0x00000024   Code   RO          520    i.HAL_MPU_Enable    stm32h7xx_hal_cortex.o
    0x08002b48   0x08002b48   0x0000001c   Code   RO          454    i.HAL_MspInit       stm32h7xx_hal_msp.o
    0x08002b64   0x08002b64   0x0000001a   Code   RO          523    i.HAL_NVIC_EnableIRQ  stm32h7xx_hal_cortex.o
    0x08002b7e   0x08002b7e   0x00000002   PAD
    0x08002b80   0x08002b80   0x00000040   Code   RO          529    i.HAL_NVIC_SetPriority  stm32h7xx_hal_cortex.o
    0x08002bc0   0x08002bc0   0x00000024   Code   RO          530    i.HAL_NVIC_SetPriorityGrouping  stm32h7xx_hal_cortex.o
    0x08002be4   0x08002be4   0x00000054   Code   RO         1754    i.HAL_PWREx_ConfigSupply  stm32h7xx_hal_pwr_ex.o
    0x08002c38   0x08002c38   0x00000024   Code   RO          774    i.HAL_RCCEx_GetD3PCLK1Freq  stm32h7xx_hal_rcc_ex.o
    0x08002c5c   0x08002c5c   0x00000144   Code   RO          776    i.HAL_RCCEx_GetPLL2ClockFreq  stm32h7xx_hal_rcc_ex.o
    0x08002da0   0x08002da0   0x00000144   Code   RO          777    i.HAL_RCCEx_GetPLL3ClockFreq  stm32h7xx_hal_rcc_ex.o
    0x08002ee4   0x08002ee4   0x000009ac   Code   RO          783    i.HAL_RCCEx_PeriphCLKConfig  stm32h7xx_hal_rcc_ex.o
    0x08003890   0x08003890   0x0000025c   Code   RO          659    i.HAL_RCC_ClockConfig  stm32h7xx_hal_rcc.o
    0x08003aec   0x08003aec   0x0000005c   Code   RO          663    i.HAL_RCC_GetClockConfig  stm32h7xx_hal_rcc.o
    0x08003b48   0x08003b48   0x00000044   Code   RO          664    i.HAL_RCC_GetHCLKFreq  stm32h7xx_hal_rcc.o
    0x08003b8c   0x08003b8c   0x00000024   Code   RO          666    i.HAL_RCC_GetPCLK1Freq  stm32h7xx_hal_rcc.o
    0x08003bb0   0x08003bb0   0x00000024   Code   RO          667    i.HAL_RCC_GetPCLK2Freq  stm32h7xx_hal_rcc.o
    0x08003bd4   0x08003bd4   0x00000138   Code   RO          668    i.HAL_RCC_GetSysClockFreq  stm32h7xx_hal_rcc.o
    0x08003d0c   0x08003d0c   0x00000582   Code   RO          671    i.HAL_RCC_OscConfig  stm32h7xx_hal_rcc.o
    0x0800428e   0x0800428e   0x00000002   Code   RO         3633    i.HAL_TIMEx_Break2Callback  stm32h7xx_hal_tim_ex.o
    0x08004290   0x08004290   0x00000002   Code   RO         3634    i.HAL_TIMEx_BreakCallback  stm32h7xx_hal_tim_ex.o
    0x08004292   0x08004292   0x00000002   Code   RO         3635    i.HAL_TIMEx_CommutCallback  stm32h7xx_hal_tim_ex.o
    0x08004294   0x08004294   0x000000a4   Code   RO         3655    i.HAL_TIMEx_MasterConfigSynchronization  stm32h7xx_hal_tim_ex.o
    0x08004338   0x08004338   0x00000062   Code   RO         2919    i.HAL_TIM_Base_Init  stm32h7xx_hal_tim.o
    0x0800439a   0x0800439a   0x00000002   PAD
    0x0800439c   0x0800439c   0x00000038   Code   RO          273    i.HAL_TIM_Base_MspInit  tim.o
    0x080043d4   0x080043d4   0x0000008c   Code   RO         2924    i.HAL_TIM_Base_Start_IT  stm32h7xx_hal_tim.o
    0x08004460   0x08004460   0x000000fc   Code   RO         2928    i.HAL_TIM_ConfigClockSource  stm32h7xx_hal_tim.o
    0x0800455c   0x0800455c   0x00000002   Code   RO         2953    i.HAL_TIM_IC_CaptureCallback  stm32h7xx_hal_tim.o
    0x0800455e   0x0800455e   0x00000182   Code   RO         2967    i.HAL_TIM_IRQHandler  stm32h7xx_hal_tim.o
    0x080046e0   0x080046e0   0x00000002   Code   RO         2970    i.HAL_TIM_OC_DelayElapsedCallback  stm32h7xx_hal_tim.o
    0x080046e2   0x080046e2   0x00000002   Code   RO         2997    i.HAL_TIM_PWM_PulseFinishedCallback  stm32h7xx_hal_tim.o
    0x080046e4   0x080046e4   0x00000040   Code   RO           14    i.HAL_TIM_PeriodElapsedCallback  main.o
    0x08004724   0x08004724   0x00000002   Code   RO         3010    i.HAL_TIM_TriggerCallback  stm32h7xx_hal_tim.o
    0x08004726   0x08004726   0x00000040   Code   RO         4344    i.HAL_UARTEx_DisableFifoMode  stm32h7xx_hal_uart_ex.o
    0x08004766   0x08004766   0x0000004c   Code   RO         4353    i.HAL_UARTEx_SetRxFifoThreshold  stm32h7xx_hal_uart_ex.o
    0x080047b2   0x080047b2   0x0000004c   Code   RO         4354    i.HAL_UARTEx_SetTxFifoThreshold  stm32h7xx_hal_uart_ex.o
    0x080047fe   0x080047fe   0x0000006a   Code   RO         3953    i.HAL_UART_Init     stm32h7xx_hal_uart.o
    0x08004868   0x08004868   0x00000088   Code   RO          315    i.HAL_UART_MspInit  usart.o
    0x080048f0   0x080048f0   0x000000b0   Code   RO         3962    i.HAL_UART_Transmit  stm32h7xx_hal_uart.o
    0x080049a0   0x080049a0   0x00000002   Code   RO          368    i.HardFault_Handler  stm32h7xx_it.o
    0x080049a2   0x080049a2   0x00000022   Code   RO         2377    i.I2C_Flush_TXDR    stm32h7xx_hal_i2c.o
    0x080049c4   0x080049c4   0x00000110   Code   RO         2385    i.I2C_IsErrorOccurred  stm32h7xx_hal_i2c.o
    0x08004ad4   0x08004ad4   0x00000064   Code   RO         2390    i.I2C_RequestMemoryRead  stm32h7xx_hal_i2c.o
    0x08004b38   0x08004b38   0x00000064   Code   RO         2391    i.I2C_RequestMemoryWrite  stm32h7xx_hal_i2c.o
    0x08004b9c   0x08004b9c   0x00000030   Code   RO         2394    i.I2C_TransferConfig  stm32h7xx_hal_i2c.o
    0x08004bcc   0x08004bcc   0x0000006e   Code   RO         2396    i.I2C_WaitOnFlagUntilTimeout  stm32h7xx_hal_i2c.o
    0x08004c3a   0x08004c3a   0x00000058   Code   RO         2398    i.I2C_WaitOnSTOPFlagUntilTimeout  stm32h7xx_hal_i2c.o
    0x08004c92   0x08004c92   0x0000005c   Code   RO         2399    i.I2C_WaitOnTXISFlagUntilTimeout  stm32h7xx_hal_i2c.o
    0x08004cee   0x08004cee   0x00000002   PAD
    0x08004cf0   0x08004cf0   0x00000094   Code   RO         4562    i.MPU_Init          mpu6050.o
    0x08004d84   0x08004d84   0x00000030   Code   RO         4563    i.MPU_Read_Byte     mpu6050.o
    0x08004db4   0x08004db4   0x0000000a   Code   RO         4565    i.MPU_Set_Accel_Fsr  mpu6050.o
    0x08004dbe   0x08004dbe   0x0000000a   Code   RO         4566    i.MPU_Set_Gyro_Fsr  mpu6050.o
    0x08004dc8   0x08004dc8   0x00000030   Code   RO         4567    i.MPU_Set_LPF       mpu6050.o
    0x08004df8   0x08004df8   0x0000002e   Code   RO         4568    i.MPU_Set_Rate      mpu6050.o
    0x08004e26   0x08004e26   0x00000002   PAD
    0x08004e28   0x08004e28   0x00000030   Code   RO         4569    i.MPU_Write_Byte    mpu6050.o
    0x08004e58   0x08004e58   0x0000003c   Code   RO          202    i.MX_GPIO_Init      gpio.o
    0x08004e94   0x08004e94   0x00000058   Code   RO          232    i.MX_I2C1_Init      i2c.o
    0x08004eec   0x08004eec   0x00000068   Code   RO          274    i.MX_TIM2_Init      tim.o
    0x08004f54   0x08004f54   0x00000068   Code   RO          316    i.MX_USART1_UART_Init  usart.o
    0x08004fbc   0x08004fbc   0x00000002   Code   RO          369    i.MemManage_Handler  stm32h7xx_it.o
    0x08004fbe   0x08004fbe   0x00000002   PAD
    0x08004fc0   0x08004fc0   0x000000e8   Code   RO         4571    i.MpuGetData        mpu6050.o
    0x080050a8   0x080050a8   0x00000002   Code   RO          370    i.NMI_Handler       stm32h7xx_it.o
    0x080050aa   0x080050aa   0x00000002   Code   RO          371    i.PendSV_Handler    stm32h7xx_it.o
    0x080050ac   0x080050ac   0x00000120   Code   RO          786    i.RCCEx_PLL2_Config  stm32h7xx_hal_rcc_ex.o
    0x080051cc   0x080051cc   0x00000120   Code   RO          787    i.RCCEx_PLL3_Config  stm32h7xx_hal_rcc_ex.o
    0x080052ec   0x080052ec   0x00000002   Code   RO          372    i.SVC_Handler       stm32h7xx_it.o
    0x080052ee   0x080052ee   0x00000002   Code   RO          373    i.SysTick_Handler   stm32h7xx_it.o
    0x080052f0   0x080052f0   0x000000a4   Code   RO           15    i.SystemClock_Config  main.o
    0x08005394   0x08005394   0x000000dc   Code   RO         4463    i.SystemInit        system_stm32h7xx.o
    0x08005470   0x08005470   0x0000000c   Code   RO          374    i.TIM1_UP_IRQHandler  stm32h7xx_it.o
    0x0800547c   0x0800547c   0x0000000c   Code   RO          375    i.TIM2_IRQHandler   stm32h7xx_it.o
    0x08005488   0x08005488   0x000000c4   Code   RO         3012    i.TIM_Base_SetConfig  stm32h7xx_hal_tim.o
    0x0800554c   0x0800554c   0x00000012   Code   RO         3023    i.TIM_ETR_SetConfig  stm32h7xx_hal_tim.o
    0x0800555e   0x0800555e   0x00000002   PAD
    0x08005560   0x08005560   0x00000014   Code   RO         3024    i.TIM_ITRx_SetConfig  stm32h7xx_hal_tim.o
    0x08005574   0x08005574   0x00000022   Code   RO         3032    i.TIM_TI1_ConfigInputStage  stm32h7xx_hal_tim.o
    0x08005596   0x08005596   0x00000024   Code   RO         3034    i.TIM_TI2_ConfigInputStage  stm32h7xx_hal_tim.o
    0x080055ba   0x080055ba   0x00000002   PAD
    0x080055bc   0x080055bc   0x00000044   Code   RO         4358    i.UARTEx_SetNbDataToProcess  stm32h7xx_hal_uart_ex.o
    0x08005600   0x08005600   0x000000c8   Code   RO         3967    i.UART_AdvFeatureConfig  stm32h7xx_hal_uart.o
    0x080056c8   0x080056c8   0x000000aa   Code   RO         3968    i.UART_CheckIdleState  stm32h7xx_hal_uart.o
    0x08005772   0x08005772   0x00000002   PAD
    0x08005774   0x08005774   0x00000054   Code   RO         3979    i.UART_EndRxTransfer  stm32h7xx_hal_uart.o
    0x080057c8   0x080057c8   0x000003ac   Code   RO         3985    i.UART_SetConfig    stm32h7xx_hal_uart.o
    0x08005b74   0x08005b74   0x0000008c   Code   RO         3992    i.UART_WaitOnFlagUntilTimeout  stm32h7xx_hal_uart.o
    0x08005c00   0x08005c00   0x00000002   Code   RO          376    i.UsageFault_Handler  stm32h7xx_it.o
    0x08005c02   0x08005c02   0x00000030   Code   RO         4968    i.__ARM_fpclassify  m_wv.l(fpclassify.o)
    0x08005c32   0x08005c32   0x00000022   Code   RO          536    i.__NVIC_SetPriority  stm32h7xx_hal_cortex.o
    0x08005c54   0x08005c54   0x00000004   PAD
    0x08005c58   0x08005c58   0x00000208   Code   RO         4875    i.__hardfp_asin     m_wv.l(asin.o)
    0x08005e60   0x08005e60   0x00000200   Code   RO         4934    i.__hardfp_atan     m_wv.l(atan.o)
    0x08006060   0x08006060   0x000001c0   Code   RO         4889    i.__hardfp_atan2    m_wv.l(atan2.o)
    0x08006220   0x08006220   0x00000066   Code   RO         4901    i.__hardfp_sqrt     m_wv.l(sqrt.o)
    0x08006286   0x08006286   0x00000070   Code   RO         4970    i.__kernel_poly     m_wv.l(poly.o)
    0x080062f6   0x080062f6   0x00000006   Code   RO         4949    i.__mathlib_dbl_infnan  m_wv.l(dunder.o)
    0x080062fc   0x080062fc   0x00000006   Code   RO         4950    i.__mathlib_dbl_infnan2  m_wv.l(dunder.o)
    0x08006302   0x08006302   0x00000006   PAD
    0x08006308   0x08006308   0x00000018   Code   RO         4951    i.__mathlib_dbl_invalid  m_wv.l(dunder.o)
    0x08006320   0x08006320   0x00000018   Code   RO         4954    i.__mathlib_dbl_underflow  m_wv.l(dunder.o)
    0x08006338   0x08006338   0x0000000e   Code   RO         4854    i._is_digit         c_w.l(__printf_wp.o)
    0x08006346   0x08006346   0x00000010   Code   RO         4936    i.atan              m_wv.l(atan.o)
    0x08006356   0x08006356   0x00000018   Code   RO         4964    i.fabs              m_wv.l(fabs.o)
    0x0800636e   0x0800636e   0x00000002   PAD
    0x08006370   0x08006370   0x00000020   Code   RO          317    i.fputc             usart.o
    0x08006390   0x08006390   0x00000042   Code   RO         4786    i.kalmanfiter       kalman.o
    0x080063d2   0x080063d2   0x00000002   PAD
    0x080063d4   0x080063d4   0x000000b8   Code   RO           16    i.main              main.o
    0x0800648c   0x0800648c   0x0000006a   Code   RO         4903    i.sqrt              m_wv.l(sqrt.o)
    0x080064f6   0x080064f6   0x00000002   PAD
    0x080064f8   0x080064f8   0x0000002c   Code   RO         5040    locale$$code        c_w.l(lc_numeric_c.o)
    0x08006524   0x08006524   0x0000000a   Code   RO         5254    x$fpl$fpinit        fz_wv.l(fpinit.o)
    0x0800652e   0x0800652e   0x00000004   Code   RO         4873    x$fpl$printf1       fz_wv.l(printf1.o)
    0x08006532   0x08006532   0x00000000   Code   RO         4933    x$fpl$usenofp       fz_wv.l(usenofp.o)
    0x08006532   0x08006532   0x00000018   Data   RO         3993    .constdata          stm32h7xx_hal_uart.o
    0x0800654a   0x0800654a   0x00000010   Data   RO         4359    .constdata          stm32h7xx_hal_uart_ex.o
    0x0800655a   0x0800655a   0x00000010   Data   RO         4464    .constdata          system_stm32h7xx.o
    0x0800656a   0x0800656a   0x00000028   Data   RO         4827    .constdata          c_w.l(_printf_hex_int.o)
    0x08006592   0x08006592   0x00000006   PAD
    0x08006598   0x08006598   0x00000050   Data   RO         4878    .constdata          m_wv.l(asin.o)
    0x080065e8   0x080065e8   0x00000098   Data   RO         4937    .constdata          m_wv.l(atan.o)
    0x08006680   0x08006680   0x00000008   Data   RO         4972    .constdata          m_wv.l(qnan.o)
    0x08006688   0x08006688   0x00000094   Data   RO         5007    .constdata          c_w.l(bigflt0.o)
    0x0800671c   0x0800671c   0x00000004   Data   RO         5045    .constdata          c_w.l(sys_io.o)
    0x08006720   0x08006720   0x00000004   Data   RO         5046    .constdata          c_w.l(sys_io.o)
    0x08006724   0x08006724   0x00000004   Data   RO         5047    .constdata          c_w.l(sys_io.o)
    0x08006728   0x08006728   0x00000020   Data   RO         5325    Region$$Table       anon$$obj.o
    0x08006748   0x08006748   0x0000001c   Data   RO         5039    locale$$data        c_w.l(lc_numeric_c.o)


    Execution Region RW_IRAM1 (Exec base: 0x20000000, Load base: 0x08006764, Size: 0x00000000, Max: 0x00020000, ABSOLUTE)

    **** No section assigned to this execution region ****


    Execution Region RW_IRAM2 (Exec base: 0x24000000, Load base: 0x08006764, Size: 0x000009a0, Max: 0x00080000, ABSOLUTE)

    Exec Addr    Load Addr    Size         Type   Attr      Idx    E Section Name        Object

    0x24000000   0x08006764   0x0000000c   Data   RW         2055    .data               stm32h7xx_hal.o
    0x2400000c   0x08006770   0x00000008   Data   RW         4465    .data               system_stm32h7xx.o
    0x24000014   0x08006778   0x0000004c   Data   RW         4573    .data               mpu6050.o
    0x24000060   0x080067c4   0x0000001c   Data   RW         4674    .data               imu.o
    0x2400007c   0x080067e0   0x00000004   Data   RW         4930    .data               c_w.l(stdio_streams.o)
    0x24000080   0x080067e4   0x00000004   Data   RW         4931    .data               c_w.l(stdio_streams.o)
    0x24000084   0x080067e8   0x00000004   Data   RW         4932    .data               c_w.l(stdio_streams.o)
    0x24000088        -       0x00000054   Zero   RW          233    .bss                i2c.o
    0x240000dc        -       0x0000004c   Zero   RW          275    .bss                tim.o
    0x24000128        -       0x00000094   Zero   RW          318    .bss                usart.o
    0x240001bc        -       0x0000004c   Zero   RW          481    .bss                stm32h7xx_hal_timebase_tim.o
    0x24000208        -       0x0000000c   Zero   RW         4525    .bss                init.o
    0x24000214        -       0x0000000c   Zero   RW         4526    .bss                init.o
    0x24000220        -       0x00000018   Zero   RW         4572    .bss                mpu6050.o
    0x24000238        -       0x0000000c   Zero   RW         4668    .bss                imu.o
    0x24000244        -       0x00000054   Zero   RW         4927    .bss                c_w.l(stdio_streams.o)
    0x24000298        -       0x00000054   Zero   RW         4928    .bss                c_w.l(stdio_streams.o)
    0x240002ec        -       0x00000054   Zero   RW         4929    .bss                c_w.l(stdio_streams.o)
    0x24000340        -       0x00000060   Zero   RW         5050    .bss                c_w.l(libspace.o)
    0x240003a0        -       0x00000200   Zero   RW            2    HEAP                startup_stm32h753xx.o
    0x240005a0        -       0x00000400   Zero   RW            1    STACK               startup_stm32h753xx.o


==============================================================================

Image component sizes


      Code (inc. data)   RO Data    RW Data    ZI Data      Debug   Object Name

        60          6          0          0          0        951   gpio.o
       220         24          0          0         84       1897   i2c.o
      1184         68          0         28         12       3710   imu.o
         0          0          0          0         24       2041   init.o
        66          0          0          0          0       1266   kalman.o
       416         44          0          0          0    1336195   main.o
       590         52          0         76         24       6170   mpu6050.o
        64         26        664          0       1536        844   startup_stm32h753xx.o
       168         36          0         12          0      22745   stm32h7xx_hal.o
       224         22          0          0          0      40009   stm32h7xx_hal_cortex.o
       556         50          0          0          0       1660   stm32h7xx_hal_gpio.o
      1728         38          0          0          0      12494   stm32h7xx_hal_i2c.o
       172          0          0          0          0       2099   stm32h7xx_hal_i2c_ex.o
        28          6          0          0          0        938   stm32h7xx_hal_msp.o
        84          6          0          0          0        793   stm32h7xx_hal_pwr_ex.o
      2558        110          0          0          0       7901   stm32h7xx_hal_rcc.o
      3736        118          0          0          0       7901   stm32h7xx_hal_rcc_ex.o
      1188         84          0          0          0      10433   stm32h7xx_hal_tim.o
       170         30          0          0          0       3256   stm32h7xx_hal_tim_ex.o
       132         22          0          0         76       1587   stm32h7xx_hal_timebase_tim.o
      1816        112         24          0          0      26922   stm32h7xx_hal_uart.o
       284          6         16          0          0       3825   stm32h7xx_hal_uart_ex.o
        42         12          0          0          0       5129   stm32h7xx_it.o
       220         40         16          8          0       1550   system_stm32h7xx.o
       160         16          0          0         76       1838   tim.o
       272         30          0          0        148       3962   usart.o

    ----------------------------------------------------------------------
     16160        958        752        124       1980    1508116   Object Totals
         0          0         32          0          0          0   (incl. Generated)
        22          0          0          0          0          0   (incl. Padding)

    ----------------------------------------------------------------------

      Code (inc. data)   RO Data    RW Data    ZI Data      Debug   Library Member Name

         8          0          0          0          0         68   __main.o
       284          0          0          0          0        156   __printf_wp.o
         0          0          0          0          0          0   __rtentry.o
        12          0          0          0          0          0   __rtentry2.o
         6          0          0          0          0          0   __rtentry4.o
        52          8          0          0          0          0   __scatter.o
        26          0          0          0          0          0   __scatter_copy.o
        28          0          0          0          0          0   __scatter_zi.o
        48          6          0          0          0         96   _printf_char_common.o
        36          4          0          0          0         80   _printf_char_file.o
         6          0          0          0          0          0   _printf_f.o
      1054          0          0          0          0        216   _printf_fp_dec.o
       128         16          0          0          0         84   _printf_fp_infnan.o
        88          4         40          0          0         88   _printf_hex_int.o
       178          0          0          0          0         88   _printf_intcommon.o
        78          0          0          0          0        108   _printf_pad.o
         0          0          0          0          0          0   _printf_percent.o
         4          0          0          0          0          0   _printf_percent_end.o
         6          0          0          0          0          0   _printf_x.o
        22          0          0          0          0        100   _rserrno.o
       228          4        148          0          0         96   bigflt0.o
      1936        128          0          0          0        672   btod.o
        10          0          0          0          0         68   defsig_exit.o
        50          0          0          0          0         88   defsig_general.o
        80         58          0          0          0         76   defsig_rtmem_inner.o
        14          0          0          0          0         80   defsig_rtmem_outer.o
        52         38          0          0          0         76   defsig_rtred_inner.o
        14          0          0          0          0         80   defsig_rtred_outer.o
        18          0          0          0          0         80   exit.o
        76          0          0          0          0         88   fclose.o
         8          0          0          0          0         68   ferror.o
       236          4          0          0          0        128   fopen.o
       248          6          0          0          0         84   fseek.o
        66          0          0          0          0         76   ftell.o
        94          0          0          0          0         80   h1_alloc.o
        52          0          0          0          0         68   h1_extend.o
        78          0          0          0          0         80   h1_free.o
        14          0          0          0          0         84   h1_init.o
         6          0          0          0          0        152   heapauxi.o
         4          0          0          0          0        136   hguard.o
         0          0          0          0          0          0   indicate_semi.o
       138          0          0          0          0        168   init_alloc.o
       312         46          0          0          0        112   initio.o
        44         10         28          0          0         76   lc_numeric_c.o
         2          0          0          0          0          0   libinit.o
        34          0          0          0          0          0   libinit2.o
         2          0          0          0          0          0   libshutdown.o
         6          0          0          0          0          0   libshutdown2.o
         8          4          0          0         96         68   libspace.o
       138          0          0          0          0         80   lludiv10.o
       238          0          0          0          0        100   lludivv7m.o
         0          0          0          0          0          0   maybetermalloc1.o
        24          4          0          0          0         84   noretval__2printf.o
         8          4          0          0          0         68   rt_errno_addr_intlibspace.o
         8          4          0          0          0         68   rt_heap_descriptor_intlibspace.o
         8          4          0          0          0         68   rt_locale_intlibspace.o
        78          0          0          0          0         80   rt_memclr_w.o
         2          0          0          0          0          0   rtexit.o
        10          0          0          0          0          0   rtexit2.o
        70          0          0          0          0         80   setvbuf.o
       240          6          0          0          0        156   stdio.o
         0          0          0         12        252          0   stdio_streams.o
       104          0          0          0          0         68   strcmpv7m_pel.o
        62          0          0          0          0         76   strlen.o
        12          4          0          0          0         68   sys_exit.o
       102          0         12          0          0        240   sys_io.o
        74          0          0          0          0         80   sys_stackheap_outer.o
        14          0          0          0          0         76   sys_wrch.o
         2          0          0          0          0         68   use_no_semi.o
        10          0          0          0          0        116   fpinit.o
         4          0          0          0          0        116   printf1.o
         0          0          0          0          0          0   usenofp.o
       520         88         80          0          0        252   asin.o
       528        110        152          0          0        348   atan.o
       448         68          0          0          0        180   atan2.o
        60         28          0          0          0        464   dunder.o
        24          0          0          0          0        124   fabs.o
        48          0          0          0          0        124   fpclassify.o
       112          0          0          0          0        116   poly.o
         0          0          8          0          0          0   qnan.o
       208          0          0          0          0        280   sqrt.o

    ----------------------------------------------------------------------
      9082        656        474         12        348       7448   Library Totals
        32          0          6          0          0          0   (incl. Padding)

    ----------------------------------------------------------------------

      Code (inc. data)   RO Data    RW Data    ZI Data      Debug   Library Name

      7088        362        228         12        348       5328   c_w.l
        14          0          0          0          0        232   fz_wv.l
      1948        294        240          0          0       1888   m_wv.l

    ----------------------------------------------------------------------
      9082        656        474         12        348       7448   Library Totals

    ----------------------------------------------------------------------

==============================================================================


      Code (inc. data)   RO Data    RW Data    ZI Data      Debug   

     25242       1614       1226        136       2328    1501952   Grand Totals
     25242       1614       1226        136       2328    1501952   ELF Image Totals
     25242       1614       1226        136          0          0   ROM Totals

==============================================================================

    Total RO  Size (Code + RO Data)                26468 (  25.85kB)
    Total RW  Size (RW Data + ZI Data)              2464 (   2.41kB)
    Total ROM Size (Code + RO Data + RW Data)      26604 (  25.98kB)

==============================================================================

