Component: ARM Compiler 5.06 update 5 (build 528) Tool: armlink [4d35e2]

==============================================================================

Section Cross References

    startup_stm32h753xx.o(RESET) refers to startup_stm32h753xx.o(STACK) for __initial_sp
    startup_stm32h753xx.o(RESET) refers to startup_stm32h753xx.o(.text) for Reset_Handler
    startup_stm32h753xx.o(RESET) refers to stm32h7xx_it.o(i.NMI_Handler) for NMI_Handler
    startup_stm32h753xx.o(RESET) refers to stm32h7xx_it.o(i.HardFault_Handler) for HardFault_Handler
    startup_stm32h753xx.o(RESET) refers to stm32h7xx_it.o(i.MemManage_Handler) for MemManage_Handler
    startup_stm32h753xx.o(RESET) refers to stm32h7xx_it.o(i.BusFault_Handler) for BusFault_Handler
    startup_stm32h753xx.o(RESET) refers to stm32h7xx_it.o(i.UsageFault_Handler) for UsageFault_Handler
    startup_stm32h753xx.o(RESET) refers to stm32h7xx_it.o(i.SVC_Handler) for SVC_Handler
    startup_stm32h753xx.o(RESET) refers to stm32h7xx_it.o(i.DebugMon_Handler) for DebugMon_Handler
    startup_stm32h753xx.o(RESET) refers to stm32h7xx_it.o(i.PendSV_Handler) for PendSV_Handler
    startup_stm32h753xx.o(RESET) refers to stm32h7xx_it.o(i.SysTick_Handler) for SysTick_Handler
    startup_stm32h753xx.o(RESET) refers to stm32h7xx_it.o(i.DMA1_Stream0_IRQHandler) for DMA1_Stream0_IRQHandler
    startup_stm32h753xx.o(RESET) refers to stm32h7xx_it.o(i.TIM1_UP_IRQHandler) for TIM1_UP_IRQHandler
    startup_stm32h753xx.o(RESET) refers to stm32h7xx_it.o(i.TIM2_IRQHandler) for TIM2_IRQHandler
    startup_stm32h753xx.o(RESET) refers to stm32h7xx_it.o(i.USART1_IRQHandler) for USART1_IRQHandler
    startup_stm32h753xx.o(.text) refers to system_stm32h7xx.o(i.SystemInit) for SystemInit
    startup_stm32h753xx.o(.text) refers to entry.o(.ARM.Collect$$$$00000000) for __main
    main.o(i.HAL_TIM_PeriodElapsedCallback) refers to mpu6050.o(i.MpuGetData) for MpuGetData
    main.o(i.HAL_TIM_PeriodElapsedCallback) refers to imu.o(i.GetAngle) for GetAngle
    main.o(i.HAL_TIM_PeriodElapsedCallback) refers to stm32h7xx_hal.o(i.HAL_IncTick) for HAL_IncTick
    main.o(i.HAL_TIM_PeriodElapsedCallback) refers to tim.o(.bss) for htim2
    main.o(i.HAL_TIM_PeriodElapsedCallback) refers to init.o(.bss) for Angle
    main.o(i.HAL_TIM_PeriodElapsedCallback) refers to init.o(.bss) for MPU6050
    main.o(i.HAL_UARTEx_RxEventCallback) refers to stm32h7xx_hal_uart_ex.o(i.HAL_UARTEx_ReceiveToIdle_DMA) for HAL_UARTEx_ReceiveToIdle_DMA
    main.o(i.HAL_UARTEx_RxEventCallback) refers to memseta.o(.text) for __aeabi_memclr
    main.o(i.HAL_UARTEx_RxEventCallback) refers to main.o(.bss) for .bss
    main.o(i.HAL_UARTEx_RxEventCallback) refers to usart.o(.bss) for huart1
    main.o(i.HAL_UART_ErrorCallback) refers to stm32h7xx_hal_uart_ex.o(i.HAL_UARTEx_ReceiveToIdle_DMA) for HAL_UARTEx_ReceiveToIdle_DMA
    main.o(i.HAL_UART_ErrorCallback) refers to memseta.o(.text) for __aeabi_memclr
    main.o(i.HAL_UART_ErrorCallback) refers to main.o(.bss) for .bss
    main.o(i.HAL_UART_ErrorCallback) refers to usart.o(.bss) for huart1
    main.o(i.SystemClock_Config) refers to memseta.o(.text) for __aeabi_memclr4
    main.o(i.SystemClock_Config) refers to stm32h7xx_hal_pwr_ex.o(i.HAL_PWREx_ConfigSupply) for HAL_PWREx_ConfigSupply
    main.o(i.SystemClock_Config) refers to stm32h7xx_hal_rcc.o(i.HAL_RCC_OscConfig) for HAL_RCC_OscConfig
    main.o(i.SystemClock_Config) refers to stm32h7xx_hal_rcc.o(i.HAL_RCC_ClockConfig) for HAL_RCC_ClockConfig
    main.o(i.main) refers to stm32h7xx_hal_cortex.o(i.HAL_MPU_Disable) for HAL_MPU_Disable
    main.o(i.main) refers to stm32h7xx_hal_cortex.o(i.HAL_MPU_Enable) for HAL_MPU_Enable
    main.o(i.main) refers to stm32h7xx_hal.o(i.HAL_Init) for HAL_Init
    main.o(i.main) refers to main.o(i.SystemClock_Config) for SystemClock_Config
    main.o(i.main) refers to gpio.o(i.MX_GPIO_Init) for MX_GPIO_Init
    main.o(i.main) refers to dma.o(i.MX_DMA_Init) for MX_DMA_Init
    main.o(i.main) refers to tim.o(i.MX_TIM2_Init) for MX_TIM2_Init
    main.o(i.main) refers to i2c.o(i.MX_I2C1_Init) for MX_I2C1_Init
    main.o(i.main) refers to usart.o(i.MX_USART1_UART_Init) for MX_USART1_UART_Init
    main.o(i.main) refers to mpu6050.o(i.MPU_Init) for MPU_Init
    main.o(i.main) refers to stm32h7xx_hal_tim.o(i.HAL_TIM_Base_Start_IT) for HAL_TIM_Base_Start_IT
    main.o(i.main) refers to stm32h7xx_hal_uart_ex.o(i.HAL_UARTEx_ReceiveToIdle_DMA) for HAL_UARTEx_ReceiveToIdle_DMA
    main.o(i.main) refers to tim.o(.bss) for htim2
    main.o(i.main) refers to main.o(.bss) for .bss
    main.o(i.main) refers to usart.o(.bss) for huart1
    dma.o(i.MX_DMA_Init) refers to stm32h7xx_hal_cortex.o(i.HAL_NVIC_SetPriority) for HAL_NVIC_SetPriority
    dma.o(i.MX_DMA_Init) refers to stm32h7xx_hal_cortex.o(i.HAL_NVIC_EnableIRQ) for HAL_NVIC_EnableIRQ
    i2c.o(i.HAL_I2C_MspDeInit) refers to stm32h7xx_hal_gpio.o(i.HAL_GPIO_DeInit) for HAL_GPIO_DeInit
    i2c.o(i.HAL_I2C_MspInit) refers to memseta.o(.text) for __aeabi_memclr4
[...]
    DMA_CheckFifoParam                       0x08000a05   Thumb Code    84  stm32h7xx_hal_dma.o(i.DMA_CheckFifoParam)
    i.DMA_SetConfig                          0x08000a58   Section        0  stm32h7xx_hal_dma.o(i.DMA_SetConfig)
    DMA_SetConfig                            0x08000a59   Thumb Code   518  stm32h7xx_hal_dma.o(i.DMA_SetConfig)
    i.DebugMon_Handler                       0x08000c78   Section        0  stm32h7xx_it.o(i.DebugMon_Handler)
    i.Error_Handler                          0x08000c7a   Section        0  main.o(i.Error_Handler)
    i.GetAngle                               0x08000c80   Section        0  imu.o(i.GetAngle)
    i.HAL_DMA_Abort                          0x08001120   Section        0  stm32h7xx_hal_dma.o(i.HAL_DMA_Abort)
    i.HAL_DMA_Abort_IT                       0x08001480   Section        0  stm32h7xx_hal_dma.o(i.HAL_DMA_Abort_IT)
    i.HAL_DMA_IRQHandler                     0x08001704   Section        0  stm32h7xx_hal_dma.o(i.HAL_DMA_IRQHandler)
    i.HAL_DMA_Init                           0x08001dec   Section        0  stm32h7xx_hal_dma.o(i.HAL_DMA_Init)
    i.HAL_DMA_Start_IT                       0x080021b0   Section        0  stm32h7xx_hal_dma.o(i.HAL_DMA_Start_IT)
    i.HAL_Delay                              0x0800244c   Section        0  stm32h7xx_hal.o(i.HAL_Delay)
    i.HAL_GPIO_Init                          0x08002470   Section        0  stm32h7xx_hal_gpio.o(i.HAL_GPIO_Init)
    i.HAL_GetREVID                           0x0800269c   Section        0  stm32h7xx_hal.o(i.HAL_GetREVID)
    i.HAL_GetTick                            0x080026a8   Section        0  stm32h7xx_hal.o(i.HAL_GetTick)
    i.HAL_I2CEx_ConfigAnalogFilter           0x080026b4   Section        0  stm32h7xx_hal_i2c_ex.o(i.HAL_I2CEx_ConfigAnalogFilter)
    i.HAL_I2CEx_ConfigDigitalFilter          0x0800270c   Section        0  stm32h7xx_hal_i2c_ex.o(i.HAL_I2CEx_ConfigDigitalFilter)
    i.HAL_I2C_Init                           0x08002760   Section        0  stm32h7xx_hal_i2c.o(i.HAL_I2C_Init)
    i.HAL_I2C_Mem_Read                       0x08002818   Section        0  stm32h7xx_hal_i2c.o(i.HAL_I2C_Mem_Read)
    i.HAL_I2C_Mem_Write                      0x0800297c   Section        0  stm32h7xx_hal_i2c.o(i.HAL_I2C_Mem_Write)
    i.HAL_I2C_MspInit                        0x08002ad4   Section        0  i2c.o(i.HAL_I2C_MspInit)
    i.HAL_IncTick                            0x08002b58   Section        0  stm32h7xx_hal.o(i.HAL_IncTick)
    i.HAL_Init                               0x08002b68   Section        0  stm32h7xx_hal.o(i.HAL_Init)
    i.HAL_InitTick                           0x08002bc4   Section        0  stm32h7xx_hal_timebase_tim.o(i.HAL_InitTick)
    i.HAL_MPU_Disable                        0x08002c48   Section        0  stm32h7xx_hal_cortex.o(i.HAL_MPU_Disable)
    i.HAL_MPU_Enable                         0x08002c64   Section        0  stm32h7xx_hal_cortex.o(i.HAL_MPU_Enable)
    i.HAL_MspInit                            0x08002c88   Section        0  stm32h7xx_hal_msp.o(i.HAL_MspInit)
    i.HAL_NVIC_EnableIRQ                     0x08002ca4   Section        0  stm32h7xx_hal_cortex.o(i.HAL_NVIC_EnableIRQ)
    i.HAL_NVIC_SetPriority                   0x08002cc0   Section        0  stm32h7xx_hal_cortex.o(i.HAL_NVIC_SetPriority)
    i.HAL_NVIC_SetPriorityGrouping           0x08002d00   Section        0  stm32h7xx_hal_cortex.o(i.HAL_NVIC_SetPriorityGrouping)
    i.HAL_PWREx_ConfigSupply                 0x08002d24   Section        0  stm32h7xx_hal_pwr_ex.o(i.HAL_PWREx_ConfigSupply)
    i.HAL_RCCEx_GetD3PCLK1Freq               0x08002d78   Section        0  stm32h7xx_hal_rcc_ex.o(i.HAL_RCCEx_GetD3PCLK1Freq)
    i.HAL_RCCEx_GetPLL2ClockFreq             0x08002d9c   Section        0  stm32h7xx_hal_rcc_ex.o(i.HAL_RCCEx_GetPLL2ClockFreq)
    i.HAL_RCCEx_GetPLL3ClockFreq             0x08002ee0   Section        0  stm32h7xx_hal_rcc_ex.o(i.HAL_RCCEx_GetPLL3ClockFreq)
    i.HAL_RCCEx_PeriphCLKConfig              0x08003024   Section        0  stm32h7xx_hal_rcc_ex.o(i.HAL_RCCEx_PeriphCLKConfig)
    i.HAL_RCC_ClockConfig                    0x080039d0   Section        0  stm32h7xx_hal_rcc.o(i.HAL_RCC_ClockConfig)
    i.HAL_RCC_GetClockConfig                 0x08003c2c   Section        0  stm32h7xx_hal_rcc.o(i.HAL_RCC_GetClockConfig)
    i.HAL_RCC_GetHCLKFreq                    0x08003c88   Section        0  stm32h7xx_hal_rcc.o(i.HAL_RCC_GetHCLKFreq)
    i.HAL_RCC_GetPCLK1Freq                   0x08003ccc   Section        0  stm32h7xx_hal_rcc.o(i.HAL_RCC_GetPCLK1Freq)
    i.HAL_RCC_GetPCLK2Freq                   0x08003cf0   Section        0  stm32h7xx_hal_rcc.o(i.HAL_RCC_GetPCLK2Freq)
    i.HAL_RCC_GetSysClockFreq                0x08003d14   Section        0  stm32h7xx_hal_rcc.o(i.HAL_RCC_GetSysClockFreq)
    i.HAL_RCC_OscConfig                      0x08003e4c   Section        0  stm32h7xx_hal_rcc.o(i.HAL_RCC_OscConfig)
    i.HAL_TIMEx_Break2Callback               0x080043ce   Section        0  stm32h7xx_hal_tim_ex.o(i.HAL_TIMEx_Break2Callback)
    i.HAL_TIMEx_BreakCallback                0x080043d0   Section        0  stm32h7xx_hal_tim_ex.o(i.HAL_TIMEx_BreakCallback)
    i.HAL_TIMEx_CommutCallback               0x080043d2   Section        0  stm32h7xx_hal_tim_ex.o(i.HAL_TIMEx_CommutCallback)
    i.HAL_TIMEx_MasterConfigSynchronization  0x080043d4   Section        0  stm32h7xx_hal_tim_ex.o(i.HAL_TIMEx_MasterConfigSynchronization)
    i.HAL_TIM_Base_Init                      0x08004478   Section        0  stm32h7xx_hal_tim.o(i.HAL_TIM_Base_Init)
    i.HAL_TIM_Base_MspInit                   0x080044dc   Section        0  tim.o(i.HAL_TIM_Base_MspInit)
    i.HAL_TIM_Base_Start_IT                  0x08004514   Section        0  stm32h7xx_hal_tim.o(i.HAL_TIM_Base_Start_IT)
    i.HAL_TIM_ConfigClockSource              0x080045a0   Section        0  stm32h7xx_hal_tim.o(i.HAL_TIM_ConfigClockSource)
    i.HAL_TIM_IC_CaptureCallback             0x0800469c   Section        0  stm32h7xx_hal_tim.o(i.HAL_TIM_IC_CaptureCallback)
    i.HAL_TIM_IRQHandler                     0x0800469e   Section        0  stm32h7xx_hal_tim.o(i.HAL_TIM_IRQHandler)
    i.HAL_TIM_OC_DelayElapsedCallback        0x08004820   Section        0  stm32h7xx_hal_tim.o(i.HAL_TIM_OC_DelayElapsedCallback)
    i.HAL_TIM_PWM_PulseFinishedCallback      0x08004822   Section        0  stm32h7xx_hal_tim.o(i.HAL_TIM_PWM_PulseFinishedCallback)
    i.HAL_TIM_PeriodElapsedCallback          0x08004824   Section        0  main.o(i.HAL_TIM_PeriodElapsedCallback)
    i.HAL_TIM_TriggerCallback                0x08004864   Section        0  stm32h7xx_hal_tim.o(i.HAL_TIM_TriggerCallback)
    i.HAL_UARTEx_DisableFifoMode             0x08004866   Section        0  stm32h7xx_hal_uart_ex.o(i.HAL_UARTEx_DisableFifoMode)
    i.HAL_UARTEx_ReceiveToIdle_DMA           0x080048a6   Section        0  stm32h7xx_hal_uart_ex.o(i.HAL_UARTEx_ReceiveToIdle_DMA)
    i.HAL_UARTEx_RxEventCallback             0x080048f0   Section        0  main.o(i.HAL_UARTEx_RxEventCallback)
    i.HAL_UARTEx_RxFifoFullCallback          0x080049c0   Section        0  stm32h7xx_hal_uart_ex.o(i.HAL_UARTEx_RxFifoFullCallback)
    i.HAL_UARTEx_SetRxFifoThreshold          0x080049c2   Section        0  stm32h7xx_hal_uart_ex.o(i.HAL_UARTEx_SetRxFifoThreshold)
    i.HAL_UARTEx_SetTxFifoThreshold          0x08004a0e   Section        0  stm32h7xx_hal_uart_ex.o(i.HAL_UARTEx_SetTxFifoThreshold)
    i.HAL_UARTEx_TxFifoEmptyCallback         0x08004a5a   Section        0  stm32h7xx_hal_uart_ex.o(i.HAL_UARTEx_TxFifoEmptyCallback)
    i.HAL_UARTEx_WakeupCallback              0x08004a5c   Section        0  stm32h7xx_hal_uart_ex.o(i.HAL_UARTEx_WakeupCallback)
    i.HAL_UART_ErrorCallback                 0x08004a60   Section        0  main.o(i.HAL_UART_ErrorCallback)
    i.HAL_UART_IRQHandler                    0x08004b2c   Section        0  stm32h7xx_hal_uart.o(i.HAL_UART_IRQHandler)
    i.HAL_UART_Init                          0x08004eb4   Section        0  stm32h7xx_hal_uart.o(i.HAL_UART_Init)
    i.HAL_UART_MspInit                       0x08004f20   Section        0  usart.o(i.HAL_UART_MspInit)
    i.HAL_UART_RxCpltCallback                0x08004fec   Section        0  stm32h7xx_hal_uart.o(i.HAL_UART_RxCpltCallback)
    i.HAL_UART_RxHalfCpltCallback            0x08004fee   Section        0  stm32h7xx_hal_uart.o(i.HAL_UART_RxHalfCpltCallback)
    i.HAL_UART_Transmit                      0x08004ff0   Section        0  stm32h7xx_hal_uart.o(i.HAL_UART_Transmit)
    i.HAL_UART_TxCpltCallback                0x080050a0   Section        0  stm32h7xx_hal_uart.o(i.HAL_UART_TxCpltCallback)
    i.HardFault_Handler                      0x080050a2   Section        0  stm32h7xx_it.o(i.HardFault_Handler)
    i.I2C_Flush_TXDR                         0x080050a4   Section        0  stm32h7xx_hal_i2c.o(i.I2C_Flush_TXDR)
    I2C_Flush_TXDR                           0x080050a5   Thumb Code    34  stm32h7xx_hal_i2c.o(i.I2C_Flush_TXDR)
    i.I2C_IsErrorOccurred                    0x080050c8   Section        0  stm32h7xx_hal_i2c.o(i.I2C_IsErrorOccurred)
    I2C_IsErrorOccurred                      0x080050c9   Thumb Code   268  stm32h7xx_hal_i2c.o(i.I2C_IsErrorOccurred)
    i.I2C_RequestMemoryRead                  0x080051d8   Section        0  stm32h7xx_hal_i2c.o(i.I2C_RequestMemoryRead)
    I2C_RequestMemoryRead                    0x080051d9   Thumb Code    94  stm32h7xx_hal_i2c.o(i.I2C_RequestMemoryRead)
    i.I2C_RequestMemoryWrite                 0x0800523c   Section        0  stm32h7xx_hal_i2c.o(i.I2C_RequestMemoryWrite)
    I2C_RequestMemoryWrite                   0x0800523d   Thumb Code    94  stm32h7xx_hal_i2c.o(i.I2C_RequestMemoryWrite)
    i.I2C_TransferConfig                     0x080052a0   Section        0  stm32h7xx_hal_i2c.o(i.I2C_TransferConfig)
    I2C_TransferConfig                       0x080052a1   Thumb Code    44  stm32h7xx_hal_i2c.o(i.I2C_TransferConfig)
    i.I2C_WaitOnFlagUntilTimeout             0x080052d0   Section        0  stm32h7xx_hal_i2c.o(i.I2C_WaitOnFlagUntilTimeout)
    I2C_WaitOnFlagUntilTimeout               0x080052d1   Thumb Code   110  stm32h7xx_hal_i2c.o(i.I2C_WaitOnFlagUntilTimeout)
    i.I2C_WaitOnSTOPFlagUntilTimeout         0x0800533e   Section        0  stm32h7xx_hal_i2c.o(i.I2C_WaitOnSTOPFlagUntilTimeout)
    I2C_WaitOnSTOPFlagUntilTimeout           0x0800533f   Thumb Code    88  stm32h7xx_hal_i2c.o(i.I2C_WaitOnSTOPFlagUntilTimeout)
    i.I2C_WaitOnTXISFlagUntilTimeout         0x08005396   Section        0  stm32h7xx_hal_i2c.o(i.I2C_WaitOnTXISFlagUntilTimeout)
    I2C_WaitOnTXISFlagUntilTimeout           0x08005397   Thumb Code    92  stm32h7xx_hal_i2c.o(i.I2C_WaitOnTXISFlagUntilTimeout)
    i.MPU_Init                               0x080053f4   Section        0  mpu6050.o(i.MPU_Init)
    i.MPU_Read_Byte                          0x08005488   Section        0  mpu6050.o(i.MPU_Read_Byte)
    i.MPU_Set_Accel_Fsr                      0x080054b8   Section        0  mpu6050.o(i.MPU_Set_Accel_Fsr)
    i.MPU_Set_Gyro_Fsr                       0x080054c2   Section        0  mpu6050.o(i.MPU_Set_Gyro_Fsr)
    i.MPU_Set_LPF                            0x080054cc   Section        0  mpu6050.o(i.MPU_Set_LPF)
    i.MPU_Set_Rate                           0x080054fc   Section        0  mpu6050.o(i.MPU_Set_Rate)
    i.MPU_Write_Byte                         0x0800552c   Section        0  mpu6050.o(i.MPU_Write_Byte)
    i.MX_DMA_Init                            0x0800555c   Section        0  dma.o(i.MX_DMA_Init)
    i.MX_GPIO_Init                           0x08005588   Section        0  gpio.o(i.MX_GPIO_Init)
    i.MX_I2C1_Init                           0x080055c4   Section        0  i2c.o(i.MX_I2C1_Init)
    i.MX_TIM2_Init                           0x0800561c   Section        0  tim.o(i.MX_TIM2_Init)
    i.MX_USART1_UART_Init                    0x08005684   Section        0  usart.o(i.MX_USART1_UART_Init)
    i.MemManage_Handler                      0x080056ec   Section        0  stm32h7xx_it.o(i.MemManage_Handler)
    i.MpuGetData                             0x080056f0   Section        0  mpu6050.o(i.MpuGetData)
    i.NMI_Handler                            0x080057d8   Section        0  stm32h7xx_it.o(i.NMI_Handler)
    i.PendSV_Handler                         0x080057da   Section        0  stm32h7xx_it.o(i.PendSV_Handler)
    i.RCCEx_PLL2_Config                      0x080057dc   Section        0  stm32h7xx_hal_rcc_ex.o(i.RCCEx_PLL2_Config)
    RCCEx_PLL2_Config                        0x080057dd   Thumb Code   284  stm32h7xx_hal_rcc_ex.o(i.RCCEx_PLL2_Config)
    i.RCCEx_PLL3_Config                      0x080058fc   Section        0  stm32h7xx_hal_rcc_ex.o(i.RCCEx_PLL3_Config)
    RCCEx_PLL3_Config                        0x080058fd   Thumb Code   284  stm32h7xx_hal_rcc_ex.o(i.RCCEx_PLL3_Config)
    i.SVC_Handler                            0x08005a1c   Section        0  stm32h7xx_it.o(i.SVC_Handler)
    i.SysTick_Handler                        0x08005a1e   Section        0  stm32h7xx_it.o(i.SysTick_Handler)
    i.SystemClock_Config                     0x08005a20   Section        0  main.o(i.SystemClock_Config)
    i.SystemInit                             0x08005ac4   Section        0  system_stm32h7xx.o(i.SystemInit)
    i.TIM1_UP_IRQHandler                     0x08005ba0   Section        0  stm32h7xx_it.o(i.TIM1_UP_IRQHandler)
    i.TIM2_IRQHandler                        0x08005bac   Section        0  stm32h7xx_it.o(i.TIM2_IRQHandler)
    i.TIM_Base_SetConfig                     0x08005bb8   Section        0  stm32h7xx_hal_tim.o(i.TIM_Base_SetConfig)
    i.TIM_ETR_SetConfig                      0x08005c7c   Section        0  stm32h7xx_hal_tim.o(i.TIM_ETR_SetConfig)
    i.TIM_ITRx_SetConfig                     0x08005c90   Section        0  stm32h7xx_hal_tim.o(i.TIM_ITRx_SetConfig)
    TIM_ITRx_SetConfig                       0x08005c91   Thumb Code    16  stm32h7xx_hal_tim.o(i.TIM_ITRx_SetConfig)
    i.TIM_TI1_ConfigInputStage               0x08005ca4   Section        0  stm32h7xx_hal_tim.o(i.TIM_TI1_ConfigInputStage)
    TIM_TI1_ConfigInputStage                 0x08005ca5   Thumb Code    34  stm32h7xx_hal_tim.o(i.TIM_TI1_ConfigInputStage)
    i.TIM_TI2_ConfigInputStage               0x08005cc6   Section        0  stm32h7xx_hal_tim.o(i.TIM_TI2_ConfigInputStage)
    TIM_TI2_ConfigInputStage                 0x08005cc7   Thumb Code    36  stm32h7xx_hal_tim.o(i.TIM_TI2_ConfigInputStage)
    i.UARTEx_SetNbDataToProcess              0x08005cec   Section        0  stm32h7xx_hal_uart_ex.o(i.UARTEx_SetNbDataToProcess)
    UARTEx_SetNbDataToProcess                0x08005ced   Thumb Code    62  stm32h7xx_hal_uart_ex.o(i.UARTEx_SetNbDataToProcess)
    i.UART_AdvFeatureConfig                  0x08005d30   Section        0  stm32h7xx_hal_uart.o(i.UART_AdvFeatureConfig)
    i.UART_CheckIdleState                    0x08005df8   Section        0  stm32h7xx_hal_uart.o(i.UART_CheckIdleState)
    i.UART_DMAAbortOnError                   0x08005ea2   Section        0  stm32h7xx_hal_uart.o(i.UART_DMAAbortOnError)
    UART_DMAAbortOnError                     0x08005ea3   Thumb Code    20  stm32h7xx_hal_uart.o(i.UART_DMAAbortOnError)
    i.UART_DMAError                          0x08005eb6   Section        0  stm32h7xx_hal_uart.o(i.UART_DMAError)
    UART_DMAError                            0x08005eb7   Thumb Code    78  stm32h7xx_hal_uart.o(i.UART_DMAError)
    i.UART_DMAReceiveCplt                    0x08005f04   Section        0  stm32h7xx_hal_uart.o(i.UART_DMAReceiveCplt)
    UART_DMAReceiveCplt                      0x08005f05   Thumb Code   130  stm32h7xx_hal_uart.o(i.UART_DMAReceiveCplt)
    i.UART_DMARxHalfCplt                     0x08005f86   Section        0  stm32h7xx_hal_uart.o(i.UART_DMARxHalfCplt)
    UART_DMARxHalfCplt                       0x08005f87   Thumb Code    32  stm32h7xx_hal_uart.o(i.UART_DMARxHalfCplt)
    i.UART_EndRxTransfer                     0x08005fa8   Section        0  stm32h7xx_hal_uart.o(i.UART_EndRxTransfer)
    UART_EndRxTransfer                       0x08005fa9   Thumb Code    78  stm32h7xx_hal_uart.o(i.UART_EndRxTransfer)
    i.UART_EndTxTransfer                     0x08005ffc   Section        0  stm32h7xx_hal_uart.o(i.UART_EndTxTransfer)
    UART_EndTxTransfer                       0x08005ffd   Thumb Code    46  stm32h7xx_hal_uart.o(i.UART_EndTxTransfer)
    i.UART_SetConfig                         0x0800602c   Section        0  stm32h7xx_hal_uart.o(i.UART_SetConfig)
    i.UART_Start_Receive_DMA                 0x080063d8   Section        0  stm32h7xx_hal_uart.o(i.UART_Start_Receive_DMA)
    i.UART_WaitOnFlagUntilTimeout            0x08006480   Section        0  stm32h7xx_hal_uart.o(i.UART_WaitOnFlagUntilTimeout)
    i.USART1_IRQHandler                      0x0800650c   Section        0  stm32h7xx_it.o(i.USART1_IRQHandler)
    i.UsageFault_Handler                     0x08006518   Section        0  stm32h7xx_it.o(i.UsageFault_Handler)
    i.__0printf                              0x0800651c   Section        0  printfa.o(i.__0printf)
    i.__ARM_fpclassify                       0x0800653c   Section        0  fpclassify.o(i.__ARM_fpclassify)
    i.__NVIC_SetPriority                     0x0800656c   Section        0  stm32h7xx_hal_cortex.o(i.__NVIC_SetPriority)
    __NVIC_SetPriority                       0x0800656d   Thumb Code    34  stm32h7xx_hal_cortex.o(i.__NVIC_SetPriority)
    i.__hardfp_asin                          0x08006590   Section        0  asin.o(i.__hardfp_asin)
    i.__hardfp_atan                          0x08006798   Section        0  atan.o(i.__hardfp_atan)
    i.__hardfp_atan2                         0x08006998   Section        0  atan2.o(i.__hardfp_atan2)
    i.__hardfp_sqrt                          0x08006b58   Section        0  sqrt.o(i.__hardfp_sqrt)
    i.__kernel_poly                          0x08006bbe   Section        0  poly.o(i.__kernel_poly)
    i.__mathlib_dbl_infnan                   0x08006c2e   Section        0  dunder.o(i.__mathlib_dbl_infnan)
    i.__mathlib_dbl_infnan2                  0x08006c34   Section        0  dunder.o(i.__mathlib_dbl_infnan2)
    i.__mathlib_dbl_invalid                  0x08006c40   Section        0  dunder.o(i.__mathlib_dbl_invalid)
    i.__mathlib_dbl_underflow                0x08006c58   Section        0  dunder.o(i.__mathlib_dbl_underflow)
    i.__scatterload_copy                     0x08006c70   Section       14  handlers.o(i.__scatterload_copy)
    i.__scatterload_null                     0x08006c7e   Section        2  handlers.o(i.__scatterload_null)
    i.__scatterload_zeroinit                 0x08006c80   Section       14  handlers.o(i.__scatterload_zeroinit)
    i.__set_errno                            0x08006c90   Section        0  errno.o(i.__set_errno)
    i._fp_digits                             0x08006c9c   Section        0  printfa.o(i._fp_digits)
    _fp_digits                               0x08006c9d   Thumb Code   366  printfa.o(i._fp_digits)
    i._printf_core                           0x08006e20   Section        0  printfa.o(i._printf_core)
    _printf_core                             0x08006e21   Thumb Code  1744  printfa.o(i._printf_core)
    i._printf_post_padding                   0x080074fc   Section        0  printfa.o(i._printf_post_padding)
    _printf_post_padding                     0x080074fd   Thumb Code    36  printfa.o(i._printf_post_padding)
    i._printf_pre_padding                    0x08007520   Section        0  printfa.o(i._printf_pre_padding)
    _printf_pre_padding                      0x08007521   Thumb Code    46  printfa.o(i._printf_pre_padding)
    i.atan                                   0x0800754e   Section        0  atan.o(i.atan)
    i.fabs                                   0x0800755e   Section        0  fabs.o(i.fabs)
    i.fputc                                  0x08007578   Section        0  usart.o(i.fputc)
    i.kalmanfiter                            0x08007598   Section        0  kalman.o(i.kalmanfiter)
    i.main                                   0x080075dc   Section        0  main.o(i.main)
    i.sqrt                                   0x08007744   Section        0  sqrt.o(i.sqrt)
    .constdata                               0x080077ae   Section        8  stm32h7xx_hal_dma.o(.constdata)
    flagBitshiftOffset                       0x080077ae   Data           8  stm32h7xx_hal_dma.o(.constdata)
    .constdata                               0x080077b6   Section       24  stm32h7xx_hal_uart.o(.constdata)
    .constdata                               0x080077ce   Section       16  stm32h7xx_hal_uart_ex.o(.constdata)
    numerator                                0x080077ce   Data           8  stm32h7xx_hal_uart_ex.o(.constdata)
    denominator                              0x080077d6   Data           8  stm32h7xx_hal_uart_ex.o(.constdata)
    .constdata                               0x080077de   Section       16  system_stm32h7xx.o(.constdata)
    .constdata                               0x080077f0   Section       80  asin.o(.constdata)
    pS                                       0x080077f0   Data          48  asin.o(.constdata)
    qS                                       0x08007820   Data          32  asin.o(.constdata)
    .constdata                               0x08007840   Section      152  atan.o(.constdata)
    atanhi                                   0x08007840   Data          32  atan.o(.constdata)
    atanlo                                   0x08007860   Data          32  atan.o(.constdata)
    aTodd                                    0x08007880   Data          40  atan.o(.constdata)
    aTeven                                   0x080078a8   Data          48  atan.o(.constdata)
    .constdata                               0x080078d8   Section        8  qnan.o(.constdata)
    .data                                    0x24000000   Section       12  stm32h7xx_hal.o(.data)
    .data                                    0x2400000c   Section        8  system_stm32h7xx.o(.data)
    .data                                    0x24000014   Section       76  mpu6050.o(.data)
    pMpu                                     0x24000014   Data           4  mpu6050.o(.data)
    EKF                                      0x24000018   Data          72  mpu6050.o(.data)
    .data                                    0x24000060   Section       28  imu.o(.data)
    KpDef                                    0x24000060   Data           4  imu.o(.data)
    KiDef                                    0x24000064   Data           4  imu.o(.data)
    NormAcc                                  0x24000068   Data           4  imu.o(.data)
    .data                                    0x2400007c   Section        4  stdout.o(.data)
    .data                                    0x24000080   Section        4  errno.o(.data)
    _errno                                   0x24000080   Data           4  errno.o(.data)
    .bss                                     0x24000084   Section      100  main.o(.bss)
    .bss                                     0x240000e8   Section       84  i2c.o(.bss)
    .bss                                     0x2400013c   Section       76  tim.o(.bss)
    .bss                                     0x24000188   Section      268  usart.o(.bss)
    .bss                                     0x24000294   Section       76  stm32h7xx_hal_timebase_tim.o(.bss)
    .bss                                     0x240002e0   Section       12  init.o(.bss)
    .bss                                     0x240002ec   Section       12  init.o(.bss)
    .bss                                     0x240002f8   Section       24  mpu6050.o(.bss)
    tBuff                                    0x24000304   Data          12  mpu6050.o(.bss)
    .bss                                     0x24000310   Section       12  imu.o(.bss)
    STACK                                    0x24000320   Section     1024  startup_stm32h753xx.o(STACK)

    Global Symbols

    Symbol Name                              Value     Ov Type        Size  Object(Section)

    BuildAttributes$$THM_ISAv4$E$P$D$K$B$S$7EM$VFPv5_D16$PE$PLD8$A:L22UL41UL21$X:L11$S22US41US21$IEEE1$IW$USESV6$~STKCKD$USESV7$~SHL$OTIME$ROPI$IEEEX$EBA8$MICROLIB$REQ8$PRES8$EABIv2 0x00000000   Number         0  anon$$obj.o ABSOLUTE
    __ARM_use_no_argv                        0x00000000   Number         0  main.o ABSOLUTE
    _printf_a                                0x00000000   Number         0  stubs.o ABSOLUTE
    _printf_c                                0x00000000   Number         0  stubs.o ABSOLUTE
    _printf_charcount                        0x00000000   Number         0  stubs.o ABSOLUTE
    _printf_d                                0x00000000   Number         0  stubs.o ABSOLUTE
    _printf_e                                0x00000000   Number         0  stubs.o ABSOLUTE
    _printf_f                                0x00000000   Number         0  stubs.o ABSOLUTE
    _printf_flags                            0x00000000   Number         0  stubs.o ABSOLUTE
    _printf_fp_dec                           0x00000000   Number         0  stubs.o ABSOLUTE
    _printf_fp_hex                           0x00000000   Number         0  stubs.o ABSOLUTE
    _printf_g                                0x00000000   Number         0  stubs.o ABSOLUTE
    _printf_i                                0x00000000   Number         0  stubs.o ABSOLUTE
    _printf_int_dec                          0x00000000   Number         0  stubs.o ABSOLUTE
    _printf_l                                0x00000000   Number         0  stubs.o ABSOLUTE
    _printf_lc                               0x00000000   Number         0  stubs.o ABSOLUTE
    _printf_ll                               0x00000000   Number         0  stubs.o ABSOLUTE
    _printf_lld                              0x00000000   Number         0  stubs.o ABSOLUTE
    _printf_lli                              0x00000000   Number         0  stubs.o ABSOLUTE
    _printf_llo                              0x00000000   Number         0  stubs.o ABSOLUTE
    _printf_llu                              0x00000000   Number         0  stubs.o ABSOLUTE
    _printf_llx                              0x00000000   Number         0  stubs.o ABSOLUTE
    _printf_longlong_dec                     0x00000000   Number         0  stubs.o ABSOLUTE
    _printf_longlong_hex                     0x00000000   Number         0  stubs.o ABSOLUTE
    _printf_longlong_oct                     0x00000000   Number         0  stubs.o ABSOLUTE
    _printf_ls                               0x00000000   Number         0  stubs.o ABSOLUTE
    _printf_mbtowc                           0x00000000   Number         0  stubs.o ABSOLUTE
    _printf_n                                0x00000000   Number         0  stubs.o ABSOLUTE
    _printf_o                                0x00000000   Number         0  stubs.o ABSOLUTE
    _printf_p                                0x00000000   Number         0  stubs.o ABSOLUTE
    _printf_percent                          0x00000000   Number         0  stubs.o ABSOLUTE
    _printf_pre_padding                      0x00000000   Number         0  stubs.o ABSOLUTE
    _printf_return_value                     0x00000000   Number         0  stubs.o ABSOLUTE
    _printf_s                                0x00000000   Number         0  stubs.o ABSOLUTE
    _printf_sizespec                         0x00000000   Number         0  stubs.o ABSOLUTE
    _printf_str                              0x00000000   Number         0  stubs.o ABSOLUTE
    _printf_truncate_signed                  0x00000000   Number         0  stubs.o ABSOLUTE
    _printf_truncate_unsigned                0x00000000   Number         0  stubs.o ABSOLUTE
    _printf_u                                0x00000000   Number         0  stubs.o ABSOLUTE
    _printf_wc                               0x00000000   Number         0  stubs.o ABSOLUTE
    _printf_wctomb                           0x00000000   Number         0  stubs.o ABSOLUTE
    _printf_widthprec                        0x00000000   Number         0  stubs.o ABSOLUTE
    _printf_x                                0x00000000   Number         0  stubs.o ABSOLUTE
    __cpp_initialize__aeabi_                  - Undefined Weak Reference
    __cxa_finalize                            - Undefined Weak Reference
    __decompress                              - Undefined Weak Reference
    _clock_init                               - Undefined Weak Reference
    _microlib_exit                            - Undefined Weak Reference
    __Vectors_Size                           0x00000298   Number         0  startup_stm32h753xx.o ABSOLUTE
    __Vectors                                0x08000000   Data           4  startup_stm32h753xx.o(RESET)
    __Vectors_End                            0x08000298   Data           0  startup_stm32h753xx.o(RESET)
    __main                                   0x08000299   Thumb Code     0  entry.o(.ARM.Collect$$$$00000000)
    _main_stk                                0x08000299   Thumb Code     0  entry2.o(.ARM.Collect$$$$00000001)
    _main_scatterload                        0x0800029d   Thumb Code     0  entry5.o(.ARM.Collect$$$$00000004)
    __main_after_scatterload                 0x080002a1   Thumb Code     0  entry5.o(.ARM.Collect$$$$00000004)
    _main_clock                              0x080002a1   Thumb Code     0  entry7b.o(.ARM.Collect$$$$00000008)
    _main_cpp_init                           0x080002a1   Thumb Code     0  entry8b.o(.ARM.Collect$$$$0000000A)
    _main_init                               0x080002a1   Thumb Code     0  entry9a.o(.ARM.Collect$$$$0000000B)
    __rt_final_cpp                           0x080002a9   Thumb Code     0  entry10a.o(.ARM.Collect$$$$0000000D)
    __rt_final_exit                          0x080002a9   Thumb Code     0  entry11a.o(.ARM.Collect$$$$0000000F)
    Reset_Handler                            0x080002ad   Thumb Code     8  startup_stm32h753xx.o(.text)
    ADC3_IRQHandler                          0x080002c7   Thumb Code     0  startup_stm32h753xx.o(.text)
    ADC_IRQHandler                           0x080002c7   Thumb Code     0  startup_stm32h753xx.o(.text)
    BDMA_Channel0_IRQHandler                 0x080002c7   Thumb Code     0  startup_stm32h753xx.o(.text)
    BDMA_Channel1_IRQHandler                 0x080002c7   Thumb Code     0  startup_stm32h753xx.o(.text)
    BDMA_Channel2_IRQHandler                 0x080002c7   Thumb Code     0  startup_stm32h753xx.o(.text)
    BDMA_Channel3_IRQHandler                 0x080002c7   Thumb Code     0  startup_stm32h753xx.o(.text)
    BDMA_Channel4_IRQHandler                 0x080002c7   Thumb Code     0  startup_stm32h753xx.o(.text)
    BDMA_Channel5_IRQHandler                 0x080002c7   Thumb Code     0  startup_stm32h753xx.o(.text)
    BDMA_Channel6_IRQHandler                 0x080002c7   Thumb Code     0  startup_stm32h753xx.o(.text)
    BDMA_Channel7_IRQHandler                 0x080002c7   Thumb Code     0  startup_stm32h753xx.o(.text)
    CEC_IRQHandler                           0x080002c7   Thumb Code     0  startup_stm32h753xx.o(.text)
    COMP1_IRQHandler                         0x080002c7   Thumb Code     0  startup_stm32h753xx.o(.text)
    CRS_IRQHandler                           0x080002c7   Thumb Code     0  startup_stm32h753xx.o(.text)
    CRYP_IRQHandler                          0x080002c7   Thumb Code     0  startup_stm32h753xx.o(.text)
    DCMI_IRQHandler                          0x080002c7   Thumb Code     0  startup_stm32h753xx.o(.text)
    DFSDM1_FLT0_IRQHandler                   0x080002c7   Thumb Code     0  startup_stm32h753xx.o(.text)
    DFSDM1_FLT1_IRQHandler                   0x080002c7   Thumb Code     0  startup_stm32h753xx.o(.text)
    DFSDM1_FLT2_IRQHandler                   0x080002c7   Thumb Code     0  startup_stm32h753xx.o(.text)
    DFSDM1_FLT3_IRQHandler                   0x080002c7   Thumb Code     0  startup_stm32h753xx.o(.text)
    DMA1_Stream1_IRQHandler                  0x080002c7   Thumb Code     0  startup_stm32h753xx.o(.text)
    DMA1_Stream2_IRQHandler                  0x080002c7   Thumb Code     0  startup_stm32h753xx.o(.text)
    DMA1_Stream3_IRQHandler                  0x080002c7   Thumb Code     0  startup_stm32h753xx.o(.text)
    DMA1_Stream4_IRQHandler                  0x080002c7   Thumb Code     0  startup_stm32h753xx.o(.text)
    DMA1_Stream5_IRQHandler                  0x080002c7   Thumb Code     0  startup_stm32h753xx.o(.text)
    DMA1_Stream6_IRQHandler                  0x080002c7   Thumb Code     0  startup_stm32h753xx.o(.text)
    DMA1_Stream7_IRQHandler                  0x080002c7   Thumb Code     0  startup_stm32h753xx.o(.text)
    DMA2D_IRQHandler                         0x080002c7   Thumb Code     0  startup_stm32h753xx.o(.text)
    DMA2_Stream0_IRQHandler                  0x080002c7   Thumb Code     0  startup_stm32h753xx.o(.text)
    DMA2_Stream1_IRQHandler                  0x080002c7   Thumb Code     0  startup_stm32h753xx.o(.text)
    DMA2_Stream2_IRQHandler                  0x080002c7   Thumb Code     0  startup_stm32h753xx.o(.text)
    DMA2_Stream3_IRQHandler                  0x080002c7   Thumb Code     0  startup_stm32h753xx.o(.text)
    DMA2_Stream4_IRQHandler                  0x080002c7   Thumb Code     0  startup_stm32h753xx.o(.text)
    DMA2_Stream5_IRQHandler                  0x080002c7   Thumb Code     0  startup_stm32h753xx.o(.text)
    DMA2_Stream6_IRQHandler                  0x080002c7   Thumb Code     0  startup_stm32h753xx.o(.text)
    DMA2_Stream7_IRQHandler                  0x080002c7   Thumb Code     0  startup_stm32h753xx.o(.text)
    DMAMUX1_OVR_IRQHandler                   0x080002c7   Thumb Code     0  startup_stm32h753xx.o(.text)
    DMAMUX2_OVR_IRQHandler                   0x080002c7   Thumb Code     0  startup_stm32h753xx.o(.text)
    ECC_IRQHandler                           0x080002c7   Thumb Code     0  startup_stm32h753xx.o(.text)
    ETH_IRQHandler                           0x080002c7   Thumb Code     0  startup_stm32h753xx.o(.text)
    ETH_WKUP_IRQHandler                      0x080002c7   Thumb Code     0  startup_stm32h753xx.o(.text)
    EXTI0_IRQHandler                         0x080002c7   Thumb Code     0  startup_stm32h753xx.o(.text)
    EXTI15_10_IRQHandler                     0x080002c7   Thumb Code     0  startup_stm32h753xx.o(.text)
    EXTI1_IRQHandler                         0x080002c7   Thumb Code     0  startup_stm32h753xx.o(.text)
    EXTI2_IRQHandler                         0x080002c7   Thumb Code     0  startup_stm32h753xx.o(.text)
    EXTI3_IRQHandler                         0x080002c7   Thumb Code     0  startup_stm32h753xx.o(.text)
    EXTI4_IRQHandler                         0x080002c7   Thumb Code     0  startup_stm32h753xx.o(.text)
    EXTI9_5_IRQHandler                       0x080002c7   Thumb Code     0  startup_stm32h753xx.o(.text)
    FDCAN1_IT0_IRQHandler                    0x080002c7   Thumb Code     0  startup_stm32h753xx.o(.text)
    FDCAN1_IT1_IRQHandler                    0x080002c7   Thumb Code     0  startup_stm32h753xx.o(.text)
    FDCAN2_IT0_IRQHandler                    0x080002c7   Thumb Code     0  startup_stm32h753xx.o(.text)
    FDCAN2_IT1_IRQHandler                    0x080002c7   Thumb Code     0  startup_stm32h753xx.o(.text)
    FDCAN_CAL_IRQHandler                     0x080002c7   Thumb Code     0  startup_stm32h753xx.o(.text)
    FLASH_IRQHandler                         0x080002c7   Thumb Code     0  startup_stm32h753xx.o(.text)
    FMC_IRQHandler                           0x080002c7   Thumb Code     0  startup_stm32h753xx.o(.text)
    FPU_IRQHandler                           0x080002c7   Thumb Code     0  startup_stm32h753xx.o(.text)
    HASH_RNG_IRQHandler                      0x080002c7   Thumb Code     0  startup_stm32h753xx.o(.text)
    HRTIM1_FLT_IRQHandler                    0x080002c7   Thumb Code     0  startup_stm32h753xx.o(.text)
    HRTIM1_Master_IRQHandler                 0x080002c7   Thumb Code     0  startup_stm32h753xx.o(.text)
    HRTIM1_TIMA_IRQHandler                   0x080002c7   Thumb Code     0  startup_stm32h753xx.o(.text)
    HRTIM1_TIMB_IRQHandler                   0x080002c7   Thumb Code     0  startup_stm32h753xx.o(.text)
    HRTIM1_TIMC_IRQHandler                   0x080002c7   Thumb Code     0  startup_stm32h753xx.o(.text)
    HRTIM1_TIMD_IRQHandler                   0x080002c7   Thumb Code     0  startup_stm32h753xx.o(.text)
    HRTIM1_TIME_IRQHandler                   0x080002c7   Thumb Code     0  startup_stm32h753xx.o(.text)
    HSEM1_IRQHandler                         0x080002c7   Thumb Code     0  startup_stm32h753xx.o(.text)
    I2C1_ER_IRQHandler                       0x080002c7   Thumb Code     0  startup_stm32h753xx.o(.text)
    I2C1_EV_IRQHandler                       0x080002c7   Thumb Code     0  startup_stm32h753xx.o(.text)
    I2C2_ER_IRQHandler                       0x080002c7   Thumb Code     0  startup_stm32h753xx.o(.text)
    I2C2_EV_IRQHandler                       0x080002c7   Thumb Code     0  startup_stm32h753xx.o(.text)
    I2C3_ER_IRQHandler                       0x080002c7   Thumb Code     0  startup_stm32h753xx.o(.text)
    I2C3_EV_IRQHandler                       0x080002c7   Thumb Code     0  startup_stm32h753xx.o(.text)
    I2C4_ER_IRQHandler                       0x080002c7   Thumb Code     0  startup_stm32h753xx.o(.text)
    I2C4_EV_IRQHandler                       0x080002c7   Thumb Code     0  startup_stm32h753xx.o(.text)
    JPEG_IRQHandler                          0x080002c7   Thumb Code     0  startup_stm32h753xx.o(.text)
    LPTIM1_IRQHandler                        0x080002c7   Thumb Code     0  startup_stm32h753xx.o(.text)
    LPTIM2_IRQHandler                        0x080002c7   Thumb Code     0  startup_stm32h753xx.o(.text)
    LPTIM3_IRQHandler                        0x080002c7   Thumb Code     0  startup_stm32h753xx.o(.text)
    LPTIM4_IRQHandler                        0x080002c7   Thumb Code     0  startup_stm32h753xx.o(.text)
    LPTIM5_IRQHandler                        0x080002c7   Thumb Code     0  startup_stm32h753xx.o(.text)
    LPUART1_IRQHandler                       0x080002c7   Thumb Code     0  startup_stm32h753xx.o(.text)
    LTDC_ER_IRQHandler                       0x080002c7   Thumb Code     0  startup_stm32h753xx.o(.text)
    LTDC_IRQHandler                          0x080002c7   Thumb Code     0  startup_stm32h753xx.o(.text)
    MDIOS_IRQHandler                         0x080002c7   Thumb Code     0  startup_stm32h753xx.o(.text)
    MDIOS_WKUP_IRQHandler                    0x080002c7   Thumb Code     0  startup_stm32h753xx.o(.text)
    MDMA_IRQHandler                          0x080002c7   Thumb Code     0  startup_stm32h753xx.o(.text)
    OTG_FS_EP1_IN_IRQHandler                 0x080002c7   Thumb Code     0  startup_stm32h753xx.o(.text)
    OTG_FS_EP1_OUT_IRQHandler                0x080002c7   Thumb Code     0  startup_stm32h753xx.o(.text)
    OTG_FS_IRQHandler                        0x080002c7   Thumb Code     0  startup_stm32h753xx.o(.text)
    OTG_FS_WKUP_IRQHandler                   0x080002c7   Thumb Code     0  startup_stm32h753xx.o(.text)
    OTG_HS_EP1_IN_IRQHandler                 0x080002c7   Thumb Code     0  startup_stm32h753xx.o(.text)
    OTG_HS_EP1_OUT_IRQHandler                0x080002c7   Thumb Code     0  startup_stm32h753xx.o(.text)
    OTG_HS_IRQHandler                        0x080002c7   Thumb Code     0  startup_stm32h753xx.o(.text)
    OTG_HS_WKUP_IRQHandler                   0x080002c7   Thumb Code     0  startup_stm32h753xx.o(.text)
    PVD_AVD_IRQHandler                       0x080002c7   Thumb Code     0  startup_stm32h753xx.o(.text)
    QUADSPI_IRQHandler                       0x080002c7   Thumb Code     0  startup_stm32h753xx.o(.text)
    RCC_IRQHandler                           0x080002c7   Thumb Code     0  startup_stm32h753xx.o(.text)
    RTC_Alarm_IRQHandler                     0x080002c7   Thumb Code     0  startup_stm32h753xx.o(.text)
    RTC_WKUP_IRQHandler                      0x080002c7   Thumb Code     0  startup_stm32h753xx.o(.text)
    SAI1_IRQHandler                          0x080002c7   Thumb Code     0  startup_stm32h753xx.o(.text)
    SAI2_IRQHandler                          0x080002c7   Thumb Code     0  startup_stm32h753xx.o(.text)
    SAI3_IRQHandler                          0x080002c7   Thumb Code     0  startup_stm32h753xx.o(.text)
    SAI4_IRQHandler                          0x080002c7   Thumb Code     0  startup_stm32h753xx.o(.text)
    SDMMC1_IRQHandler                        0x080002c7   Thumb Code     0  startup_stm32h753xx.o(.text)
    SDMMC2_IRQHandler                        0x080002c7   Thumb Code     0  startup_stm32h753xx.o(.text)
    SPDIF_RX_IRQHandler                      0x080002c7   Thumb Code     0  startup_stm32h753xx.o(.text)
    SPI1_IRQHandler                          0x080002c7   Thumb Code     0  startup_stm32h753xx.o(.text)
    SPI2_IRQHandler                          0x080002c7   Thumb Code     0  startup_stm32h753xx.o(.text)
    SPI3_IRQHandler                          0x080002c7   Thumb Code     0  startup_stm32h753xx.o(.text)
    SPI4_IRQHandler                          0x080002c7   Thumb Code     0  startup_stm32h753xx.o(.text)
    SPI5_IRQHandler                          0x080002c7   Thumb Code     0  startup_stm32h753xx.o(.text)
    SPI6_IRQHandler                          0x080002c7   Thumb Code     0  startup_stm32h753xx.o(.text)
    SWPMI1_IRQHandler                        0x080002c7   Thumb Code     0  startup_stm32h753xx.o(.text)
    TAMP_STAMP_IRQHandler                    0x080002c7   Thumb Code     0  startup_stm32h753xx.o(.text)
    TIM15_IRQHandler                         0x080002c7   Thumb Code     0  startup_stm32h753xx.o(.text)
    TIM16_IRQHandler                         0x080002c7   Thumb Code     0  startup_stm32h753xx.o(.text)
    TIM17_IRQHandler                         0x080002c7   Thumb Code     0  startup_stm32h753xx.o(.text)
    TIM1_BRK_IRQHandler                      0x080002c7   Thumb Code     0  startup_stm32h753xx.o(.text)
    TIM1_CC_IRQHandler                       0x080002c7   Thumb Code     0  startup_stm32h753xx.o(.text)
    TIM1_TRG_COM_IRQHandler                  0x080002c7   Thumb Code     0  startup_stm32h753xx.o(.text)
    TIM3_IRQHandler                          0x080002c7   Thumb Code     0  startup_stm32h753xx.o(.text)
    TIM4_IRQHandler                          0x080002c7   Thumb Code     0  startup_stm32h753xx.o(.text)
    TIM5_IRQHandler                          0x080002c7   Thumb Code     0  startup_stm32h753xx.o(.text)
    TIM6_DAC_IRQHandler                      0x080002c7   Thumb Code     0  startup_stm32h753xx.o(.text)
    TIM7_IRQHandler                          0x080002c7   Thumb Code     0  startup_stm32h753xx.o(.text)
    TIM8_BRK_TIM12_IRQHandler                0x080002c7   Thumb Code     0  startup_stm32h753xx.o(.text)
    TIM8_CC_IRQHandler                       0x080002c7   Thumb Code     0  startup_stm32h753xx.o(.text)
    TIM8_TRG_COM_TIM14_IRQHandler            0x080002c7   Thumb Code     0  startup_stm32h753xx.o(.text)
    TIM8_UP_TIM13_IRQHandler                 0x080002c7   Thumb Code     0  startup_stm32h753xx.o(.text)
    UART4_IRQHandler                         0x080002c7   Thumb Code     0  startup_stm32h753xx.o(.text)
    UART5_IRQHandler                         0x080002c7   Thumb Code     0  startup_stm32h753xx.o(.text)
    UART7_IRQHandler                         0x080002c7   Thumb Code     0  startup_stm32h753xx.o(.text)
    UART8_IRQHandler                         0x080002c7   Thumb Code     0  startup_stm32h753xx.o(.text)
    USART2_IRQHandler                        0x080002c7   Thumb Code     0  startup_stm32h753xx.o(.text)
    USART3_IRQHandler                        0x080002c7   Thumb Code     0  startup_stm32h753xx.o(.text)
    USART6_IRQHandler                        0x080002c7   Thumb Code     0  startup_stm32h753xx.o(.text)
    WAKEUP_PIN_IRQHandler                    0x080002c7   Thumb Code     0  startup_stm32h753xx.o(.text)
    WWDG_IRQHandler                          0x080002c7   Thumb Code     0  startup_stm32h753xx.o(.text)
    __aeabi_uldivmod                         0x080002d1   Thumb Code    98  uldiv.o(.text)
    __aeabi_memset                           0x08000333   Thumb Code    14  memseta.o(.text)
    __aeabi_memset4                          0x08000333   Thumb Code     0  memseta.o(.text)
    __aeabi_memset8                          0x08000333   Thumb Code     0  memseta.o(.text)
    __aeabi_memclr                           0x08000341   Thumb Code     4  memseta.o(.text)
    __aeabi_memclr4                          0x08000341   Thumb Code     0  memseta.o(.text)
    __aeabi_memclr8                          0x08000341   Thumb Code     0  memseta.o(.text)
    _memset$wrapper                          0x08000345   Thumb Code    18  memseta.o(.text)
    __aeabi_uidiv                            0x08000357   Thumb Code     0  uidiv.o(.text)
    __aeabi_uidivmod                         0x08000357   Thumb Code    44  uidiv.o(.text)
    __aeabi_llsl                             0x08000383   Thumb Code    30  llshl.o(.text)
    _ll_shift_l                              0x08000383   Thumb Code     0  llshl.o(.text)
    __aeabi_llsr                             0x080003a1   Thumb Code    32  llushr.o(.text)
    _ll_ushift_r                             0x080003a1   Thumb Code     0  llushr.o(.text)
    __I$use$fp                               0x080003c1   Thumb Code     0  iusefp.o(.text)
    __aeabi_dadd                             0x080003c1   Thumb Code   322  dadd.o(.text)
    __aeabi_dsub                             0x08000503   Thumb Code     6  dadd.o(.text)
    __aeabi_drsub                            0x08000509   Thumb Code     6  dadd.o(.text)
    __aeabi_dmul                             0x0800050f   Thumb Code   228  dmul.o(.text)
    __aeabi_ddiv                             0x080005f3   Thumb Code   222  ddiv.o(.text)
    __aeabi_d2ulz                            0x080006d1   Thumb Code    48  dfixul.o(.text)
    __aeabi_cdrcmple                         0x08000701   Thumb Code    48  cdrcmple.o(.text)
    __scatterload                            0x08000731   Thumb Code    28  init.o(.text)
    __scatterload_rt2                        0x08000731   Thumb Code     0  init.o(.text)
    __aeabi_lasr                             0x08000755   Thumb Code    36  llsshr.o(.text)
    _ll_sshift_r                             0x08000755   Thumb Code     0  llsshr.o(.text)
    _double_round                            0x08000779   Thumb Code    30  depilogue.o(.text)
    _double_epilogue                         0x08000797   Thumb Code   156  depilogue.o(.text)
    BusFault_Handler                         0x08000833   Thumb Code     2  stm32h7xx_it.o(i.BusFault_Handler)
    DMA1_Stream0_IRQHandler                  0x08000835   Thumb Code     6  stm32h7xx_it.o(i.DMA1_Stream0_IRQHandler)
    DebugMon_Handler                         0x08000c79   Thumb Code     2  stm32h7xx_it.o(i.DebugMon_Handler)
    Error_Handler                            0x08000c7b   Thumb Code     4  main.o(i.Error_Handler)
    GetAngle                                 0x08000c81   Thumb Code  1158  imu.o(i.GetAngle)
    HAL_DMA_Abort                            0x08001121   Thumb Code   836  stm32h7xx_hal_dma.o(i.HAL_DMA_Abort)
    HAL_DMA_Abort_IT                         0x08001481   Thumb Code   602  stm32h7xx_hal_dma.o(i.HAL_DMA_Abort_IT)
    HAL_DMA_IRQHandler                       0x08001705   Thumb Code  1756  stm32h7xx_hal_dma.o(i.HAL_DMA_IRQHandler)
    HAL_DMA_Init                             0x08001ded   Thumb Code   926  stm32h7xx_hal_dma.o(i.HAL_DMA_Init)
    HAL_DMA_Start_IT                         0x080021b1   Thumb Code   628  stm32h7xx_hal_dma.o(i.HAL_DMA_Start_IT)
    HAL_Delay                                0x0800244d   Thumb Code    32  stm32h7xx_hal.o(i.HAL_Delay)
    HAL_GPIO_Init                            0x08002471   Thumb Code   506  stm32h7xx_hal_gpio.o(i.HAL_GPIO_Init)
    HAL_GetREVID                             0x0800269d   Thumb Code     8  stm32h7xx_hal.o(i.HAL_GetREVID)
    HAL_GetTick                              0x080026a9   Thumb Code     6  stm32h7xx_hal.o(i.HAL_GetTick)
    HAL_I2CEx_ConfigAnalogFilter             0x080026b5   Thumb Code    88  stm32h7xx_hal_i2c_ex.o(i.HAL_I2CEx_ConfigAnalogFilter)
    HAL_I2CEx_ConfigDigitalFilter            0x0800270d   Thumb Code    84  stm32h7xx_hal_i2c_ex.o(i.HAL_I2CEx_ConfigDigitalFilter)
    HAL_I2C_Init                             0x08002761   Thumb Code   180  stm32h7xx_hal_i2c.o(i.HAL_I2C_Init)
    HAL_I2C_Mem_Read                         0x08002819   Thumb Code   346  stm32h7xx_hal_i2c.o(i.HAL_I2C_Mem_Read)
    HAL_I2C_Mem_Write                        0x0800297d   Thumb Code   340  stm32h7xx_hal_i2c.o(i.HAL_I2C_Mem_Write)
    HAL_I2C_MspInit                          0x08002ad5   Thumb Code   120  i2c.o(i.HAL_I2C_MspInit)
    HAL_IncTick                              0x08002b59   Thumb Code    12  stm32h7xx_hal.o(i.HAL_IncTick)
    HAL_Init                                 0x08002b69   Thumb Code    74  stm32h7xx_hal.o(i.HAL_Init)
    HAL_InitTick                             0x08002bc5   Thumb Code   110  stm32h7xx_hal_timebase_tim.o(i.HAL_InitTick)
    HAL_MPU_Disable                          0x08002c49   Thumb Code    24  stm32h7xx_hal_cortex.o(i.HAL_MPU_Disable)
    HAL_MPU_Enable                           0x08002c65   Thumb Code    30  stm32h7xx_hal_cortex.o(i.HAL_MPU_Enable)
    HAL_MspInit                              0x08002c89   Thumb Code    22  stm32h7xx_hal_msp.o(i.HAL_MspInit)
    HAL_NVIC_EnableIRQ                       0x08002ca5   Thumb Code    26  stm32h7xx_hal_cortex.o(i.HAL_NVIC_EnableIRQ)
    HAL_NVIC_SetPriority                     0x08002cc1   Thumb Code    60  stm32h7xx_hal_cortex.o(i.HAL_NVIC_SetPriority)
    HAL_NVIC_SetPriorityGrouping             0x08002d01   Thumb Code    28  stm32h7xx_hal_cortex.o(i.HAL_NVIC_SetPriorityGrouping)
    HAL_PWREx_ConfigSupply                   0x08002d25   Thumb Code    78  stm32h7xx_hal_pwr_ex.o(i.HAL_PWREx_ConfigSupply)
    HAL_RCCEx_GetD3PCLK1Freq                 0x08002d79   Thumb Code    26  stm32h7xx_hal_rcc_ex.o(i.HAL_RCCEx_GetD3PCLK1Freq)
    HAL_RCCEx_GetPLL2ClockFreq               0x08002d9d   Thumb Code   296  stm32h7xx_hal_rcc_ex.o(i.HAL_RCCEx_GetPLL2ClockFreq)
    HAL_RCCEx_GetPLL3ClockFreq               0x08002ee1   Thumb Code   296  stm32h7xx_hal_rcc_ex.o(i.HAL_RCCEx_GetPLL3ClockFreq)
    HAL_RCCEx_PeriphCLKConfig                0x08003025   Thumb Code  2472  stm32h7xx_hal_rcc_ex.o(i.HAL_RCCEx_PeriphCLKConfig)
    HAL_RCC_ClockConfig                      0x080039d1   Thumb Code   580  stm32h7xx_hal_rcc.o(i.HAL_RCC_ClockConfig)
    HAL_RCC_GetClockConfig                   0x08003c2d   Thumb Code    84  stm32h7xx_hal_rcc.o(i.HAL_RCC_GetClockConfig)
    HAL_RCC_GetHCLKFreq                      0x08003c89   Thumb Code    52  stm32h7xx_hal_rcc.o(i.HAL_RCC_GetHCLKFreq)
    HAL_RCC_GetPCLK1Freq                     0x08003ccd   Thumb Code    26  stm32h7xx_hal_rcc.o(i.HAL_RCC_GetPCLK1Freq)
    HAL_RCC_GetPCLK2Freq                     0x08003cf1   Thumb Code    26  stm32h7xx_hal_rcc.o(i.HAL_RCC_GetPCLK2Freq)
    HAL_RCC_GetSysClockFreq                  0x08003d15   Thumb Code   278  stm32h7xx_hal_rcc.o(i.HAL_RCC_GetSysClockFreq)
    HAL_RCC_OscConfig                        0x08003e4d   Thumb Code  1410  stm32h7xx_hal_rcc.o(i.HAL_RCC_OscConfig)
    HAL_TIMEx_Break2Callback                 0x080043cf   Thumb Code     2  stm32h7xx_hal_tim_ex.o(i.HAL_TIMEx_Break2Callback)
    HAL_TIMEx_BreakCallback                  0x080043d1   Thumb Code     2  stm32h7xx_hal_tim_ex.o(i.HAL_TIMEx_BreakCallback)
    HAL_TIMEx_CommutCallback                 0x080043d3   Thumb Code     2  stm32h7xx_hal_tim_ex.o(i.HAL_TIMEx_CommutCallback)
    HAL_TIMEx_MasterConfigSynchronization    0x080043d5   Thumb Code   134  stm32h7xx_hal_tim_ex.o(i.HAL_TIMEx_MasterConfigSynchronization)
    HAL_TIM_Base_Init                        0x08004479   Thumb Code    98  stm32h7xx_hal_tim.o(i.HAL_TIM_Base_Init)
    HAL_TIM_Base_MspInit                     0x080044dd   Thumb Code    50  tim.o(i.HAL_TIM_Base_MspInit)
    HAL_TIM_Base_Start_IT                    0x08004515   Thumb Code   106  stm32h7xx_hal_tim.o(i.HAL_TIM_Base_Start_IT)
    HAL_TIM_ConfigClockSource                0x080045a1   Thumb Code   248  stm32h7xx_hal_tim.o(i.HAL_TIM_ConfigClockSource)
    HAL_TIM_IC_CaptureCallback               0x0800469d   Thumb Code     2  stm32h7xx_hal_tim.o(i.HAL_TIM_IC_CaptureCallback)
    HAL_TIM_IRQHandler                       0x0800469f   Thumb Code   386  stm32h7xx_hal_tim.o(i.HAL_TIM_IRQHandler)
    HAL_TIM_OC_DelayElapsedCallback          0x08004821   Thumb Code     2  stm32h7xx_hal_tim.o(i.HAL_TIM_OC_DelayElapsedCallback)
    HAL_TIM_PWM_PulseFinishedCallback        0x08004823   Thumb Code     2  stm32h7xx_hal_tim.o(i.HAL_TIM_PWM_PulseFinishedCallback)
    HAL_TIM_PeriodElapsedCallback            0x08004825   Thumb Code    44  main.o(i.HAL_TIM_PeriodElapsedCallback)
    HAL_TIM_TriggerCallback                  0x08004865   Thumb Code     2  stm32h7xx_hal_tim.o(i.HAL_TIM_TriggerCallback)
    HAL_UARTEx_DisableFifoMode               0x08004867   Thumb Code    64  stm32h7xx_hal_uart_ex.o(i.HAL_UARTEx_DisableFifoMode)
    HAL_UARTEx_ReceiveToIdle_DMA             0x080048a7   Thumb Code    74  stm32h7xx_hal_uart_ex.o(i.HAL_UARTEx_ReceiveToIdle_DMA)
    HAL_UARTEx_RxEventCallback               0x080048f1   Thumb Code   182  main.o(i.HAL_UARTEx_RxEventCallback)
    HAL_UARTEx_RxFifoFullCallback            0x080049c1   Thumb Code     2  stm32h7xx_hal_uart_ex.o(i.HAL_UARTEx_RxFifoFullCallback)
    HAL_UARTEx_SetRxFifoThreshold            0x080049c3   Thumb Code    76  stm32h7xx_hal_uart_ex.o(i.HAL_UARTEx_SetRxFifoThreshold)
    HAL_UARTEx_SetTxFifoThreshold            0x08004a0f   Thumb Code    76  stm32h7xx_hal_uart_ex.o(i.HAL_UARTEx_SetTxFifoThreshold)
    HAL_UARTEx_TxFifoEmptyCallback           0x08004a5b   Thumb Code     2  stm32h7xx_hal_uart_ex.o(i.HAL_UARTEx_TxFifoEmptyCallback)
    HAL_UARTEx_WakeupCallback                0x08004a5d   Thumb Code     2  stm32h7xx_hal_uart_ex.o(i.HAL_UARTEx_WakeupCallback)
    HAL_UART_ErrorCallback                   0x08004a61   Thumb Code   178  main.o(i.HAL_UART_ErrorCallback)
    HAL_UART_IRQHandler                      0x08004b2d   Thumb Code   878  stm32h7xx_hal_uart.o(i.HAL_UART_IRQHandler)
    HAL_UART_Init                            0x08004eb5   Thumb Code   106  stm32h7xx_hal_uart.o(i.HAL_UART_Init)
    HAL_UART_MspInit                         0x08004f21   Thumb Code   182  usart.o(i.HAL_UART_MspInit)
    HAL_UART_RxCpltCallback                  0x08004fed   Thumb Code     2  stm32h7xx_hal_uart.o(i.HAL_UART_RxCpltCallback)
    HAL_UART_RxHalfCpltCallback              0x08004fef   Thumb Code     2  stm32h7xx_hal_uart.o(i.HAL_UART_RxHalfCpltCallback)
    HAL_UART_Transmit                        0x08004ff1   Thumb Code   176  stm32h7xx_hal_uart.o(i.HAL_UART_Transmit)
    HAL_UART_TxCpltCallback                  0x080050a1   Thumb Code     2  stm32h7xx_hal_uart.o(i.HAL_UART_TxCpltCallback)
    HardFault_Handler                        0x080050a3   Thumb Code     2  stm32h7xx_it.o(i.HardFault_Handler)
    MPU_Init                                 0x080053f5   Thumb Code   124  mpu6050.o(i.MPU_Init)
    MPU_Read_Byte                            0x08005489   Thumb Code    44  mpu6050.o(i.MPU_Read_Byte)
    MPU_Set_Accel_Fsr                        0x080054b9   Thumb Code    10  mpu6050.o(i.MPU_Set_Accel_Fsr)
    MPU_Set_Gyro_Fsr                         0x080054c3   Thumb Code    10  mpu6050.o(i.MPU_Set_Gyro_Fsr)
    MPU_Set_LPF                              0x080054cd   Thumb Code    48  mpu6050.o(i.MPU_Set_LPF)
    MPU_Set_Rate                             0x080054fd   Thumb Code    46  mpu6050.o(i.MPU_Set_Rate)
    MPU_Write_Byte                           0x0800552d   Thumb Code    44  mpu6050.o(i.MPU_Write_Byte)
    MX_DMA_Init                              0x0800555d   Thumb Code    40  dma.o(i.MX_DMA_Init)
    MX_GPIO_Init                             0x08005589   Thumb Code    54  gpio.o(i.MX_GPIO_Init)
    MX_I2C1_Init                             0x080055c5   Thumb Code    76  i2c.o(i.MX_I2C1_Init)
    MX_TIM2_Init                             0x0800561d   Thumb Code    94  tim.o(i.MX_TIM2_Init)
    MX_USART1_UART_Init                      0x08005685   Thumb Code    94  usart.o(i.MX_USART1_UART_Init)
    MemManage_Handler                        0x080056ed   Thumb Code     2  stm32h7xx_it.o(i.MemManage_Handler)
    MpuGetData                               0x080056f1   Thumb Code   212  mpu6050.o(i.MpuGetData)
    NMI_Handler                              0x080057d9   Thumb Code     2  stm32h7xx_it.o(i.NMI_Handler)
    PendSV_Handler                           0x080057db   Thumb Code     2  stm32h7xx_it.o(i.PendSV_Handler)
    SVC_Handler                              0x08005a1d   Thumb Code     2  stm32h7xx_it.o(i.SVC_Handler)
    SysTick_Handler                          0x08005a1f   Thumb Code     2  stm32h7xx_it.o(i.SysTick_Handler)
    SystemClock_Config                       0x08005a21   Thumb Code   154  main.o(i.SystemClock_Config)
    SystemInit                               0x08005ac5   Thumb Code   180  system_stm32h7xx.o(i.SystemInit)
    TIM1_UP_IRQHandler                       0x08005ba1   Thumb Code     6  stm32h7xx_it.o(i.TIM1_UP_IRQHandler)
    TIM2_IRQHandler                          0x08005bad   Thumb Code     6  stm32h7xx_it.o(i.TIM2_IRQHandler)
    TIM_Base_SetConfig                       0x08005bb9   Thumb Code   162  stm32h7xx_hal_tim.o(i.TIM_Base_SetConfig)
    TIM_ETR_SetConfig                        0x08005c7d   Thumb Code    18  stm32h7xx_hal_tim.o(i.TIM_ETR_SetConfig)
    UART_AdvFeatureConfig                    0x08005d31   Thumb Code   200  stm32h7xx_hal_uart.o(i.UART_AdvFeatureConfig)
    UART_CheckIdleState                      0x08005df9   Thumb Code   170  stm32h7xx_hal_uart.o(i.UART_CheckIdleState)
    UART_SetConfig                           0x0800602d   Thumb Code   876  stm32h7xx_hal_uart.o(i.UART_SetConfig)
    UART_Start_Receive_DMA                   0x080063d9   Thumb Code   156  stm32h7xx_hal_uart.o(i.UART_Start_Receive_DMA)
    UART_WaitOnFlagUntilTimeout              0x08006481   Thumb Code   140  stm32h7xx_hal_uart.o(i.UART_WaitOnFlagUntilTimeout)
    USART1_IRQHandler                        0x0800650d   Thumb Code     6  stm32h7xx_it.o(i.USART1_IRQHandler)
    UsageFault_Handler                       0x08006519   Thumb Code     2  stm32h7xx_it.o(i.UsageFault_Handler)
    __0printf                                0x0800651d   Thumb Code    22  printfa.o(i.__0printf)
    __1printf                                0x0800651d   Thumb Code     0  printfa.o(i.__0printf)
    __2printf                                0x0800651d   Thumb Code     0  printfa.o(i.__0printf)
    __c89printf                              0x0800651d   Thumb Code     0  printfa.o(i.__0printf)
    printf                                   0x0800651d   Thumb Code     0  printfa.o(i.__0printf)
    __ARM_fpclassify                         0x0800653d   Thumb Code    48  fpclassify.o(i.__ARM_fpclassify)
    __hardfp_asin                            0x08006591   Thumb Code   432  asin.o(i.__hardfp_asin)
    __hardfp_atan                            0x08006799   Thumb Code   402  atan.o(i.__hardfp_atan)
    __hardfp_atan2                           0x08006999   Thumb Code   380  atan2.o(i.__hardfp_atan2)
    __hardfp_sqrt                            0x08006b59   Thumb Code   102  sqrt.o(i.__hardfp_sqrt)
    __kernel_poly                            0x08006bbf   Thumb Code   112  poly.o(i.__kernel_poly)
    __mathlib_dbl_infnan                     0x08006c2f   Thumb Code     6  dunder.o(i.__mathlib_dbl_infnan)
    __mathlib_dbl_infnan2                    0x08006c35   Thumb Code     6  dunder.o(i.__mathlib_dbl_infnan2)
    __mathlib_dbl_invalid                    0x08006c41   Thumb Code    10  dunder.o(i.__mathlib_dbl_invalid)
    __mathlib_dbl_underflow                  0x08006c59   Thumb Code    10  dunder.o(i.__mathlib_dbl_underflow)
    __scatterload_copy                       0x08006c71   Thumb Code    14  handlers.o(i.__scatterload_copy)
    __scatterload_null                       0x08006c7f   Thumb Code     2  handlers.o(i.__scatterload_null)
    __scatterload_zeroinit                   0x08006c81   Thumb Code    14  handlers.o(i.__scatterload_zeroinit)
    __set_errno                              0x08006c91   Thumb Code     6  errno.o(i.__set_errno)
    atan                                     0x0800754f   Thumb Code    16  atan.o(i.atan)
    fabs                                     0x0800755f   Thumb Code    24  fabs.o(i.fabs)
    fputc                                    0x08007579   Thumb Code    26  usart.o(i.fputc)
    kalmanfiter                              0x08007599   Thumb Code    66  kalman.o(i.kalmanfiter)
    main                                     0x080075dd   Thumb Code   328  main.o(i.main)
    sqrt                                     0x08007745   Thumb Code   106  sqrt.o(i.sqrt)
    UARTPrescTable                           0x080077b6   Data          24  stm32h7xx_hal_uart.o(.constdata)
    D1CorePrescTable                         0x080077de   Data          16  system_stm32h7xx.o(.constdata)
    __mathlib_zero                           0x080078d8   Data           8  qnan.o(.constdata)
    Region$$Table$$Base                      0x080078e0   Number         0  anon$$obj.o(Region$$Table)
    Region$$Table$$Limit                     0x08007900   Number         0  anon$$obj.o(Region$$Table)
    uwTickFreq                               0x24000000   Data           1  stm32h7xx_hal.o(.data)
    uwTickPrio                               0x24000004   Data           4  stm32h7xx_hal.o(.data)
    uwTick                                   0x24000008   Data           4  stm32h7xx_hal.o(.data)
    SystemCoreClock                          0x2400000c   Data           4  system_stm32h7xx.o(.data)
    SystemD2Clock                            0x24000010   Data           4  system_stm32h7xx.o(.data)
    NumQ                                     0x2400006c   Data          16  imu.o(.data)
    __stdout                                 0x2400007c   Data           4  stdout.o(.data)
    rx_buff                                  0x24000084   Data         100  main.o(.bss)
    hi2c1                                    0x240000e8   Data          84  i2c.o(.bss)
    htim2                                    0x2400013c   Data          76  tim.o(.bss)
    huart1                                   0x24000188   Data         148  usart.o(.bss)
    hdma_usart1_rx                           0x2400021c   Data         120  usart.o(.bss)
    htim1                                    0x24000294   Data          76  stm32h7xx_hal_timebase_tim.o(.bss)
    MPU6050                                  0x240002e0   Data          12  init.o(.bss)
    Angle                                    0x240002ec   Data          12  init.o(.bss)
    MpuOffset                                0x240002f8   Data          12  mpu6050.o(.bss)
    GyroIntegError                           0x24000310   Data          12  imu.o(.bss)
    __initial_sp                             0x24000720   Data           0  startup_stm32h753xx.o(STACK)



==============================================================================

Memory Map of the image

  Image Entry point : 0x08000299

  Load Region LR_IROM1 (Base: 0x08000000, Size: 0x00007984, Max: 0x00200000, ABSOLUTE)

    Execution Region ER_IROM1 (Exec base: 0x08000000, Load base: 0x08000000, Size: 0x00007900, Max: 0x00200000, ABSOLUTE)

    Exec Addr    Load Addr    Size         Type   Attr      Idx    E Section Name        Object

    0x08000000   0x08000000   0x00000298   Data   RO            3    RESET               startup_stm32h753xx.o
    0x08000298   0x08000298   0x00000000   Code   RO         4852  * .ARM.Collect$$$$00000000  mc_w.l(entry.o)
    0x08000298   0x08000298   0x00000004   Code   RO         5159    .ARM.Collect$$$$00000001  mc_w.l(entry2.o)
    0x0800029c   0x0800029c   0x00000004   Code   RO         5162    .ARM.Collect$$$$00000004  mc_w.l(entry5.o)
    0x080002a0   0x080002a0   0x00000000   Code   RO         5164    .ARM.Collect$$$$00000008  mc_w.l(entry7b.o)
    0x080002a0   0x080002a0   0x00000000   Code   RO         5166    .ARM.Collect$$$$0000000A  mc_w.l(entry8b.o)
    0x080002a0   0x080002a0   0x00000008   Code   RO         5167    .ARM.Collect$$$$0000000B  mc_w.l(entry9a.o)
    0x080002a8   0x080002a8   0x00000000   Code   RO         5169    .ARM.Collect$$$$0000000D  mc_w.l(entry10a.o)
    0x080002a8   0x080002a8   0x00000000   Code   RO         5171    .ARM.Collect$$$$0000000F  mc_w.l(entry11a.o)
    0x080002a8   0x080002a8   0x00000004   Code   RO         5160    .ARM.Collect$$$$00002712  mc_w.l(entry2.o)
    0x080002ac   0x080002ac   0x00000024   Code   RO            4    .text               startup_stm32h753xx.o
    0x080002d0   0x080002d0   0x00000062   Code   RO         4855    .text               mc_w.l(uldiv.o)
    0x08000332   0x08000332   0x00000024   Code   RO         4857    .text               mc_w.l(memseta.o)
    0x08000356   0x08000356   0x0000002c   Code   RO         5174    .text               mc_w.l(uidiv.o)
    0x08000382   0x08000382   0x0000001e   Code   RO         5176    .text               mc_w.l(llshl.o)
    0x080003a0   0x080003a0   0x00000020   Code   RO         5178    .text               mc_w.l(llushr.o)
    0x080003c0   0x080003c0   0x00000000   Code   RO         5187    .text               mc_w.l(iusefp.o)
    0x080003c0   0x080003c0   0x0000014e   Code   RO         5188    .text               mf_w.l(dadd.o)
    0x0800050e   0x0800050e   0x000000e4   Code   RO         5190    .text               mf_w.l(dmul.o)
    0x080005f2   0x080005f2   0x000000de   Code   RO         5192    .text               mf_w.l(ddiv.o)
    0x080006d0   0x080006d0   0x00000030   Code   RO         5194    .text               mf_w.l(dfixul.o)
    0x08000700   0x08000700   0x00000030   Code   RO         5196    .text               mf_w.l(cdrcmple.o)
    0x08000730   0x08000730   0x00000024   Code   RO         5198    .text               mc_w.l(init.o)
    0x08000754   0x08000754   0x00000024   Code   RO         5200    .text               mc_w.l(llsshr.o)
    0x08000778   0x08000778   0x000000ba   Code   RO         5202    .text               mf_w.l(depilogue.o)
    0x08000832   0x08000832   0x00000002   Code   RO          408    i.BusFault_Handler  stm32h7xx_it.o
    0x08000834   0x08000834   0x0000000c   Code   RO          409    i.DMA1_Stream0_IRQHandler  stm32h7xx_it.o
    0x08000840   0x08000840   0x000000b4   Code   RO         1354    i.DMA_CalcBaseAndBitshift  stm32h7xx_hal_dma.o
    0x080008f4   0x080008f4   0x0000009c   Code   RO         1355    i.DMA_CalcDMAMUXChannelBaseAndMask  stm32h7xx_hal_dma.o
    0x08000990   0x08000990   0x00000074   Code   RO         1356    i.DMA_CalcDMAMUXRequestGenBaseAndMask  stm32h7xx_hal_dma.o
    0x08000a04   0x08000a04   0x00000054   Code   RO         1357    i.DMA_CheckFifoParam  stm32h7xx_hal_dma.o
    0x08000a58   0x08000a58   0x00000220   Code   RO         1358    i.DMA_SetConfig     stm32h7xx_hal_dma.o
    0x08000c78   0x08000c78   0x00000002   Code   RO          410    i.DebugMon_Handler  stm32h7xx_it.o
    0x08000c7a   0x08000c7a   0x00000004   Code   RO           13    i.Error_Handler     main.o
    0x08000c7e   0x08000c7e   0x00000002   PAD
    0x08000c80   0x08000c80   0x000004a0   Code   RO         4679    i.GetAngle          imu.o
    0x08001120   0x08001120   0x00000360   Code   RO         1359    i.HAL_DMA_Abort     stm32h7xx_hal_dma.o
    0x08001480   0x08001480   0x00000284   Code   RO         1360    i.HAL_DMA_Abort_IT  stm32h7xx_hal_dma.o
    0x08001704   0x08001704   0x000006e8   Code   RO         1364    i.HAL_DMA_IRQHandler  stm32h7xx_hal_dma.o
    0x08001dec   0x08001dec   0x000003c4   Code   RO         1365    i.HAL_DMA_Init      stm32h7xx_hal_dma.o
    0x080021b0   0x080021b0   0x0000029c   Code   RO         1369    i.HAL_DMA_Start_IT  stm32h7xx_hal_dma.o
    0x0800244c   0x0800244c   0x00000024   Code   RO         2068    i.HAL_Delay         stm32h7xx_hal.o
    0x08002470   0x08002470   0x0000022c   Code   RO         1207    i.HAL_GPIO_Init     stm32h7xx_hal_gpio.o
    0x0800269c   0x0800269c   0x0000000c   Code   RO         2079    i.HAL_GetREVID      stm32h7xx_hal.o
    0x080026a8   0x080026a8   0x0000000c   Code   RO         2080    i.HAL_GetTick       stm32h7xx_hal.o
    0x080026b4   0x080026b4   0x00000058   Code   RO         2845    i.HAL_I2CEx_ConfigAnalogFilter  stm32h7xx_hal_i2c_ex.o
    0x0800270c   0x0800270c   0x00000054   Code   RO         2846    i.HAL_I2CEx_ConfigDigitalFilter  stm32h7xx_hal_i2c_ex.o
    0x08002760   0x08002760   0x000000b8   Code   RO         2384    i.HAL_I2C_Init      stm32h7xx_hal_i2c.o
    0x08002818   0x08002818   0x00000164   Code   RO         2402    i.HAL_I2C_Mem_Read  stm32h7xx_hal_i2c.o
    0x0800297c   0x0800297c   0x00000158   Code   RO         2405    i.HAL_I2C_Mem_Write  stm32h7xx_hal_i2c.o
    0x08002ad4   0x08002ad4   0x00000084   Code   RO          273    i.HAL_I2C_MspInit   i2c.o
    0x08002b58   0x08002b58   0x00000010   Code   RO         2086    i.HAL_IncTick       stm32h7xx_hal.o
    0x08002b68   0x08002b68   0x0000005c   Code   RO         2087    i.HAL_Init          stm32h7xx_hal.o
    0x08002bc4   0x08002bc4   0x00000084   Code   RO          532    i.HAL_InitTick      stm32h7xx_hal_timebase_tim.o
    0x08002c48   0x08002c48   0x0000001c   Code   RO          573    i.HAL_MPU_Disable   stm32h7xx_hal_cortex.o
    0x08002c64   0x08002c64   0x00000024   Code   RO          574    i.HAL_MPU_Enable    stm32h7xx_hal_cortex.o
    0x08002c88   0x08002c88   0x0000001c   Code   RO          508    i.HAL_MspInit       stm32h7xx_hal_msp.o
    0x08002ca4   0x08002ca4   0x0000001a   Code   RO          577    i.HAL_NVIC_EnableIRQ  stm32h7xx_hal_cortex.o
    0x08002cbe   0x08002cbe   0x00000002   PAD
    0x08002cc0   0x08002cc0   0x00000040   Code   RO          583    i.HAL_NVIC_SetPriority  stm32h7xx_hal_cortex.o
    0x08002d00   0x08002d00   0x00000024   Code   RO          584    i.HAL_NVIC_SetPriorityGrouping  stm32h7xx_hal_cortex.o
    0x08002d24   0x08002d24   0x00000054   Code   RO         1808    i.HAL_PWREx_ConfigSupply  stm32h7xx_hal_pwr_ex.o
    0x08002d78   0x08002d78   0x00000024   Code   RO          828    i.HAL_RCCEx_GetD3PCLK1Freq  stm32h7xx_hal_rcc_ex.o
    0x08002d9c   0x08002d9c   0x00000144   Code   RO          830    i.HAL_RCCEx_GetPLL2ClockFreq  stm32h7xx_hal_rcc_ex.o
    0x08002ee0   0x08002ee0   0x00000144   Code   RO          831    i.HAL_RCCEx_GetPLL3ClockFreq  stm32h7xx_hal_rcc_ex.o
    0x08003024   0x08003024   0x000009ac   Code   RO          837    i.HAL_RCCEx_PeriphCLKConfig  stm32h7xx_hal_rcc_ex.o
    0x080039d0   0x080039d0   0x0000025c   Code   RO          713    i.HAL_RCC_ClockConfig  stm32h7xx_hal_rcc.o
    0x08003c2c   0x08003c2c   0x0000005c   Code   RO          717    i.HAL_RCC_GetClockConfig  stm32h7xx_hal_rcc.o
    0x08003c88   0x08003c88   0x00000044   Code   RO          718    i.HAL_RCC_GetHCLKFreq  stm32h7xx_hal_rcc.o
    0x08003ccc   0x08003ccc   0x00000024   Code   RO          720    i.HAL_RCC_GetPCLK1Freq  stm32h7xx_hal_rcc.o
    0x08003cf0   0x08003cf0   0x00000024   Code   RO          721    i.HAL_RCC_GetPCLK2Freq  stm32h7xx_hal_rcc.o
    0x08003d14   0x08003d14   0x00000138   Code   RO          722    i.HAL_RCC_GetSysClockFreq  stm32h7xx_hal_rcc.o
    0x08003e4c   0x08003e4c   0x00000582   Code   RO          725    i.HAL_RCC_OscConfig  stm32h7xx_hal_rcc.o
    0x080043ce   0x080043ce   0x00000002   Code   RO         3687    i.HAL_TIMEx_Break2Callback  stm32h7xx_hal_tim_ex.o
    0x080043d0   0x080043d0   0x00000002   Code   RO         3688    i.HAL_TIMEx_BreakCallback  stm32h7xx_hal_tim_ex.o
    0x080043d2   0x080043d2   0x00000002   Code   RO         3689    i.HAL_TIMEx_CommutCallback  stm32h7xx_hal_tim_ex.o
    0x080043d4   0x080043d4   0x000000a4   Code   RO         3709    i.HAL_TIMEx_MasterConfigSynchronization  stm32h7xx_hal_tim_ex.o
    0x08004478   0x08004478   0x00000062   Code   RO         2973    i.HAL_TIM_Base_Init  stm32h7xx_hal_tim.o
    0x080044da   0x080044da   0x00000002   PAD
    0x080044dc   0x080044dc   0x00000038   Code   RO          315    i.HAL_TIM_Base_MspInit  tim.o
    0x08004514   0x08004514   0x0000008c   Code   RO         2978    i.HAL_TIM_Base_Start_IT  stm32h7xx_hal_tim.o
    0x080045a0   0x080045a0   0x000000fc   Code   RO         2982    i.HAL_TIM_ConfigClockSource  stm32h7xx_hal_tim.o
    0x0800469c   0x0800469c   0x00000002   Code   RO         3007    i.HAL_TIM_IC_CaptureCallback  stm32h7xx_hal_tim.o
    0x0800469e   0x0800469e   0x00000182   Code   RO         3021    i.HAL_TIM_IRQHandler  stm32h7xx_hal_tim.o
    0x08004820   0x08004820   0x00000002   Code   RO         3024    i.HAL_TIM_OC_DelayElapsedCallback  stm32h7xx_hal_tim.o
    0x08004822   0x08004822   0x00000002   Code   RO         3051    i.HAL_TIM_PWM_PulseFinishedCallback  stm32h7xx_hal_tim.o
    0x08004824   0x08004824   0x00000040   Code   RO           14    i.HAL_TIM_PeriodElapsedCallback  main.o
    0x08004864   0x08004864   0x00000002   Code   RO         3064    i.HAL_TIM_TriggerCallback  stm32h7xx_hal_tim.o
    0x08004866   0x08004866   0x00000040   Code   RO         4398    i.HAL_UARTEx_DisableFifoMode  stm32h7xx_hal_uart_ex.o
    0x080048a6   0x080048a6   0x0000004a   Code   RO         4404    i.HAL_UARTEx_ReceiveToIdle_DMA  stm32h7xx_hal_uart_ex.o
    0x080048f0   0x080048f0   0x000000d0   Code   RO           15    i.HAL_UARTEx_RxEventCallback  main.o
    0x080049c0   0x080049c0   0x00000002   Code   RO         4406    i.HAL_UARTEx_RxFifoFullCallback  stm32h7xx_hal_uart_ex.o
    0x080049c2   0x080049c2   0x0000004c   Code   RO         4407    i.HAL_UARTEx_SetRxFifoThreshold  stm32h7xx_hal_uart_ex.o
    0x08004a0e   0x08004a0e   0x0000004c   Code   RO         4408    i.HAL_UARTEx_SetTxFifoThreshold  stm32h7xx_hal_uart_ex.o
    0x08004a5a   0x08004a5a   0x00000002   Code   RO         4410    i.HAL_UARTEx_TxFifoEmptyCallback  stm32h7xx_hal_uart_ex.o
    0x08004a5c   0x08004a5c   0x00000002   Code   RO         4411    i.HAL_UARTEx_WakeupCallback  stm32h7xx_hal_uart_ex.o
    0x08004a5e   0x08004a5e   0x00000002   PAD
    0x08004a60   0x08004a60   0x000000cc   Code   RO           16    i.HAL_UART_ErrorCallback  main.o
    0x08004b2c   0x08004b2c   0x00000388   Code   RO         4006    i.HAL_UART_IRQHandler  stm32h7xx_hal_uart.o
    0x08004eb4   0x08004eb4   0x0000006a   Code   RO         4007    i.HAL_UART_Init     stm32h7xx_hal_uart.o
    0x08004f1e   0x08004f1e   0x00000002   PAD
    0x08004f20   0x08004f20   0x000000cc   Code   RO          357    i.HAL_UART_MspInit  usart.o
    0x08004fec   0x08004fec   0x00000002   Code   RO         4014    i.HAL_UART_RxCpltCallback  stm32h7xx_hal_uart.o
    0x08004fee   0x08004fee   0x00000002   Code   RO         4015    i.HAL_UART_RxHalfCpltCallback  stm32h7xx_hal_uart.o
    0x08004ff0   0x08004ff0   0x000000b0   Code   RO         4016    i.HAL_UART_Transmit  stm32h7xx_hal_uart.o
    0x080050a0   0x080050a0   0x00000002   Code   RO         4019    i.HAL_UART_TxCpltCallback  stm32h7xx_hal_uart.o
    0x080050a2   0x080050a2   0x00000002   Code   RO          411    i.HardFault_Handler  stm32h7xx_it.o
    0x080050a4   0x080050a4   0x00000022   Code   RO         2431    i.I2C_Flush_TXDR    stm32h7xx_hal_i2c.o
    0x080050c6   0x080050c6   0x00000002   PAD
    0x080050c8   0x080050c8   0x00000110   Code   RO         2439    i.I2C_IsErrorOccurred  stm32h7xx_hal_i2c.o
    0x080051d8   0x080051d8   0x00000064   Code   RO         2444    i.I2C_RequestMemoryRead  stm32h7xx_hal_i2c.o
    0x0800523c   0x0800523c   0x00000064   Code   RO         2445    i.I2C_RequestMemoryWrite  stm32h7xx_hal_i2c.o
    0x080052a0   0x080052a0   0x00000030   Code   RO         2448    i.I2C_TransferConfig  stm32h7xx_hal_i2c.o
    0x080052d0   0x080052d0   0x0000006e   Code   RO         2450    i.I2C_WaitOnFlagUntilTimeout  stm32h7xx_hal_i2c.o
    0x0800533e   0x0800533e   0x00000058   Code   RO         2452    i.I2C_WaitOnSTOPFlagUntilTimeout  stm32h7xx_hal_i2c.o
    0x08005396   0x08005396   0x0000005c   Code   RO         2453    i.I2C_WaitOnTXISFlagUntilTimeout  stm32h7xx_hal_i2c.o
    0x080053f2   0x080053f2   0x00000002   PAD
    0x080053f4   0x080053f4   0x00000094   Code   RO         4575    i.MPU_Init          mpu6050.o
    0x08005488   0x08005488   0x00000030   Code   RO         4576    i.MPU_Read_Byte     mpu6050.o
    0x080054b8   0x080054b8   0x0000000a   Code   RO         4578    i.MPU_Set_Accel_Fsr  mpu6050.o
    0x080054c2   0x080054c2   0x0000000a   Code   RO         4579    i.MPU_Set_Gyro_Fsr  mpu6050.o
    0x080054cc   0x080054cc   0x00000030   Code   RO         4580    i.MPU_Set_LPF       mpu6050.o
    0x080054fc   0x080054fc   0x0000002e   Code   RO         4581    i.MPU_Set_Rate      mpu6050.o
    0x0800552a   0x0800552a   0x00000002   PAD
    0x0800552c   0x0800552c   0x00000030   Code   RO         4582    i.MPU_Write_Byte    mpu6050.o
    0x0800555c   0x0800555c   0x0000002c   Code   RO          248    i.MX_DMA_Init       dma.o
    0x08005588   0x08005588   0x0000003c   Code   RO          220    i.MX_GPIO_Init      gpio.o
    0x080055c4   0x080055c4   0x00000058   Code   RO          274    i.MX_I2C1_Init      i2c.o
    0x0800561c   0x0800561c   0x00000068   Code   RO          316    i.MX_TIM2_Init      tim.o
    0x08005684   0x08005684   0x00000068   Code   RO          358    i.MX_USART1_UART_Init  usart.o
    0x080056ec   0x080056ec   0x00000002   Code   RO          412    i.MemManage_Handler  stm32h7xx_it.o
    0x080056ee   0x080056ee   0x00000002   PAD
    0x080056f0   0x080056f0   0x000000e8   Code   RO         4584    i.MpuGetData        mpu6050.o
    0x080057d8   0x080057d8   0x00000002   Code   RO          413    i.NMI_Handler       stm32h7xx_it.o
    0x080057da   0x080057da   0x00000002   Code   RO          414    i.PendSV_Handler    stm32h7xx_it.o
    0x080057dc   0x080057dc   0x00000120   Code   RO          840    i.RCCEx_PLL2_Config  stm32h7xx_hal_rcc_ex.o
    0x080058fc   0x080058fc   0x00000120   Code   RO          841    i.RCCEx_PLL3_Config  stm32h7xx_hal_rcc_ex.o
    0x08005a1c   0x08005a1c   0x00000002   Code   RO          415    i.SVC_Handler       stm32h7xx_it.o
    0x08005a1e   0x08005a1e   0x00000002   Code   RO          416    i.SysTick_Handler   stm32h7xx_it.o
    0x08005a20   0x08005a20   0x000000a4   Code   RO           17    i.SystemClock_Config  main.o
    0x08005ac4   0x08005ac4   0x000000dc   Code   RO         4517    i.SystemInit        system_stm32h7xx.o
    0x08005ba0   0x08005ba0   0x0000000c   Code   RO          417    i.TIM1_UP_IRQHandler  stm32h7xx_it.o
    0x08005bac   0x08005bac   0x0000000c   Code   RO          418    i.TIM2_IRQHandler   stm32h7xx_it.o
    0x08005bb8   0x08005bb8   0x000000c4   Code   RO         3066    i.TIM_Base_SetConfig  stm32h7xx_hal_tim.o
    0x08005c7c   0x08005c7c   0x00000012   Code   RO         3077    i.TIM_ETR_SetConfig  stm32h7xx_hal_tim.o
    0x08005c8e   0x08005c8e   0x00000002   PAD
    0x08005c90   0x08005c90   0x00000014   Code   RO         3078    i.TIM_ITRx_SetConfig  stm32h7xx_hal_tim.o
    0x08005ca4   0x08005ca4   0x00000022   Code   RO         3086    i.TIM_TI1_ConfigInputStage  stm32h7xx_hal_tim.o
    0x08005cc6   0x08005cc6   0x00000024   Code   RO         3088    i.TIM_TI2_ConfigInputStage  stm32h7xx_hal_tim.o
    0x08005cea   0x08005cea   0x00000002   PAD
    0x08005cec   0x08005cec   0x00000044   Code   RO         4412    i.UARTEx_SetNbDataToProcess  stm32h7xx_hal_uart_ex.o
    0x08005d30   0x08005d30   0x000000c8   Code   RO         4021    i.UART_AdvFeatureConfig  stm32h7xx_hal_uart.o
    0x08005df8   0x08005df8   0x000000aa   Code   RO         4022    i.UART_CheckIdleState  stm32h7xx_hal_uart.o
    0x08005ea2   0x08005ea2   0x00000014   Code   RO         4023    i.UART_DMAAbortOnError  stm32h7xx_hal_uart.o
    0x08005eb6   0x08005eb6   0x0000004e   Code   RO         4024    i.UART_DMAError     stm32h7xx_hal_uart.o
    0x08005f04   0x08005f04   0x00000082   Code   RO         4025    i.UART_DMAReceiveCplt  stm32h7xx_hal_uart.o
    0x08005f86   0x08005f86   0x00000020   Code   RO         4027    i.UART_DMARxHalfCplt  stm32h7xx_hal_uart.o
    0x08005fa6   0x08005fa6   0x00000002   PAD
    0x08005fa8   0x08005fa8   0x00000054   Code   RO         4033    i.UART_EndRxTransfer  stm32h7xx_hal_uart.o
    0x08005ffc   0x08005ffc   0x0000002e   Code   RO         4034    i.UART_EndTxTransfer  stm32h7xx_hal_uart.o
    0x0800602a   0x0800602a   0x00000002   PAD
    0x0800602c   0x0800602c   0x000003ac   Code   RO         4039    i.UART_SetConfig    stm32h7xx_hal_uart.o
    0x080063d8   0x080063d8   0x000000a8   Code   RO         4040    i.UART_Start_Receive_DMA  stm32h7xx_hal_uart.o
    0x08006480   0x08006480   0x0000008c   Code   RO         4046    i.UART_WaitOnFlagUntilTimeout  stm32h7xx_hal_uart.o
    0x0800650c   0x0800650c   0x0000000c   Code   RO          419    i.USART1_IRQHandler  stm32h7xx_it.o
    0x08006518   0x08006518   0x00000002   Code   RO          420    i.UsageFault_Handler  stm32h7xx_it.o
    0x0800651a   0x0800651a   0x00000002   PAD
    0x0800651c   0x0800651c   0x00000020   Code   RO         5092    i.__0printf         mc_w.l(printfa.o)
    0x0800653c   0x0800653c   0x00000030   Code   RO         5154    i.__ARM_fpclassify  m_wv.l(fpclassify.o)
    0x0800656c   0x0800656c   0x00000022   Code   RO          590    i.__NVIC_SetPriority  stm32h7xx_hal_cortex.o
    0x0800658e   0x0800658e   0x00000002   PAD
    0x08006590   0x08006590   0x00000208   Code   RO         4814    i.__hardfp_asin     m_wv.l(asin.o)
    0x08006798   0x08006798   0x00000200   Code   RO         5120    i.__hardfp_atan     m_wv.l(atan.o)
    0x08006998   0x08006998   0x000001c0   Code   RO         4828    i.__hardfp_atan2    m_wv.l(atan2.o)
    0x08006b58   0x08006b58   0x00000066   Code   RO         4840    i.__hardfp_sqrt     m_wv.l(sqrt.o)
    0x08006bbe   0x08006bbe   0x00000070   Code   RO         5156    i.__kernel_poly     m_wv.l(poly.o)
    0x08006c2e   0x08006c2e   0x00000006   Code   RO         5135    i.__mathlib_dbl_infnan  m_wv.l(dunder.o)
    0x08006c34   0x08006c34   0x00000006   Code   RO         5136    i.__mathlib_dbl_infnan2  m_wv.l(dunder.o)
    0x08006c3a   0x08006c3a   0x00000006   PAD
    0x08006c40   0x08006c40   0x00000018   Code   RO         5137    i.__mathlib_dbl_invalid  m_wv.l(dunder.o)
    0x08006c58   0x08006c58   0x00000018   Code   RO         5140    i.__mathlib_dbl_underflow  m_wv.l(dunder.o)
    0x08006c70   0x08006c70   0x0000000e   Code   RO         5206    i.__scatterload_copy  mc_w.l(handlers.o)
    0x08006c7e   0x08006c7e   0x00000002   Code   RO         5207    i.__scatterload_null  mc_w.l(handlers.o)
    0x08006c80   0x08006c80   0x0000000e   Code   RO         5208    i.__scatterload_zeroinit  mc_w.l(handlers.o)
    0x08006c8e   0x08006c8e   0x00000002   PAD
    0x08006c90   0x08006c90   0x0000000c   Code   RO         5182    i.__set_errno       mc_w.l(errno.o)
    0x08006c9c   0x08006c9c   0x00000184   Code   RO         5099    i._fp_digits        mc_w.l(printfa.o)
    0x08006e20   0x08006e20   0x000006dc   Code   RO         5100    i._printf_core      mc_w.l(printfa.o)
    0x080074fc   0x080074fc   0x00000024   Code   RO         5101    i._printf_post_padding  mc_w.l(printfa.o)
    0x08007520   0x08007520   0x0000002e   Code   RO         5102    i._printf_pre_padding  mc_w.l(printfa.o)
    0x0800754e   0x0800754e   0x00000010   Code   RO         5122    i.atan              m_wv.l(atan.o)
    0x0800755e   0x0800755e   0x00000018   Code   RO         5150    i.fabs              m_wv.l(fabs.o)
    0x08007576   0x08007576   0x00000002   PAD
    0x08007578   0x08007578   0x00000020   Code   RO          359    i.fputc             usart.o
    0x08007598   0x08007598   0x00000042   Code   RO         4799    i.kalmanfiter       kalman.o
    0x080075da   0x080075da   0x00000002   PAD
    0x080075dc   0x080075dc   0x00000168   Code   RO           18    i.main              main.o
    0x08007744   0x08007744   0x0000006a   Code   RO         4842    i.sqrt              m_wv.l(sqrt.o)
    0x080077ae   0x080077ae   0x00000008   Data   RO         1371    .constdata          stm32h7xx_hal_dma.o
    0x080077b6   0x080077b6   0x00000018   Data   RO         4047    .constdata          stm32h7xx_hal_uart.o
    0x080077ce   0x080077ce   0x00000010   Data   RO         4413    .constdata          stm32h7xx_hal_uart_ex.o
    0x080077de   0x080077de   0x00000010   Data   RO         4518    .constdata          system_stm32h7xx.o
    0x080077ee   0x080077ee   0x00000002   PAD
    0x080077f0   0x080077f0   0x00000050   Data   RO         4817    .constdata          m_wv.l(asin.o)
    0x08007840   0x08007840   0x00000098   Data   RO         5123    .constdata          m_wv.l(atan.o)
    0x080078d8   0x080078d8   0x00000008   Data   RO         5158    .constdata          m_wv.l(qnan.o)
    0x080078e0   0x080078e0   0x00000020   Data   RO         5204    Region$$Table       anon$$obj.o


    Execution Region RW_IRAM1 (Exec base: 0x20000000, Load base: 0x08007900, Size: 0x00000000, Max: 0x00020000, ABSOLUTE)

    **** No section assigned to this execution region ****


    Execution Region RW_IRAM2 (Exec base: 0x24000000, Load base: 0x08007900, Size: 0x00000720, Max: 0x00080000, ABSOLUTE)

    Exec Addr    Load Addr    Size         Type   Attr      Idx    E Section Name        Object

    0x24000000   0x08007900   0x0000000c   Data   RW         2109    .data               stm32h7xx_hal.o
    0x2400000c   0x0800790c   0x00000008   Data   RW         4519    .data               system_stm32h7xx.o
    0x24000014   0x08007914   0x0000004c   Data   RW         4586    .data               mpu6050.o
    0x24000060   0x08007960   0x0000001c   Data   RW         4687    .data               imu.o
    0x2400007c   0x0800797c   0x00000004   Data   RW         5173    .data               mc_w.l(stdout.o)
    0x24000080   0x08007980   0x00000004   Data   RW         5183    .data               mc_w.l(errno.o)
    0x24000084        -       0x00000064   Zero   RW           19    .bss                main.o
    0x240000e8        -       0x00000054   Zero   RW          275    .bss                i2c.o
    0x2400013c        -       0x0000004c   Zero   RW          317    .bss                tim.o
    0x24000188        -       0x0000010c   Zero   RW          360    .bss                usart.o
    0x24000294        -       0x0000004c   Zero   RW          535    .bss                stm32h7xx_hal_timebase_tim.o
    0x240002e0        -       0x0000000c   Zero   RW         4550    .bss                init.o
    0x240002ec        -       0x0000000c   Zero   RW         4551    .bss                init.o
    0x240002f8        -       0x00000018   Zero   RW         4585    .bss                mpu6050.o
    0x24000310        -       0x0000000c   Zero   RW         4681    .bss                imu.o
    0x2400031c   0x08007984   0x00000004   PAD
    0x24000320        -       0x00000400   Zero   RW            1    STACK               startup_stm32h753xx.o


==============================================================================

Image component sizes


      Code (inc. data)   RO Data    RW Data    ZI Data      Debug   Object Name

        44          4          0          0          0        914   dma.o
        60          6          0          0          0        959   gpio.o
       220         24          0          0         84       1913   i2c.o
      1184         68          0         28         12       3291   imu.o
         0          0          0          0         24       1566   init.o
        66          0          0          0          0       1282   kalman.o
      1004        114          0          0        100    1337846   main.o
       590         52          0         76         24       6230   mpu6050.o
        36          8        664          0       1024        844   startup_stm32h753xx.o
       168         36          0         12          0      22785   stm32h7xx_hal.o
       224         22          0          0          0      40037   stm32h7xx_hal_cortex.o
      5988        246          8          0          0      12018   stm32h7xx_hal_dma.o
       556         50          0          0          0       1672   stm32h7xx_hal_gpio.o
      1728         38          0          0          0      12574   stm32h7xx_hal_i2c.o
       172          0          0          0          0       2115   stm32h7xx_hal_i2c_ex.o
        28          6          0          0          0        946   stm32h7xx_hal_msp.o
        84          6          0          0          0        797   stm32h7xx_hal_pwr_ex.o
      2558        110          0          0          0       7941   stm32h7xx_hal_rcc.o
      3736        118          0          0          0       7945   stm32h7xx_hal_rcc_ex.o
      1188         84          0          0          0      10493   stm32h7xx_hal_tim.o
       170         30          0          0          0       3276   stm32h7xx_hal_tim_ex.o
       132         22          0          0         76       1607   stm32h7xx_hal_timebase_tim.o
      3200        150         24          0          0      34879   stm32h7xx_hal_uart.o
       364          6         16          0          0       6489   stm32h7xx_hal_uart_ex.o
        66         24          0          0          0       6135   stm32h7xx_it.o
       220         40         16          8          0       1562   system_stm32h7xx.o
       160         16          0          0         76       1858   tim.o
       340         38          0          0        268       4085   usart.o

    ----------------------------------------------------------------------
     24318       1318        762        124       1692    1534059   Object Totals
         0          0         32          0          0          0   (incl. Generated)
        32          0          2          0          4          0   (incl. Padding)

    ----------------------------------------------------------------------

      Code (inc. data)   RO Data    RW Data    ZI Data      Debug   Library Member Name

       520         88         80          0          0        252   asin.o
       528        110        152          0          0        348   atan.o
       448         68          0          0          0        180   atan2.o
        60         28          0          0          0        464   dunder.o
        24          0          0          0          0        124   fabs.o
        48          0          0          0          0        124   fpclassify.o
       112          0          0          0          0        116   poly.o
         0          0          8          0          0          0   qnan.o
       208          0          0          0          0        280   sqrt.o
         0          0          0          0          0          0   entry.o
         0          0          0          0          0          0   entry10a.o
         0          0          0          0          0          0   entry11a.o
         8          4          0          0          0          0   entry2.o
         4          0          0          0          0          0   entry5.o
         0          0          0          0          0          0   entry7b.o
         0          0          0          0          0          0   entry8b.o
         8          4          0          0          0          0   entry9a.o
        12          6          0          4          0         68   errno.o
        30          0          0          0          0          0   handlers.o
        36          8          0          0          0         68   init.o
         0          0          0          0          0          0   iusefp.o
        30          0          0          0          0         68   llshl.o
        36          0          0          0          0         68   llsshr.o
        32          0          0          0          0         68   llushr.o
        36          0          0          0          0        108   memseta.o
      2258         90          0          0          0        452   printfa.o
         0          0          0          4          0          0   stdout.o
        44          0          0          0          0         80   uidiv.o
        98          0          0          0          0         92   uldiv.o
        48          0          0          0          0         68   cdrcmple.o
       334          0          0          0          0        148   dadd.o
       222          0          0          0          0        100   ddiv.o
       186          0          0          0          0        176   depilogue.o
        48          0          0          0          0         68   dfixul.o
       228          0          0          0          0         96   dmul.o

    ----------------------------------------------------------------------
      5656        406        240          8          0       3616   Library Totals
        10          0          0          0          0          0   (incl. Padding)

    ----------------------------------------------------------------------

      Code (inc. data)   RO Data    RW Data    ZI Data      Debug   Library Name

      1948        294        240          0          0       1888   m_wv.l
      2632        112          0          8          0       1072   mc_w.l
      1066          0          0          0          0        656   mf_w.l

    ----------------------------------------------------------------------
      5656        406        240          8          0       3616   Library Totals

    ----------------------------------------------------------------------

==============================================================================


      Code (inc. data)   RO Data    RW Data    ZI Data      Debug   

     29974       1724       1002        132       1692    1523547   Grand Totals
     29974       1724       1002        132       1692    1523547   ELF Image Totals
     29974       1724       1002        132          0          0   ROM Totals

==============================================================================

    Total RO  Size (Code + RO Data)                30976 (  30.25kB)
    Total RW  Size (RW Data + ZI Data)              1824 (   1.78kB)
    Total ROM Size (Code + RO Data + RW Data)      31108 (  30.38kB)

==============================================================================

